
Map of Debug\i2c_master_poll.sm8 from link file Debug\i2c_master_poll.lkf - Thu Jul 06 23:29:59 2017


                               --------
                               Segments
                               --------

start 00008080 end 0000818f length   271 segment .const
start 00008199 end 0000a5cb length  9266 segment .text
start 00004000 end 00004000 length     0 segment .eeprom
start 00000000 end 00000000 length     0 segment .bsct
start 00000000 end 0000000a length    10 segment .ubsct
start 0000000a end 0000000a length     0 segment .bit
start 0000000a end 0000000a length     0 segment .share
start 00000100 end 00000102 length     2 segment .data, initialized
start 00008197 end 00008199 length     2 segment .data, from
start 00000102 end 00000550 length  1102 segment .bss
start 00000000 end 0000f4c0 length 62656 segment .debug
start 00008000 end 00008080 length   128 segment .const
start 0000818f end 00008197 length     8 segment .init


                               -------
                               Modules
                               -------

D:\Program Files (x86)\COSMIC\CXSTM8\Lib\crtsi0.sm8:
start 00008199 end 000081e4 length    75 section .text
start 00000102 end 00000102 length     0 section .bss
start 00000000 end 00000000 length     0 section .ubsct

Debug\stm8s_clk.o:
start 00000000 end 00001657 length  5719 section .debug
start 00008080 end 000080c6 length    70 section .const
start ******** end ******** length     0 section .text *** removed ***
start ******** end ******** length     0 section .text *** removed ***
start ******** end ******** length     0 section .text *** removed ***
start ******** end ******** length     0 section .text *** removed ***
start ******** end ******** length     0 section .text *** removed ***
start ******** end ******** length     0 section .text *** removed ***
start ******** end ******** length     0 section .text *** removed ***
start ******** end ******** length     0 section .text *** removed ***
start ******** end ******** length     0 section .text *** removed ***
start ******** end ******** length     0 section .text *** removed ***
start ******** end ******** length     0 section .text *** removed ***
start ******** end ******** length     0 section .text *** removed ***
start ******** end ******** length     0 section .text *** removed ***
start ******** end ******** length     0 section .text *** removed ***
start ******** end ******** length     0 section .text *** removed ***
start ******** end ******** length     0 section .text *** removed ***
start ******** end ******** length     0 section .text *** removed ***
start 000081e4 end 00008269 length   133 section .text
start ******** end ******** length     0 section .text *** removed ***
start ******** end ******** length     0 section .text *** removed ***
start ******** end ******** length     0 section .text *** removed ***
start ******** end ******** length     0 section .text *** removed ***
start ******** end ******** length     0 section .text *** removed ***

Debug\stm8s_exti.o:
start 00001657 end 00001ade length  1159 section .debug
start ******** end ******** length     0 section .text *** removed ***
start ******** end ******** length     0 section .text *** removed ***
start ******** end ******** length     0 section .text *** removed ***
start ******** end ******** length     0 section .text *** removed ***
start ******** end ******** length     0 section .text *** removed ***
start ******** end ******** length     0 section .const *** removed ***

Debug\stm8s_gpio.o:
start 00001ade end 000024e4 length  2566 section .debug
start ******** end ******** length     0 section .text *** removed ***
start 00008269 end 00008345 length   220 section .text
start ******** end ******** length     0 section .text *** removed ***
start 00008345 end 0000834c length     7 section .text
start ******** end ******** length     0 section .text *** removed ***
start 0000834c end 00008353 length     7 section .text
start ******** end ******** length     0 section .text *** removed ***
start ******** end ******** length     0 section .text *** removed ***
start ******** end ******** length     0 section .text *** removed ***
start ******** end ******** length     0 section .text *** removed ***
start 000080c6 end 00008101 length    59 section .const

Debug\stm8s_i2c.o:
start 000024e4 end 00003a41 length  5469 section .debug
start 00008353 end 00008378 length    37 section .text
start 00008101 end 00008147 length    70 section .const
start 00008378 end 0000857a length   514 section .text
start 0000857a end 000085a5 length    43 section .text
start ******** end ******** length     0 section .text *** removed ***
start ******** end ******** length     0 section .text *** removed ***
start ******** end ******** length     0 section .text *** removed ***
start 000085a5 end 000085d0 length    43 section .text
start ******** end ******** length     0 section .text *** removed ***
start 000085d0 end 0000860f length    63 section .text
start ******** end ******** length     0 section .text *** removed ***
start ******** end ******** length     0 section .text *** removed ***
start ******** end ******** length     0 section .text *** removed ***
start ******** end ******** length     0 section .text *** removed ***
start ******** end ******** length     0 section .text *** removed ***
start ******** end ******** length     0 section .text *** removed ***
start ******** end ******** length     0 section .text *** removed ***
start ******** end ******** length     0 section .text *** removed ***
start ******** end ******** length     0 section .text *** removed ***
start ******** end ******** length     0 section .text *** removed ***
start ******** end ******** length     0 section .text *** removed ***

Debug\stm8s_itc.o:
start 00003a41 end 00004034 length  1523 section .debug
start ******** end ******** length     0 section .text *** removed ***
start ******** end ******** length     0 section .text *** removed ***
start ******** end ******** length     0 section .text *** removed ***
start ******** end ******** length     0 section .const *** removed ***
start ******** end ******** length     0 section .text *** removed ***
start ******** end ******** length     0 section .text *** removed ***

Debug\stm8s_rst.o:
start 00004034 end 00004263 length   559 section .debug
start ******** end ******** length     0 section .text *** removed ***
start ******** end ******** length     0 section .text *** removed ***
start ******** end ******** length     0 section .const *** removed ***

Debug\stm8s_tim1.o:
start 00004263 end 00008119 length 16054 section .debug
start ******** end ******** length     0 section .text *** removed ***
start ******** end ******** length     0 section .text *** removed ***
start ******** end ******** length     0 section .text *** removed ***
start ******** end ******** length     0 section .text *** removed ***
start ******** end ******** length     0 section .text *** removed ***
start ******** end ******** length     0 section .text *** removed ***
start ******** end ******** length     0 section .text *** removed ***
start ******** end ******** length     0 section .text *** removed ***
start ******** end ******** length     0 section .text *** removed ***
start ******** end ******** length     0 section .text *** removed ***
start ******** end ******** length     0 section .text *** removed ***
start ******** end ******** length     0 section .text *** removed ***
start ******** end ******** length     0 section .text *** removed ***
start ******** end ******** length     0 section .text *** removed ***
start ******** end ******** length     0 section .text *** removed ***
start ******** end ******** length     0 section .text *** removed ***
start ******** end ******** length     0 section .text *** removed ***
start ******** end ******** length     0 section .text *** removed ***
start ******** end ******** length     0 section .text *** removed ***
start ******** end ******** length     0 section .text *** removed ***
start ******** end ******** length     0 section .text *** removed ***
start ******** end ******** length     0 section .text *** removed ***
start ******** end ******** length     0 section .text *** removed ***
start ******** end ******** length     0 section .text *** removed ***
start ******** end ******** length     0 section .text *** removed ***
start ******** end ******** length     0 section .text *** removed ***
start ******** end ******** length     0 section .text *** removed ***
start ******** end ******** length     0 section .text *** removed ***
start ******** end ******** length     0 section .text *** removed ***
start ******** end ******** length     0 section .text *** removed ***
start ******** end ******** length     0 section .text *** removed ***
start ******** end ******** length     0 section .text *** removed ***
start ******** end ******** length     0 section .text *** removed ***
start ******** end ******** length     0 section .text *** removed ***
start ******** end ******** length     0 section .text *** removed ***
start ******** end ******** length     0 section .text *** removed ***
start ******** end ******** length     0 section .text *** removed ***
start ******** end ******** length     0 section .text *** removed ***
start ******** end ******** length     0 section .text *** removed ***
start ******** end ******** length     0 section .text *** removed ***
start ******** end ******** length     0 section .text *** removed ***
start ******** end ******** length     0 section .text *** removed ***
start ******** end ******** length     0 section .text *** removed ***
start ******** end ******** length     0 section .text *** removed ***
start ******** end ******** length     0 section .text *** removed ***
start ******** end ******** length     0 section .text *** removed ***
start ******** end ******** length     0 section .text *** removed ***
start ******** end ******** length     0 section .text *** removed ***
start ******** end ******** length     0 section .text *** removed ***
start ******** end ******** length     0 section .text *** removed ***
start ******** end ******** length     0 section .text *** removed ***
start ******** end ******** length     0 section .text *** removed ***
start ******** end ******** length     0 section .text *** removed ***
start ******** end ******** length     0 section .text *** removed ***
start ******** end ******** length     0 section .text *** removed ***
start ******** end ******** length     0 section .text *** removed ***
start ******** end ******** length     0 section .text *** removed ***
start ******** end ******** length     0 section .text *** removed ***
start ******** end ******** length     0 section .text *** removed ***
start ******** end ******** length     0 section .text *** removed ***
start ******** end ******** length     0 section .text *** removed ***
start ******** end ******** length     0 section .text *** removed ***
start ******** end ******** length     0 section .text *** removed ***
start ******** end ******** length     0 section .text *** removed ***
start ******** end ******** length     0 section .text *** removed ***
start ******** end ******** length     0 section .text *** removed ***
start ******** end ******** length     0 section .text *** removed ***
start ******** end ******** length     0 section .text *** removed ***
start ******** end ******** length     0 section .text *** removed ***
start ******** end ******** length     0 section .text *** removed ***
start ******** end ******** length     0 section .text *** removed ***
start ******** end ******** length     0 section .text *** removed ***
start ******** end ******** length     0 section .text *** removed ***
start ******** end ******** length     0 section .text *** removed ***
start ******** end ******** length     0 section .text *** removed ***
start ******** end ******** length     0 section .text *** removed ***
start ******** end ******** length     0 section .text *** removed ***
start ******** end ******** length     0 section .text *** removed ***
start ******** end ******** length     0 section .const *** removed ***

Debug\stm8s_tim2.o:
start 00008119 end 0000a39d length  8836 section .debug
start ******** end ******** length     0 section .text *** removed ***
start ******** end ******** length     0 section .text *** removed ***
start ******** end ******** length     0 section .text *** removed ***
start ******** end ******** length     0 section .text *** removed ***
start ******** end ******** length     0 section .text *** removed ***
start ******** end ******** length     0 section .text *** removed ***
start ******** end ******** length     0 section .text *** removed ***
start ******** end ******** length     0 section .text *** removed ***
start ******** end ******** length     0 section .text *** removed ***
start ******** end ******** length     0 section .text *** removed ***
start ******** end ******** length     0 section .text *** removed ***
start ******** end ******** length     0 section .text *** removed ***
start ******** end ******** length     0 section .text *** removed ***
start ******** end ******** length     0 section .text *** removed ***
start ******** end ******** length     0 section .text *** removed ***
start ******** end ******** length     0 section .text *** removed ***
start ******** end ******** length     0 section .text *** removed ***
start ******** end ******** length     0 section .text *** removed ***
start ******** end ******** length     0 section .text *** removed ***
start ******** end ******** length     0 section .text *** removed ***
start ******** end ******** length     0 section .text *** removed ***
start ******** end ******** length     0 section .text *** removed ***
start ******** end ******** length     0 section .text *** removed ***
start ******** end ******** length     0 section .text *** removed ***
start ******** end ******** length     0 section .text *** removed ***
start ******** end ******** length     0 section .text *** removed ***
start ******** end ******** length     0 section .text *** removed ***
start ******** end ******** length     0 section .text *** removed ***
start ******** end ******** length     0 section .text *** removed ***
start ******** end ******** length     0 section .text *** removed ***
start ******** end ******** length     0 section .text *** removed ***
start ******** end ******** length     0 section .text *** removed ***
start ******** end ******** length     0 section .text *** removed ***
start ******** end ******** length     0 section .text *** removed ***
start ******** end ******** length     0 section .text *** removed ***
start ******** end ******** length     0 section .text *** removed ***
start ******** end ******** length     0 section .text *** removed ***
start ******** end ******** length     0 section .text *** removed ***
start ******** end ******** length     0 section .text *** removed ***
start ******** end ******** length     0 section .text *** removed ***
start ******** end ******** length     0 section .text *** removed ***
start ******** end ******** length     0 section .text *** removed ***
start ******** end ******** length     0 section .text *** removed ***
start ******** end ******** length     0 section .text *** removed ***
start ******** end ******** length     0 section .text *** removed ***
start ******** end ******** length     0 section .text *** removed ***
start ******** end ******** length     0 section .const *** removed ***

Debug\stm8s_tim4.o:
start 0000a39d end 0000af40 length  2979 section .debug
start ******** end ******** length     0 section .text *** removed ***
start ******** end ******** length     0 section .text *** removed ***
start ******** end ******** length     0 section .text *** removed ***
start ******** end ******** length     0 section .text *** removed ***
start ******** end ******** length     0 section .text *** removed ***
start ******** end ******** length     0 section .text *** removed ***
start ******** end ******** length     0 section .text *** removed ***
start ******** end ******** length     0 section .text *** removed ***
start ******** end ******** length     0 section .text *** removed ***
start ******** end ******** length     0 section .text *** removed ***
start ******** end ******** length     0 section .text *** removed ***
start ******** end ******** length     0 section .text *** removed ***
start ******** end ******** length     0 section .text *** removed ***
start ******** end ******** length     0 section .text *** removed ***
start ******** end ******** length     0 section .text *** removed ***
start ******** end ******** length     0 section .text *** removed ***
start ******** end ******** length     0 section .text *** removed ***
start ******** end ******** length     0 section .text *** removed ***
start ******** end ******** length     0 section .const *** removed ***

Debug\stm8s_uart2.o:
start 0000af40 end 0000c4e2 length  5538 section .debug
start 0000860f end 00008638 length    41 section .text
start 00008147 end 0000818b length    68 section .const
start 00008638 end 0000888f length   599 section .text
start 0000888f end 0000889d length    14 section .text
start 0000889d end 00008998 length   251 section .text
start ******** end ******** length     0 section .text *** removed ***
start ******** end ******** length     0 section .text *** removed ***
start ******** end ******** length     0 section .text *** removed ***
start ******** end ******** length     0 section .text *** removed ***
start ******** end ******** length     0 section .text *** removed ***
start ******** end ******** length     0 section .text *** removed ***
start ******** end ******** length     0 section .text *** removed ***
start ******** end ******** length     0 section .text *** removed ***
start ******** end ******** length     0 section .text *** removed ***
start ******** end ******** length     0 section .text *** removed ***
start ******** end ******** length     0 section .text *** removed ***
start ******** end ******** length     0 section .text *** removed ***
start ******** end ******** length     0 section .text *** removed ***
start ******** end ******** length     0 section .text *** removed ***
start ******** end ******** length     0 section .text *** removed ***
start ******** end ******** length     0 section .text *** removed ***
start ******** end ******** length     0 section .text *** removed ***
start ******** end ******** length     0 section .text *** removed ***
start ******** end ******** length     0 section .text *** removed ***
start ******** end ******** length     0 section .text *** removed ***
start ******** end ******** length     0 section .text *** removed ***

Debug\i2c.o:
start 00000102 end 00000154 length    82 section .bss
start 0000c4e2 end 0000cdb0 length  2254 section .debug
start 00008998 end 00008a1f length   135 section .text
start 00008a1f end 00008a69 length    74 section .text
start 00008a69 end 00008be8 length   383 section .text
start 00008be8 end 00008d93 length   427 section .text
start 00008d93 end 00008e42 length   175 section .text
start 00008e42 end 00008ea8 length   102 section .text
start 00008ea8 end 00008f3b length   147 section .text
start 00008f3b end 00008fe0 length   165 section .text
start 00008fe0 end 0000902e length    78 section .text

Debug\i2c_master_poll.o:
start 00000154 end 00000156 length     2 section .bss
start 0000cdb0 end 0000d1d1 length  1057 section .debug
start 0000818b end 0000818f length     4 section .const
start 0000902e end 000090a0 length   114 section .text
start 000090a0 end 0000916f length   207 section .text
start ******** end ******** length     0 section .text *** removed ***
start 0000916f end 00009340 length   465 section .text
start 00009340 end 0000934d length    13 section .text
start 0000934d end 00009369 length    28 section .text

Debug\main.o:
start ******** end ******** length     0 section .data *** removed ***
start 00000156 end 0000016c length    22 section .bss
start 0000d1d1 end 0000d451 length   640 section .debug
start ******** end ******** length     0 section .const *** removed ***
start 00009369 end 0000947a length   273 section .text
start 0000947a end 00009568 length   238 section .text
start 00009568 end 0000956a length     2 section .text

Debug\stm8s_it.o:
start 0000d451 end 0000da49 length  1528 section .debug
start ******** end ******** length     0 section .text *** removed ***
start ******** end ******** length     0 section .text *** removed ***
start ******** end ******** length     0 section .text *** removed ***
start ******** end ******** length     0 section .text *** removed ***
start ******** end ******** length     0 section .text *** removed ***
start ******** end ******** length     0 section .text *** removed ***
start ******** end ******** length     0 section .text *** removed ***
start ******** end ******** length     0 section .text *** removed ***
start ******** end ******** length     0 section .text *** removed ***
start ******** end ******** length     0 section .text *** removed ***
start ******** end ******** length     0 section .text *** removed ***
start ******** end ******** length     0 section .text *** removed ***
start ******** end ******** length     0 section .text *** removed ***
start ******** end ******** length     0 section .text *** removed ***
start ******** end ******** length     0 section .text *** removed ***
start ******** end ******** length     0 section .text *** removed ***
start ******** end ******** length     0 section .text *** removed ***
start ******** end ******** length     0 section .text *** removed ***
start ******** end ******** length     0 section .text *** removed ***
start ******** end ******** length     0 section .text *** removed ***

Debug\timer.o:
start 0000016c end 00000177 length    11 section .bss
start 0000da49 end 0000dd53 length   778 section .debug
start 0000956a end 00009583 length    25 section .text
start 00009583 end 000095b6 length    51 section .text
start 000095b6 end 000095eb length    53 section .text

Debug\uart.o:
start 00000100 end 00000102 length     2 section .data
start 00000177 end 00000550 length   985 section .bss
start 0000dd53 end 0000f355 length  5634 section .debug
start 000095eb end 00009624 length    57 section .text
start 00009624 end 0000964e length    42 section .text
start ******** end ******** length     0 section .text *** removed ***
start 0000964e end 00009680 length    50 section .text
start 00009680 end 0000969d length    29 section .text
start 0000969d end 000096c3 length    38 section .text
start 000096c3 end 000096df length    28 section .text
start 000096df end 00009710 length    49 section .text
start 00009710 end 0000984b length   315 section .text
start 0000984b end 00009868 length    29 section .text
start 00009868 end 00009c1c length   948 section .text
start 00009c1c end 00009c89 length   109 section .text
start 00009c89 end 00009cb4 length    43 section .text
start 00009cb4 end 00009da6 length   242 section .text
start 00009da6 end 00009e9b length   245 section .text
start 00009e9b end 00009fd0 length   309 section .text
start 00009fd0 end 0000a021 length    81 section .text
start 0000a021 end 0000a0a5 length   132 section .text
start 0000a0a5 end 0000a129 length   132 section .text
start 0000a129 end 0000a17f length    86 section .text
start 0000a17f end 0000a28a length   267 section .text
start 0000a28a end 0000a2f9 length   111 section .text

(D:\Program Files (x86)\COSMIC\CXSTM8\Lib\libm0.sm8)lcmp.o:
start 0000a2f9 end 0000a319 length    32 section .text

(D:\Program Files (x86)\COSMIC\CXSTM8\Lib\libm0.sm8)lgsbc.o:
start 0000a319 end 0000a32f length    22 section .text

(D:\Program Files (x86)\COSMIC\CXSTM8\Lib\libm0.sm8)llsh.o:
start 0000a32f end 0000a33e length    15 section .text

(D:\Program Files (x86)\COSMIC\CXSTM8\Lib\libm0.sm8)lmul.o:
start 0000a33e end 0000a3c9 length   139 section .text

(D:\Program Files (x86)\COSMIC\CXSTM8\Lib\libm0.sm8)lreg.o:
start 00000000 end 00000004 length     4 section .ubsct

(D:\Program Files (x86)\COSMIC\CXSTM8\Lib\libm0.sm8)lrzmp.o:
start 0000a3c9 end 0000a3dc length    19 section .text

(D:\Program Files (x86)\COSMIC\CXSTM8\Lib\libm0.sm8)lsub.o:
start 0000a3dc end 0000a3f4 length    24 section .text

(D:\Program Files (x86)\COSMIC\CXSTM8\Lib\libm0.sm8)ltor.o:
start 0000a3f4 end 0000a406 length    18 section .text

(D:\Program Files (x86)\COSMIC\CXSTM8\Lib\libm0.sm8)ludiv.o:
start 0000a406 end 0000a41a length    20 section .text

(D:\Program Files (x86)\COSMIC\CXSTM8\Lib\libm0.sm8)ldiv.o:
start 0000a41a end 0000a505 length   235 section .text

(D:\Program Files (x86)\COSMIC\CXSTM8\Lib\libm0.sm8)lgneg.o:
start 0000a505 end 0000a518 length    19 section .text

(D:\Program Files (x86)\COSMIC\CXSTM8\Lib\libm0.sm8)lneg.o:
start 0000a518 end 0000a52d length    21 section .text

(D:\Program Files (x86)\COSMIC\CXSTM8\Lib\libm0.sm8)lursh.o:
start 0000a52d end 0000a53c length    15 section .text

(D:\Program Files (x86)\COSMIC\CXSTM8\Lib\libm0.sm8)lzmp.o:
start 0000a53c end 0000a54e length    18 section .text

(D:\Program Files (x86)\COSMIC\CXSTM8\Lib\libm0.sm8)rtol.o:
start 0000a54e end 0000a560 length    18 section .text

(D:\Program Files (x86)\COSMIC\CXSTM8\Lib\libm0.sm8)sdivx.o:
start 0000a560 end 0000a58b length    43 section .text

(D:\Program Files (x86)\COSMIC\CXSTM8\Lib\libm0.sm8)smul.o:
start 0000a58b end 0000a5ca length    63 section .text

(D:\Program Files (x86)\COSMIC\CXSTM8\Lib\libm0.sm8)xreg.o:
start 00000004 end 00000007 length     3 section .ubsct

(D:\Program Files (x86)\COSMIC\CXSTM8\Lib\libm0.sm8)yreg.o:
start 00000007 end 0000000a length     3 section .ubsct

Debug\stm8_interrupt_vector.o:
start 0000f355 end 0000f4c0 length   363 section .debug
start 0000a5ca end 0000a5cb length     1 section .text
start 00008000 end 00008080 length   128 section .const


                             -----------
                             Stack usage
                             -----------

Debug\i2c.o:
_i2c_action_plug                      65   (40)
_i2c_device_info                      65   (40)
_i2c_get_energy_consum                62   (37)
_i2c_heartbeat                        63   (38)
_i2c_multiple_action_dimmer          103   (38)
_i2c_send_message                     25   (8)
_i2c_single_action_dimmer             65   (40)
_i2c_single_action_dimmer_result      62   (37)
_scan_device                          13   (5)

Debug\i2c_master_poll.o:
_ErrProc                               2   (2)
_I2C_Config                           39   (4)
_I2C_WriteBytes                        8   (8)
_I2C_WriteReadBytes                   17   (11)
f_I2C_error_Interrupt_Handler     >   13   (11)

Debug\main.o:
_assert_failed                         6   (6)
_main                             >  170   (6)
_sys_init                              4   (4)

Debug\stm8_interrupt_vector.o:
f_NonHandledInterrupt             >    5   (5)

Debug\stm8s_clk.o:
_CLK_GetClockFreq                     25   (11)

Debug\stm8s_gpio.o:
_GPIO_Init                            12   (6)
_GPIO_WriteHigh                        5   (5)
_GPIO_WriteReverse                     5   (5)

Debug\stm8s_i2c.o:
_I2C_AcknowledgeConfig                 9   (3)
_I2C_Cmd                               9   (3)
_I2C_DeInit                            2   (2)
_I2C_Init                             35   (21)
_I2C_SoftwareResetCmd                  9   (3)

Debug\stm8s_uart2.o:
_UART2_Cmd                             2   (2)
_UART2_DeInit                          2   (2)
_UART2_ITConfig                       13   (7)
_UART2_Init                           50   (25)

Debug\timer.o:
_Init_Time4                            2   (2)
_Sys_Time_Manage                       2   (2)
f_TIM4InterruptHandle             >   13   (11)

Debug\uart.o:
_Check_Sum                             7   (7)
_Init_uart2                           52   (2)
_UART2_RX_ISR                     >   22   (11)
_UART2_TX_ISR                     >    5   (5)
_Uart2_Send                            6   (6)
_check_send_repeatedly                82   (3)
_clear_uart_buf                        3   (3)
_delay                                 6   (6)
_mymemcpy                             16   (14)
_report_energy_consum                120   (58)
_rev_anaylze                         164   (61)
_rev_cmd_data                         80   (59)
_rev_deal                             11   (4)
_send_device_info                     82   (3)
_send_malfunction                     79   (58)
_send_sc_device_info                  78   (57)
_send_slc_device_info                 79   (58)
_send_spc_device_info                 79   (58)
_sicp_receipt_Done                    85   (64)
_sicp_receipt_OK                      80   (59)
_sicp_send_message                    21   (5)

Stack size: 192


                              ---------
                              Call tree
                              ---------
   1 > _UART2_RX_ISR: (11)
   2      + _rev_deal: (4)
   3      |    + _Check_Sum: (7)
          | 
       
   4 > _UART2_TX_ISR: (5)

   5 > __stext: (0)

   6 > _main: (6)
   7      + _GPIO_Init: (6)
   8      |    + _assert_failed: (6)
          | 
   9      + _GPIO_WriteHigh: (5)
  10      + _GPIO_WriteReverse: (5)
  11      + _I2C_Config: (4)
  12      |    + _CLK_GetClockFreq: (11)
  13      |    + _I2C_Cmd: (3)
  14      |    |    + _assert_failed --> 8
          |    | 
  15      |    + _I2C_DeInit: (2)
  16      |    + _I2C_Init: (21)
  17      |    |    + _I2C_AcknowledgeConfig: (3)
  18      |    |    |    + _assert_failed --> 8
          |    |    | 
  19      |    |    + _assert_failed --> 8
          |    | 
  20      |    + _I2C_SoftwareResetCmd: (3)
  21      |    |    + _assert_failed --> 8
          |    | 
          | 
  22      + _Init_Time4: (2)
  23      + _Init_uart2: (2)
  24      |    + _UART2_Cmd: (2)
  25      |    + _UART2_DeInit: (2)
  26      |    + _UART2_ITConfig: (7)
  27      |    |    + _assert_failed --> 8
          |    | 
  28      |    + _UART2_Init: (25)
  29      |    |    + _CLK_GetClockFreq --> 12
  30      |    |    + _assert_failed --> 8
          |    | 
          | 
  31      + _check_send_repeatedly: (3)
  32      |    + _send_sc_device_info: (57)
  33      |    |    + _sicp_send_message: (5)
  34      |    |    |    + _Check_Sum --> 3
  35      |    |    |    + _Uart2_Send: (6)
  36      |    |    |    + _mymemcpy: (14)
          |    |    | 
          |    | 
  37      |    + _send_slc_device_info: (58)
  38      |    |    + _sicp_send_message --> 33
          |    | 
  39      |    + _send_spc_device_info: (58)
  40      |    |    + _sicp_send_message --> 33
          |    | 
          | 
  41      + _delay: (6)
  42      + _i2c_device_info: (40)
  43      |    + _Check_Sum --> 3
  44      |    + _i2c_send_message: (8)
  45      |    |    + _Check_Sum --> 3
  46      |    |    + _I2C_WriteBytes: (8)
  47      |    |    + _I2C_WriteReadBytes: (11)
  48      |    |    |    + _delay --> 41
          |    |    | 
  49      |    |    + _mymemcpy --> 36
          |    | 
          | 
  50      + _i2c_heartbeat: (38)
  51      |    + _Check_Sum --> 3
  52      |    + _i2c_send_message --> 44
          | 
  53      + _i2c_single_action_dimmer_result: (37)
  54      |    + _Check_Sum --> 3
  55      |    + _i2c_send_message --> 44
          | 
  56      + _report_energy_consum: (58)
  57      |    + _i2c_get_energy_consum: (37)
  58      |    |    + _Check_Sum --> 3
  59      |    |    + _i2c_send_message --> 44
          |    | 
  60      |    + _sicp_send_message --> 33
          | 
  61      + _rev_anaylze: (61)
  62      |    + _clear_uart_buf: (3)
  63      |    + _i2c_action_plug: (40)
  64      |    |    + _Check_Sum --> 3
  65      |    |    + _i2c_send_message --> 44
          |    | 
  66      |    + _i2c_multiple_action_dimmer: (38)
  67      |    |    + _i2c_single_action_dimmer: (40)
  68      |    |    |    + _Check_Sum --> 3
  69      |    |    |    + _i2c_send_message --> 44
          |    |    | 
          |    | 
  70      |    + _i2c_single_action_dimmer --> 67
  71      |    + _rev_cmd_data: (59)
  72      |    |    + _sicp_send_message --> 33
          |    | 
  73      |    + _sicp_receipt_Done: (64)
  74      |    |    + _sicp_send_message --> 33
          |    | 
  75      |    + _sicp_receipt_OK: (59)
  76      |    |    + _sicp_send_message --> 33
          |    | 
  77      |    + _sicp_send_message --> 33
  78      |    + _sys_init: (4)
          | 
  79      + _scan_device: (5)
  80      |    + _I2C_WriteBytes --> 46
          | 
  81      + _send_device_info: (3)
  82      |    + _delay --> 41
  83      |    + _send_sc_device_info --> 32
  84      |    + _send_slc_device_info --> 37
  85      |    + _send_spc_device_info --> 39
          | 
  86      + _send_malfunction: (58)
  87      |    + _sicp_send_message --> 33
          | 
  88      + _sicp_receipt_Done --> 73
  89      + _sys_init --> 78
       
  90 > f_I2C_error_Interrupt_Handler: (11)
  91      + _ErrProc: (2)
       
  92 > f_NonHandledInterrupt: (5)

  93 > f_TIM4InterruptHandle: (11)
  94      + _Sys_Time_Manage: (2)
       
  95   _CLK_GetClockFreq --> 12

  96   _Check_Sum --> 3

  97   _ErrProc --> 91

  98   _GPIO_Init --> 7

  99   _GPIO_WriteHigh --> 9

 100   _GPIO_WriteReverse --> 10

 101   _I2C_AcknowledgeConfig --> 17

 102   _I2C_Cmd --> 13

 103   _I2C_Config --> 11

 104   _I2C_DeInit --> 15

 105   _I2C_Init --> 16

 106   _I2C_SoftwareResetCmd --> 20

 107   _I2C_WriteBytes --> 46

 108   _I2C_WriteReadBytes --> 47

 109   _Init_Time4 --> 22

 110   _Init_uart2 --> 23

 111   _Sys_Time_Manage --> 94

 112   _UART2_Cmd --> 24

 113   _UART2_DeInit --> 25

 114   _UART2_ITConfig --> 26

 115   _UART2_Init --> 28

 116   _Uart2_Send --> 35

 117   _assert_failed --> 8

 118   _check_send_repeatedly --> 31

 119   _clear_uart_buf --> 62

 120   _delay --> 41

 121   _i2c_action_plug --> 63

 122   _i2c_device_info --> 42

 123   _i2c_get_energy_consum --> 57

 124   _i2c_heartbeat --> 50

 125   _i2c_multiple_action_dimmer --> 66

 126   _i2c_send_message --> 44

 127   _i2c_single_action_dimmer --> 67

 128   _i2c_single_action_dimmer_result --> 53

 129   _mymemcpy --> 36

 130   _report_energy_consum --> 56

 131   _rev_anaylze --> 61

 132   _rev_cmd_data --> 71

 133   _rev_deal --> 2

 134   _scan_device --> 79

 135   _send_device_info --> 81

 136   _send_malfunction --> 86

 137   _send_sc_device_info --> 32

 138   _send_slc_device_info --> 37

 139   _send_spc_device_info --> 39

 140   _sicp_receipt_Done --> 73

 141   _sicp_receipt_OK --> 75

 142   _sicp_send_message --> 33

 143   _sys_init --> 78



                               -------
                               Symbols
                               -------

_CLKPrescTable                      00008084   defined in Debug\stm8s_clk.o section .const
_CLK_AdjustHSICalibrationValue      ********   *** removed from Debug\stm8s_clk.o ***
_CLK_CCOCmd                         ********   *** removed from Debug\stm8s_clk.o ***
_CLK_CCOConfig                      ********   *** removed from Debug\stm8s_clk.o ***
_CLK_ClearITPendingBit              ********   *** removed from Debug\stm8s_clk.o ***
_CLK_ClockSecuritySystemEnable      ********   *** removed from Debug\stm8s_clk.o ***
_CLK_ClockSwitchCmd                 ********   *** removed from Debug\stm8s_clk.o ***
_CLK_ClockSwitchConfig              ********   *** removed from Debug\stm8s_clk.o ***
_CLK_DeInit                         ********   *** removed from Debug\stm8s_clk.o ***
_CLK_FastHaltWakeUpCmd              ********   *** removed from Debug\stm8s_clk.o ***
_CLK_GetClockFreq                   000081e4   defined in Debug\stm8s_clk.o section .text
                                               used in Debug\stm8s_uart2.o
                                                       Debug\i2c_master_poll.o
_CLK_GetFlagStatus                  ********   *** removed from Debug\stm8s_clk.o ***
_CLK_GetITStatus                    ********   *** removed from Debug\stm8s_clk.o ***
_CLK_GetSYSCLKSource                ********   *** removed from Debug\stm8s_clk.o ***
_CLK_HSECmd                         ********   *** removed from Debug\stm8s_clk.o ***
_CLK_HSICmd                         ********   *** removed from Debug\stm8s_clk.o ***
_CLK_HSIPrescalerConfig             ********   *** removed from Debug\stm8s_clk.o ***
_CLK_ITConfig                       ********   *** removed from Debug\stm8s_clk.o ***
_CLK_LSICmd                         ********   *** removed from Debug\stm8s_clk.o ***
_CLK_PeripheralClockConfig          ********   *** removed from Debug\stm8s_clk.o ***
_CLK_SWIMConfig                     ********   *** removed from Debug\stm8s_clk.o ***
_CLK_SYSCLKConfig                   ********   *** removed from Debug\stm8s_clk.o ***
_CLK_SYSCLKEmergencyClear           ********   *** removed from Debug\stm8s_clk.o ***
_CLK_SlowActiveHaltWakeUpCmd        ********   *** removed from Debug\stm8s_clk.o ***
_Check_Sum                          000096df   defined in Debug\uart.o section .text
                                               used in Debug\i2c.o
_DUMMY_INIT                         ********   *** removed from Debug\main.o ***
_EXTI_DeInit                        ********   *** removed from Debug\stm8s_exti.o ***
_EXTI_GetExtIntSensitivity          ********   *** removed from Debug\stm8s_exti.o ***
_EXTI_GetTLISensitivity             ********   *** removed from Debug\stm8s_exti.o ***
_EXTI_SetExtIntSensitivity          ********   *** removed from Debug\stm8s_exti.o ***
_EXTI_SetTLISensitivity             ********   *** removed from Debug\stm8s_exti.o ***
_ErrProc                            00009340   defined in Debug\i2c_master_poll.o section .text
_Flag1_                             00000176   defined in Debug\timer.o section .bss
                                               used in Debug\main.o
_GPIO_DeInit                        ********   *** removed from Debug\stm8s_gpio.o ***
_GPIO_ExternalPullUpConfig          ********   *** removed from Debug\stm8s_gpio.o ***
_GPIO_Init                          00008269   defined in Debug\stm8s_gpio.o section .text
                                               used in Debug\main.o
_GPIO_ReadInputData                 ********   *** removed from Debug\stm8s_gpio.o ***
_GPIO_ReadInputPin                  ********   *** removed from Debug\stm8s_gpio.o ***
_GPIO_ReadOutputData                ********   *** removed from Debug\stm8s_gpio.o ***
_GPIO_Write                         ********   *** removed from Debug\stm8s_gpio.o ***
_GPIO_WriteHigh                     00008345   defined in Debug\stm8s_gpio.o section .text
                                               used in Debug\main.o
_GPIO_WriteLow                      ********   *** removed from Debug\stm8s_gpio.o ***
_GPIO_WriteReverse                  0000834c   defined in Debug\stm8s_gpio.o section .text
                                               used in Debug\main.o
_HSIDivFactor                       00008080   defined in Debug\stm8s_clk.o section .const
_I2C_AcknowledgeConfig              000085d0   defined in Debug\stm8s_i2c.o section .text
_I2C_CheckEvent                     ********   *** removed from Debug\stm8s_i2c.o ***
_I2C_ClearFlag                      ********   *** removed from Debug\stm8s_i2c.o ***
_I2C_ClearITPendingBit              ********   *** removed from Debug\stm8s_i2c.o ***
_I2C_Cmd                            0000857a   defined in Debug\stm8s_i2c.o section .text
                                               used in Debug\i2c_master_poll.o
_I2C_Config                         0000902e   defined in Debug\i2c_master_poll.o section .text
                                               used in Debug\main.o
_I2C_DeInit                         00008353   defined in Debug\stm8s_i2c.o section .text
                                               used in Debug\i2c_master_poll.o
_I2C_FastModeDutyCycleConfig        ********   *** removed from Debug\stm8s_i2c.o ***
_I2C_GeneralCallCmd                 ********   *** removed from Debug\stm8s_i2c.o ***
_I2C_GenerateSTART                  ********   *** removed from Debug\stm8s_i2c.o ***
_I2C_GenerateSTOP                   ********   *** removed from Debug\stm8s_i2c.o ***
_I2C_GetFlagStatus                  ********   *** removed from Debug\stm8s_i2c.o ***
_I2C_GetITStatus                    ********   *** removed from Debug\stm8s_i2c.o ***
_I2C_GetLastEvent                   ********   *** removed from Debug\stm8s_i2c.o ***
_I2C_ITConfig                       ********   *** removed from Debug\stm8s_i2c.o ***
_I2C_Init                           00008378   defined in Debug\stm8s_i2c.o section .text
                                               used in Debug\i2c_master_poll.o
_I2C_ReadBytes                      ********   *** removed from Debug\i2c_master_poll.o ***
_I2C_ReceiveData                    ********   *** removed from Debug\stm8s_i2c.o ***
_I2C_Send7bitAddress                ********   *** removed from Debug\stm8s_i2c.o ***
_I2C_SendData                       ********   *** removed from Debug\stm8s_i2c.o ***
_I2C_SoftwareResetCmd               000085a5   defined in Debug\stm8s_i2c.o section .text
                                               used in Debug\i2c_master_poll.o
_I2C_StretchClockCmd                ********   *** removed from Debug\stm8s_i2c.o ***
_I2C_WriteBytes                     000090a0   defined in Debug\i2c_master_poll.o section .text
                                               used in Debug\i2c.o
_I2C_WriteReadBytes                 0000916f   defined in Debug\i2c_master_poll.o section .text
                                               used in Debug\i2c.o
_IIC_ErrorStr                       ********   *** removed from Debug\main.o ***
_ITC_DeInit                         ********   *** removed from Debug\stm8s_itc.o ***
_ITC_GetCPUCC                       ********   *** removed from Debug\stm8s_itc.o ***
_ITC_GetSoftIntStatus               ********   *** removed from Debug\stm8s_itc.o ***
_ITC_GetSoftwarePriority            ********   *** removed from Debug\stm8s_itc.o ***
_ITC_SetSoftwarePriority            ********   *** removed from Debug\stm8s_itc.o ***
_Init_Time4                         0000956a   defined in Debug\timer.o section .text
                                               used in Debug\main.o
_Init_uart2                         0000964e   defined in Debug\uart.o section .text
                                               used in Debug\main.o
_RST_ClearFlag                      ********   *** removed from Debug\stm8s_rst.o ***
_RST_GetFlagStatus                  ********   *** removed from Debug\stm8s_rst.o ***
_Sys_Time_Manage                    00009583   defined in Debug\timer.o section .text
_TIM1_ARRPreloadConfig              ********   *** removed from Debug\stm8s_tim1.o ***
_TIM1_BDTRConfig                    ********   *** removed from Debug\stm8s_tim1.o ***
_TIM1_CCPreloadControl              ********   *** removed from Debug\stm8s_tim1.o ***
_TIM1_CCxCmd                        ********   *** removed from Debug\stm8s_tim1.o ***
_TIM1_CCxNCmd                       ********   *** removed from Debug\stm8s_tim1.o ***
_TIM1_ClearFlag                     ********   *** removed from Debug\stm8s_tim1.o ***
_TIM1_ClearITPendingBit             ********   *** removed from Debug\stm8s_tim1.o ***
_TIM1_Cmd                           ********   *** removed from Debug\stm8s_tim1.o ***
_TIM1_CounterModeConfig             ********   *** removed from Debug\stm8s_tim1.o ***
_TIM1_CtrlPWMOutputs                ********   *** removed from Debug\stm8s_tim1.o ***
_TIM1_DeInit                        ********   *** removed from Debug\stm8s_tim1.o ***
_TIM1_ETRClockMode1Config           ********   *** removed from Debug\stm8s_tim1.o ***
_TIM1_ETRClockMode2Config           ********   *** removed from Debug\stm8s_tim1.o ***
_TIM1_ETRConfig                     ********   *** removed from Debug\stm8s_tim1.o ***
_TIM1_EncoderInterfaceConfig        ********   *** removed from Debug\stm8s_tim1.o ***
_TIM1_ForcedOC1Config               ********   *** removed from Debug\stm8s_tim1.o ***
_TIM1_ForcedOC2Config               ********   *** removed from Debug\stm8s_tim1.o ***
_TIM1_ForcedOC3Config               ********   *** removed from Debug\stm8s_tim1.o ***
_TIM1_ForcedOC4Config               ********   *** removed from Debug\stm8s_tim1.o ***
_TIM1_GenerateEvent                 ********   *** removed from Debug\stm8s_tim1.o ***
_TIM1_GetCapture1                   ********   *** removed from Debug\stm8s_tim1.o ***
_TIM1_GetCapture2                   ********   *** removed from Debug\stm8s_tim1.o ***
_TIM1_GetCapture3                   ********   *** removed from Debug\stm8s_tim1.o ***
_TIM1_GetCapture4                   ********   *** removed from Debug\stm8s_tim1.o ***
_TIM1_GetCounter                    ********   *** removed from Debug\stm8s_tim1.o ***
_TIM1_GetFlagStatus                 ********   *** removed from Debug\stm8s_tim1.o ***
_TIM1_GetITStatus                   ********   *** removed from Debug\stm8s_tim1.o ***
_TIM1_GetPrescaler                  ********   *** removed from Debug\stm8s_tim1.o ***
_TIM1_ICInit                        ********   *** removed from Debug\stm8s_tim1.o ***
_TIM1_ITConfig                      ********   *** removed from Debug\stm8s_tim1.o ***
_TIM1_InternalClockConfig           ********   *** removed from Debug\stm8s_tim1.o ***
_TIM1_OC1FastConfig                 ********   *** removed from Debug\stm8s_tim1.o ***
_TIM1_OC1Init                       ********   *** removed from Debug\stm8s_tim1.o ***
_TIM1_OC1NPolarityConfig            ********   *** removed from Debug\stm8s_tim1.o ***
_TIM1_OC1PolarityConfig             ********   *** removed from Debug\stm8s_tim1.o ***
_TIM1_OC1PreloadConfig              ********   *** removed from Debug\stm8s_tim1.o ***
_TIM1_OC2FastConfig                 ********   *** removed from Debug\stm8s_tim1.o ***
_TIM1_OC2Init                       ********   *** removed from Debug\stm8s_tim1.o ***
_TIM1_OC2NPolarityConfig            ********   *** removed from Debug\stm8s_tim1.o ***
_TIM1_OC2PolarityConfig             ********   *** removed from Debug\stm8s_tim1.o ***
_TIM1_OC2PreloadConfig              ********   *** removed from Debug\stm8s_tim1.o ***
_TIM1_OC3FastConfig                 ********   *** removed from Debug\stm8s_tim1.o ***
_TIM1_OC3Init                       ********   *** removed from Debug\stm8s_tim1.o ***
_TIM1_OC3NPolarityConfig            ********   *** removed from Debug\stm8s_tim1.o ***
_TIM1_OC3PolarityConfig             ********   *** removed from Debug\stm8s_tim1.o ***
_TIM1_OC3PreloadConfig              ********   *** removed from Debug\stm8s_tim1.o ***
_TIM1_OC4FastConfig                 ********   *** removed from Debug\stm8s_tim1.o ***
_TIM1_OC4Init                       ********   *** removed from Debug\stm8s_tim1.o ***
_TIM1_OC4PolarityConfig             ********   *** removed from Debug\stm8s_tim1.o ***
_TIM1_OC4PreloadConfig              ********   *** removed from Debug\stm8s_tim1.o ***
_TIM1_PWMIConfig                    ********   *** removed from Debug\stm8s_tim1.o ***
_TIM1_PrescalerConfig               ********   *** removed from Debug\stm8s_tim1.o ***
_TIM1_SelectCOM                     ********   *** removed from Debug\stm8s_tim1.o ***
_TIM1_SelectHallSensor              ********   *** removed from Debug\stm8s_tim1.o ***
_TIM1_SelectInputTrigger            ********   *** removed from Debug\stm8s_tim1.o ***
_TIM1_SelectMasterSlaveMode         ********   *** removed from Debug\stm8s_tim1.o ***
_TIM1_SelectOCxM                    ********   *** removed from Debug\stm8s_tim1.o ***
_TIM1_SelectOnePulseMode            ********   *** removed from Debug\stm8s_tim1.o ***
_TIM1_SelectOutputTrigger           ********   *** removed from Debug\stm8s_tim1.o ***
_TIM1_SelectSlaveMode               ********   *** removed from Debug\stm8s_tim1.o ***
_TIM1_SetAutoreload                 ********   *** removed from Debug\stm8s_tim1.o ***
_TIM1_SetCompare1                   ********   *** removed from Debug\stm8s_tim1.o ***
_TIM1_SetCompare2                   ********   *** removed from Debug\stm8s_tim1.o ***
_TIM1_SetCompare3                   ********   *** removed from Debug\stm8s_tim1.o ***
_TIM1_SetCompare4                   ********   *** removed from Debug\stm8s_tim1.o ***
_TIM1_SetCounter                    ********   *** removed from Debug\stm8s_tim1.o ***
_TIM1_SetIC1Prescaler               ********   *** removed from Debug\stm8s_tim1.o ***
_TIM1_SetIC2Prescaler               ********   *** removed from Debug\stm8s_tim1.o ***
_TIM1_SetIC3Prescaler               ********   *** removed from Debug\stm8s_tim1.o ***
_TIM1_SetIC4Prescaler               ********   *** removed from Debug\stm8s_tim1.o ***
_TIM1_TIxExternalClockConfig        ********   *** removed from Debug\stm8s_tim1.o ***
_TIM1_TimeBaseInit                  ********   *** removed from Debug\stm8s_tim1.o ***
_TIM1_UpdateDisableConfig           ********   *** removed from Debug\stm8s_tim1.o ***
_TIM1_UpdateRequestConfig           ********   *** removed from Debug\stm8s_tim1.o ***
_TIM2_ARRPreloadConfig              ********   *** removed from Debug\stm8s_tim2.o ***
_TIM2_CCxCmd                        ********   *** removed from Debug\stm8s_tim2.o ***
_TIM2_ClearFlag                     ********   *** removed from Debug\stm8s_tim2.o ***
_TIM2_ClearITPendingBit             ********   *** removed from Debug\stm8s_tim2.o ***
_TIM2_Cmd                           ********   *** removed from Debug\stm8s_tim2.o ***
_TIM2_DeInit                        ********   *** removed from Debug\stm8s_tim2.o ***
_TIM2_ForcedOC1Config               ********   *** removed from Debug\stm8s_tim2.o ***
_TIM2_ForcedOC2Config               ********   *** removed from Debug\stm8s_tim2.o ***
_TIM2_ForcedOC3Config               ********   *** removed from Debug\stm8s_tim2.o ***
_TIM2_GenerateEvent                 ********   *** removed from Debug\stm8s_tim2.o ***
_TIM2_GetCapture1                   ********   *** removed from Debug\stm8s_tim2.o ***
_TIM2_GetCapture2                   ********   *** removed from Debug\stm8s_tim2.o ***
_TIM2_GetCapture3                   ********   *** removed from Debug\stm8s_tim2.o ***
_TIM2_GetCounter                    ********   *** removed from Debug\stm8s_tim2.o ***
_TIM2_GetFlagStatus                 ********   *** removed from Debug\stm8s_tim2.o ***
_TIM2_GetITStatus                   ********   *** removed from Debug\stm8s_tim2.o ***
_TIM2_GetPrescaler                  ********   *** removed from Debug\stm8s_tim2.o ***
_TIM2_ICInit                        ********   *** removed from Debug\stm8s_tim2.o ***
_TIM2_ITConfig                      ********   *** removed from Debug\stm8s_tim2.o ***
_TIM2_OC1Init                       ********   *** removed from Debug\stm8s_tim2.o ***
_TIM2_OC1PolarityConfig             ********   *** removed from Debug\stm8s_tim2.o ***
_TIM2_OC1PreloadConfig              ********   *** removed from Debug\stm8s_tim2.o ***
_TIM2_OC2Init                       ********   *** removed from Debug\stm8s_tim2.o ***
_TIM2_OC2PolarityConfig             ********   *** removed from Debug\stm8s_tim2.o ***
_TIM2_OC2PreloadConfig              ********   *** removed from Debug\stm8s_tim2.o ***
_TIM2_OC3Init                       ********   *** removed from Debug\stm8s_tim2.o ***
_TIM2_OC3PolarityConfig             ********   *** removed from Debug\stm8s_tim2.o ***
_TIM2_OC3PreloadConfig              ********   *** removed from Debug\stm8s_tim2.o ***
_TIM2_PWMIConfig                    ********   *** removed from Debug\stm8s_tim2.o ***
_TIM2_PrescalerConfig               ********   *** removed from Debug\stm8s_tim2.o ***
_TIM2_SelectOCxM                    ********   *** removed from Debug\stm8s_tim2.o ***
_TIM2_SelectOnePulseMode            ********   *** removed from Debug\stm8s_tim2.o ***
_TIM2_SetAutoreload                 ********   *** removed from Debug\stm8s_tim2.o ***
_TIM2_SetCompare1                   ********   *** removed from Debug\stm8s_tim2.o ***
_TIM2_SetCompare2                   ********   *** removed from Debug\stm8s_tim2.o ***
_TIM2_SetCompare3                   ********   *** removed from Debug\stm8s_tim2.o ***
_TIM2_SetCounter                    ********   *** removed from Debug\stm8s_tim2.o ***
_TIM2_SetIC1Prescaler               ********   *** removed from Debug\stm8s_tim2.o ***
_TIM2_SetIC2Prescaler               ********   *** removed from Debug\stm8s_tim2.o ***
_TIM2_SetIC3Prescaler               ********   *** removed from Debug\stm8s_tim2.o ***
_TIM2_TimeBaseInit                  ********   *** removed from Debug\stm8s_tim2.o ***
_TIM2_UpdateDisableConfig           ********   *** removed from Debug\stm8s_tim2.o ***
_TIM2_UpdateRequestConfig           ********   *** removed from Debug\stm8s_tim2.o ***
_TIM4_ARRPreloadConfig              ********   *** removed from Debug\stm8s_tim4.o ***
_TIM4_ClearFlag                     ********   *** removed from Debug\stm8s_tim4.o ***
_TIM4_ClearITPendingBit             ********   *** removed from Debug\stm8s_tim4.o ***
_TIM4_Cmd                           ********   *** removed from Debug\stm8s_tim4.o ***
_TIM4_DeInit                        ********   *** removed from Debug\stm8s_tim4.o ***
_TIM4_GenerateEvent                 ********   *** removed from Debug\stm8s_tim4.o ***
_TIM4_GetCounter                    ********   *** removed from Debug\stm8s_tim4.o ***
_TIM4_GetFlagStatus                 ********   *** removed from Debug\stm8s_tim4.o ***
_TIM4_GetITStatus                   ********   *** removed from Debug\stm8s_tim4.o ***
_TIM4_GetPrescaler                  ********   *** removed from Debug\stm8s_tim4.o ***
_TIM4_ITConfig                      ********   *** removed from Debug\stm8s_tim4.o ***
_TIM4_PrescalerConfig               ********   *** removed from Debug\stm8s_tim4.o ***
_TIM4_SelectOnePulseMode            ********   *** removed from Debug\stm8s_tim4.o ***
_TIM4_SetAutoreload                 ********   *** removed from Debug\stm8s_tim4.o ***
_TIM4_SetCounter                    ********   *** removed from Debug\stm8s_tim4.o ***
_TIM4_TimeBaseInit                  ********   *** removed from Debug\stm8s_tim4.o ***
_TIM4_UpdateDisableConfig           ********   *** removed from Debug\stm8s_tim4.o ***
_TIM4_UpdateRequestConfig           ********   *** removed from Debug\stm8s_tim4.o ***
_TIM4_tout                          00000154   defined in Debug\i2c_master_poll.o section .bss
                                               used in Debug\timer.o
_UART1Flag1_                        0000054f   defined in Debug\uart.o section .bss
_UART1Flag2_                        0000054e   defined in Debug\uart.o section .bss
                                               used in Debug\main.o
_UART1Flag3_                        0000054d   defined in Debug\uart.o section .bss
_UART1Flag4_                        0000054c   defined in Debug\uart.o section .bss
_UART1Flag5_                        0000054b   defined in Debug\uart.o section .bss
_UART1Flag6_                        0000054a   defined in Debug\uart.o section .bss
_UART2_ClearFlag                    ********   *** removed from Debug\stm8s_uart2.o ***
_UART2_ClearITPendingBit            ********   *** removed from Debug\stm8s_uart2.o ***
_UART2_Cmd                          0000888f   defined in Debug\stm8s_uart2.o section .text
                                               used in Debug\uart.o
_UART2_DeInit                       0000860f   defined in Debug\stm8s_uart2.o section .text
                                               used in Debug\uart.o
_UART2_GetFlagStatus                ********   *** removed from Debug\stm8s_uart2.o ***
_UART2_GetITStatus                  ********   *** removed from Debug\stm8s_uart2.o ***
_UART2_ITConfig                     0000889d   defined in Debug\stm8s_uart2.o section .text
                                               used in Debug\uart.o
_UART2_Init                         00008638   defined in Debug\stm8s_uart2.o section .text
                                               used in Debug\uart.o
_UART2_IrDACmd                      ********   *** removed from Debug\stm8s_uart2.o ***
_UART2_IrDAConfig                   ********   *** removed from Debug\stm8s_uart2.o ***
_UART2_LINBreakDetectionConfig      ********   *** removed from Debug\stm8s_uart2.o ***
_UART2_LINCmd                       ********   *** removed from Debug\stm8s_uart2.o ***
_UART2_LINConfig                    ********   *** removed from Debug\stm8s_uart2.o ***
_UART2_RX_ISR                       000096c3   defined in Debug\uart.o section .text
                                               used in Debug\stm8_interrupt_vector.o
_UART2_ReceiveData8                 ********   *** removed from Debug\stm8s_uart2.o ***
_UART2_ReceiveData9                 ********   *** removed from Debug\stm8s_uart2.o ***
_UART2_ReceiverWakeUpCmd            ********   *** removed from Debug\stm8s_uart2.o ***
_UART2_SendBreak                    ********   *** removed from Debug\stm8s_uart2.o ***
_UART2_SendData8                    ********   *** removed from Debug\stm8s_uart2.o ***
_UART2_SendData9                    ********   *** removed from Debug\stm8s_uart2.o ***
_UART2_Send_Buf                     000001d1   defined in Debug\uart.o section .bss
_UART2_SetAddress                   ********   *** removed from Debug\stm8s_uart2.o ***
_UART2_SetGuardTime                 ********   *** removed from Debug\stm8s_uart2.o ***
_UART2_SetPrescaler                 ********   *** removed from Debug\stm8s_uart2.o ***
_UART2_SmartCardCmd                 ********   *** removed from Debug\stm8s_uart2.o ***
_UART2_SmartCardNACKCmd             ********   *** removed from Debug\stm8s_uart2.o ***
_UART2_TX_ISR                       0000969d   defined in Debug\uart.o section .text
                                               used in Debug\stm8_interrupt_vector.o
_UART2_WakeUpConfig                 ********   *** removed from Debug\stm8s_uart2.o ***
_Uart2_Rec_Cnt                      000001a5   defined in Debug\uart.o section .bss
_Uart2_Rece_Buf                     000001a6   defined in Debug\uart.o section .bss
_Uart2_Send                         00009680   defined in Debug\uart.o section .text
_Uart2_Send_Cnt                     000001cf   defined in Debug\uart.o section .bss
_Uart2_Send_Done                    000001ce   defined in Debug\uart.o section .bss
_Uart2_Send_Length                  000001d0   defined in Debug\uart.o section .bss
__endmem                            000005ff   defined in command file
                                               *** not used ***
__endzp                             0000000a   defined in command file section .ubsct
                                               used in D:\Program Files (x86)\COSMIC\CXSTM8\Lib\crtsi0.sm8
__idesc__                           0000818f   defined in linker section .init
                                               used in D:\Program Files (x86)\COSMIC\CXSTM8\Lib\crtsi0.sm8
__memory                            00000550   defined in command file section .bss
                                               used in D:\Program Files (x86)\COSMIC\CXSTM8\Lib\crtsi0.sm8
__stack                             000007ff   defined in command file
                                               used in D:\Program Files (x86)\COSMIC\CXSTM8\Lib\crtsi0.sm8
__startmem                          00000550   defined in command file section .bss
                                               *** not used ***
__stext                             00008199   defined in D:\Program Files (x86)\COSMIC\CXSTM8\Lib\crtsi0.sm8 section .text
                                               used in Debug\stm8_interrupt_vector.o
__vectab                            00008000   defined in Debug\stm8_interrupt_vector.o section .const
_action_dimmer_MDID                 00000104   defined in Debug\i2c.o section .bss
                                               used in Debug\main.o
_action_dimmer_ext                  00000103   defined in Debug\i2c.o section .bss
                                               used in Debug\main.o Debug\uart.o
_assert_failed                      00009568   defined in Debug\main.o section .text
                                               used in Debug\stm8s_clk.o
                                                       Debug\stm8s_exti.o
                                                       Debug\stm8s_gpio.o
                                                       Debug\stm8s_i2c.o
                                                       Debug\stm8s_itc.o
                                                       Debug\stm8s_rst.o
                                                       Debug\stm8s_tim1.o
                                                       Debug\stm8s_tim2.o
                                                       Debug\stm8s_tim4.o
                                                       Debug\stm8s_uart2.o
_check_send_repeatedly              0000a28a   defined in Debug\uart.o section .text
                                               used in Debug\main.o
_clear_uart_buf                     0000984b   defined in Debug\uart.o section .text
_delay                              00009624   defined in Debug\uart.o section .text
                                               used in Debug\i2c_master_poll.o
                                                       Debug\main.o
_device_flag                        00000114   defined in Debug\i2c.o section .bss
_di_timeout                         00000178   defined in Debug\uart.o section .bss
_exit                               000081e2   defined in D:\Program Files (x86)\COSMIC\CXSTM8\Lib\crtsi0.sm8 section .text
_hb_fail_mdid_cnt                   00000105   defined in Debug\i2c.o section .bss
_i2c_action_plug                    00008f3b   defined in Debug\i2c.o section .text
                                               used in Debug\uart.o
_i2c_device_info                    00008a69   defined in Debug\i2c.o section .text
                                               used in Debug\main.o
_i2c_get_energy_consum              00008d93   defined in Debug\i2c.o section .text
                                               used in Debug\uart.o
_i2c_heartbeat                      00008be8   defined in Debug\i2c.o section .text
                                               used in Debug\main.o
_i2c_multiple_action_dimmer         00008fe0   defined in Debug\i2c.o section .text
                                               used in Debug\uart.o
_i2c_rx_buf                         00000117   defined in Debug\i2c.o section .bss
_i2c_rx_len                         00000116   defined in Debug\i2c.o section .bss
_i2c_send_message                   00008998   defined in Debug\i2c.o section .text
_i2c_single_action_dimmer           00008e42   defined in Debug\i2c.o section .text
                                               used in Debug\uart.o
_i2c_single_action_dimmer_result    00008ea8   defined in Debug\i2c.o section .text
                                               used in Debug\main.o
_i2c_tx_buf                         00000136   defined in Debug\i2c.o section .bss
_i2c_tx_len                         00000135   defined in Debug\i2c.o section .bss
_init_slc_spc_done                  0000016b   defined in Debug\main.o section .bss
                                               used in Debug\uart.o
_main                               0000947a   defined in Debug\main.o section .text
                                               used in D:\Program Files (x86)\COSMIC\CXSTM8\Lib\crtsi0.sm8
_mal_timeout                        00000177   defined in Debug\uart.o section .bss
_mymemcpy                           000095eb   defined in Debug\uart.o section .text
                                               used in Debug\i2c.o
_ns_host_meshid_H                   00000200   defined in Debug\uart.o section .bss
                                               used in Debug\main.o
_ns_host_meshid_L                   000001ff   defined in Debug\uart.o section .bss
                                               used in Debug\main.o
_ns_own_meshid_H                    00000202   defined in Debug\uart.o section .bss
_ns_own_meshid_L                    00000201   defined in Debug\uart.o section .bss
_ns_phonenum                        00000203   defined in Debug\uart.o section .bss
_ns_signal                          00000205   defined in Debug\uart.o section .bss
_ns_status                          00000204   defined in Debug\uart.o section .bss
_random                             ********   *** removed from Debug\uart.o ***
_read_buffer                        00000157   defined in Debug\main.o section .bss
_report_energy_consum               00009e9b   defined in Debug\uart.o section .text
                                               used in Debug\main.o
_rev_ad_channel                     000001f9   defined in Debug\uart.o section .bss
_rev_ad_mdid                        000001fa   defined in Debug\uart.o section .bss
                                               used in Debug\main.o
_rev_ad_message_id                  000001fb   defined in Debug\uart.o section .bss
                                               used in Debug\main.o
_rev_anaylze                        00009868   defined in Debug\uart.o section .text
                                               used in Debug\main.o
_rev_cmd_data                       00009da6   defined in Debug\uart.o section .text
_rev_deal                           00009710   defined in Debug\uart.o section .text
_rev_mesh_id_H                      000001fd   defined in Debug\uart.o section .bss
_rev_mesh_id_L                      000001fc   defined in Debug\uart.o section .bss
_rev_message_id                     000001fe   defined in Debug\uart.o section .bss
_sc                                 00000206   defined in Debug\uart.o section .bss
                                               used in Debug\i2c.o Debug\main.o
_scan_device                        00008a1f   defined in Debug\i2c.o section .text
                                               used in Debug\main.o
_send_device_info                   0000a129   defined in Debug\uart.o section .text
                                               used in Debug\main.o
_send_failed_count                  00000179   defined in Debug\uart.o section .bss
_send_fault_count                   0000017b   defined in Debug\uart.o section .bss
_send_malfunction                   0000a17f   defined in Debug\uart.o section .text
                                               used in Debug\main.o
_send_sc_device_info                00009fd0   defined in Debug\uart.o section .text
_send_slc_device_info               0000a021   defined in Debug\uart.o section .text
_send_spc_device_info               0000a0a5   defined in Debug\uart.o section .text
_sicp_buf                           0000017d   defined in Debug\uart.o section .bss
                                               used in Debug\i2c.o
_sicp_receipt_Done                  00009cb4   defined in Debug\uart.o section .text
                                               used in Debug\main.o
_sicp_receipt_OK                    00009c89   defined in Debug\uart.o section .text
_sicp_send_message                  00009c1c   defined in Debug\uart.o section .text
_sys_init                           00009369   defined in Debug\main.o section .text
                                               used in Debug\uart.o
_systime_count                      0000016c   defined in Debug\timer.o section .bss
                                               used in Debug\uart.o
_test                               00000102   defined in Debug\i2c.o section .bss
_tick_5s                            00000156   defined in Debug\main.o section .bss
_write_buffer                       00000161   defined in Debug\main.o section .bss
c_divsl                             0000a41a   defined in (D:\Program Files (x86)\COSMIC\CXSTM8\Lib\libm0.sm8)ldiv.o section .text
                                               *** not used ***
c_divul                             0000a431   defined in (D:\Program Files (x86)\COSMIC\CXSTM8\Lib\libm0.sm8)ldiv.o section .text
                                               used in (D:\Program Files (x86)\COSMIC\CXSTM8\Lib\libm0.sm8)ludiv.o
c_lcmp                              0000a2f9   defined in (D:\Program Files (x86)\COSMIC\CXSTM8\Lib\libm0.sm8)lcmp.o section .text
                                               used in Debug\stm8s_i2c.o
                                                       Debug\stm8s_uart2.o
c_lgneg                             0000a505   defined in (D:\Program Files (x86)\COSMIC\CXSTM8\Lib\libm0.sm8)lgneg.o section .text
                                               used in (D:\Program Files (x86)\COSMIC\CXSTM8\Lib\libm0.sm8)ldiv.o
c_lgsbc                             0000a319   defined in (D:\Program Files (x86)\COSMIC\CXSTM8\Lib\libm0.sm8)lgsbc.o section .text
                                               used in Debug\uart.o
c_llsh                              0000a32f   defined in (D:\Program Files (x86)\COSMIC\CXSTM8\Lib\libm0.sm8)llsh.o section .text
                                               used in Debug\stm8s_uart2.o
c_lmul                              0000a33e   defined in (D:\Program Files (x86)\COSMIC\CXSTM8\Lib\libm0.sm8)lmul.o section .text
                                               used in Debug\stm8s_i2c.o
                                                       (D:\Program Files (x86)\COSMIC\CXSTM8\Lib\libisl0.sm8)rand.o
c_lmulc                             0000a346   defined in (D:\Program Files (x86)\COSMIC\CXSTM8\Lib\libm0.sm8)lmul.o section .text
                                               *** not used ***
c_lneg                              0000a518   defined in (D:\Program Files (x86)\COSMIC\CXSTM8\Lib\libm0.sm8)lneg.o section .text
                                               used in (D:\Program Files (x86)\COSMIC\CXSTM8\Lib\libm0.sm8)ldiv.o
c_lreg                              00000000   defined in (D:\Program Files (x86)\COSMIC\CXSTM8\Lib\libm0.sm8)lreg.o section .ubsct
                                               used in Debug\stm8s_clk.o
                                                       Debug\stm8s_i2c.o
                                                       Debug\stm8s_uart2.o
                                                       Debug\i2c.o
                                                       Debug\i2c_master_poll.o
                                                       Debug\uart.o
                                                       (D:\Program Files (x86)\COSMIC\CXSTM8\Lib\libm0.sm8)itolx.o
                                                       (D:\Program Files (x86)\COSMIC\CXSTM8\Lib\libm0.sm8)ladd.o
                                                       (D:\Program Files (x86)\COSMIC\CXSTM8\Lib\libm0.sm8)lcmp.o
                                                       (D:\Program Files (x86)\COSMIC\CXSTM8\Lib\libm0.sm8)llsh.o
                                                       (D:\Program Files (x86)\COSMIC\CXSTM8\Lib\libm0.sm8)lmul.o
                                                       (D:\Program Files (x86)\COSMIC\CXSTM8\Lib\libm0.sm8)lrzmp.o
                                                       (D:\Program Files (x86)\COSMIC\CXSTM8\Lib\libm0.sm8)lsub.o
                                                       (D:\Program Files (x86)\COSMIC\CXSTM8\Lib\libm0.sm8)ltor.o
                                                       (D:\Program Files (x86)\COSMIC\CXSTM8\Lib\libm0.sm8)ldiv.o
                                                       (D:\Program Files (x86)\COSMIC\CXSTM8\Lib\libm0.sm8)lneg.o
                                                       (D:\Program Files (x86)\COSMIC\CXSTM8\Lib\libm0.sm8)lursh.o
                                                       (D:\Program Files (x86)\COSMIC\CXSTM8\Lib\libm0.sm8)rtol.o
                                                       (D:\Program Files (x86)\COSMIC\CXSTM8\Lib\libm0.sm8)smul.o
c_lrzmp                             0000a3c9   defined in (D:\Program Files (x86)\COSMIC\CXSTM8\Lib\libm0.sm8)lrzmp.o section .text
                                               used in Debug\uart.o
c_lsub                              0000a3dc   defined in (D:\Program Files (x86)\COSMIC\CXSTM8\Lib\libm0.sm8)lsub.o section .text
                                               used in Debug\stm8s_uart2.o
c_ltor                              0000a3f4   defined in (D:\Program Files (x86)\COSMIC\CXSTM8\Lib\libm0.sm8)ltor.o section .text
                                               used in Debug\stm8s_clk.o
                                                       Debug\stm8s_i2c.o
                                                       Debug\stm8s_uart2.o
                                                       Debug\uart.o
                                                       (D:\Program Files (x86)\COSMIC\CXSTM8\Lib\libisl0.sm8)rand.o
c_ludv                              0000a406   defined in (D:\Program Files (x86)\COSMIC\CXSTM8\Lib\libm0.sm8)ludiv.o section .text
                                               used in Debug\stm8s_clk.o
                                                       Debug\stm8s_i2c.o
                                                       Debug\stm8s_uart2.o
                                                       Debug\i2c_master_poll.o
c_lursh                             0000a52d   defined in (D:\Program Files (x86)\COSMIC\CXSTM8\Lib\libm0.sm8)lursh.o section .text
                                               used in Debug\stm8s_uart2.o
c_lzmp                              0000a53c   defined in (D:\Program Files (x86)\COSMIC\CXSTM8\Lib\libm0.sm8)lzmp.o section .text
                                               used in Debug\stm8s_i2c.o
c_rtol                              0000a54e   defined in (D:\Program Files (x86)\COSMIC\CXSTM8\Lib\libm0.sm8)rtol.o section .text
                                               used in Debug\stm8s_clk.o
                                                       Debug\stm8s_i2c.o
                                                       Debug\stm8s_uart2.o
                                                       (D:\Program Files (x86)\COSMIC\CXSTM8\Lib\libisl0.sm8)rand.o
c_sdivx                             0000a566   defined in (D:\Program Files (x86)\COSMIC\CXSTM8\Lib\libm0.sm8)sdivx.o section .text
                                               used in Debug\stm8s_i2c.o
c_smodx                             0000a560   defined in (D:\Program Files (x86)\COSMIC\CXSTM8\Lib\libm0.sm8)sdivx.o section .text
                                               *** not used ***
c_smul                              0000a58b   defined in (D:\Program Files (x86)\COSMIC\CXSTM8\Lib\libm0.sm8)smul.o section .text
                                               used in Debug\stm8s_i2c.o
                                                       Debug\stm8s_uart2.o
c_x                                 00000004   defined in (D:\Program Files (x86)\COSMIC\CXSTM8\Lib\libm0.sm8)xreg.o section .ubsct
                                               used in D:\Program Files (x86)\COSMIC\CXSTM8\Lib\crtsi0.sm8
                                                       Debug\i2c_master_poll.o
                                                       Debug\timer.o Debug\uart.o
                                                       (D:\Program Files (x86)\COSMIC\CXSTM8\Lib\libm0.sm8)lmul.o
                                                       (D:\Program Files (x86)\COSMIC\CXSTM8\Lib\libm0.sm8)ldiv.o
                                                       (D:\Program Files (x86)\COSMIC\CXSTM8\Lib\libm0.sm8)sdivx.o
c_y                                 00000007   defined in (D:\Program Files (x86)\COSMIC\CXSTM8\Lib\libm0.sm8)yreg.o section .ubsct
                                               used in D:\Program Files (x86)\COSMIC\CXSTM8\Lib\crtsi0.sm8
                                                       Debug\i2c.o
                                                       Debug\i2c_master_poll.o
                                                       Debug\timer.o Debug\uart.o
f_ADC1_IRQHandler                   ********   *** removed from Debug\stm8s_it.o ***
f_AWU_IRQHandler                    ********   *** removed from Debug\stm8s_it.o ***
f_CLK_IRQHandler                    ********   *** removed from Debug\stm8s_it.o ***
f_EEPROM_EEC_IRQHandler             ********   *** removed from Debug\stm8s_it.o ***
f_EXTI_PORTA_IRQHandler             ********   *** removed from Debug\stm8s_it.o ***
f_EXTI_PORTB_IRQHandler             ********   *** removed from Debug\stm8s_it.o ***
f_EXTI_PORTC_IRQHandler             ********   *** removed from Debug\stm8s_it.o ***
f_EXTI_PORTD_IRQHandler             ********   *** removed from Debug\stm8s_it.o ***
f_EXTI_PORTE_IRQHandler             ********   *** removed from Debug\stm8s_it.o ***
f_I2C_error_Interrupt_Handler       0000934d   defined in Debug\i2c_master_poll.o section .text
                                               used in Debug\stm8_interrupt_vector.o
f_NonHandledInterrupt               0000a5ca   defined in Debug\stm8_interrupt_vector.o section .text
f_SPI_IRQHandler                    ********   *** removed from Debug\stm8s_it.o ***
f_TIM1_CAP_COM_IRQHandler           ********   *** removed from Debug\stm8s_it.o ***
f_TIM1_UPD_OVF_TRG_BRK_IRQHandler   ********   *** removed from Debug\stm8s_it.o ***
f_TIM2_CAP_COM_IRQHandler           ********   *** removed from Debug\stm8s_it.o ***
f_TIM2_UPD_OVF_BRK_IRQHandler       ********   *** removed from Debug\stm8s_it.o ***
f_TIM3_CAP_COM_IRQHandler           ********   *** removed from Debug\stm8s_it.o ***
f_TIM3_UPD_OVF_BRK_IRQHandler       ********   *** removed from Debug\stm8s_it.o ***
f_TIM4InterruptHandle               000095b6   defined in Debug\timer.o section .text
                                               used in Debug\stm8_interrupt_vector.o
f_TLI_IRQHandler                    ********   *** removed from Debug\stm8s_it.o ***
f_TRAP_IRQHandler                   ********   *** removed from Debug\stm8s_it.o ***
f_UART2_RX_IRQHandler               ********   *** removed from Debug\stm8s_it.o ***
f_UART2_TX_IRQHandler               ********   *** removed from Debug\stm8s_it.o ***
