
Map of Debug\i2c_master_poll.sm8 from link file Debug\i2c_master_poll.lkf - Wed Jun 07 22:42:21 2017


                               --------
                               Segments
                               --------

start 00008080 end 00008197 length   279 segment .const
start 000081a5 end 0000a510 length  9067 segment .text
start 00004000 end 00004000 length     0 segment .eeprom
start 00000000 end 00000000 length     0 segment .bsct
start 00000000 end 0000000a length    10 segment .ubsct
start 0000000a end 0000000a length     0 segment .bit
start 0000000a end 0000000a length     0 segment .share
start 00000100 end 00000106 length     6 segment .data, initialized
start 0000819f end 000081a5 length     6 segment .data, from
start 00000106 end 00000550 length  1098 segment .bss
start 00000000 end 0000f427 length 62503 segment .debug
start 00008000 end 00008080 length   128 segment .const
start 00008197 end 0000819f length     8 segment .init


                               -------
                               Modules
                               -------

D:\Program Files (x86)\COSMIC\CXSTM8\Lib\crtsi0.sm8:
start 000081a5 end 000081f0 length    75 section .text
start 00000106 end 00000106 length     0 section .bss
start 00000000 end 00000000 length     0 section .ubsct

Debug\stm8s_clk.o:
start 00000000 end 00001657 length  5719 section .debug
start 00008080 end 000080c6 length    70 section .const
start ******** end ******** length     0 section .text *** removed ***
start ******** end ******** length     0 section .text *** removed ***
start ******** end ******** length     0 section .text *** removed ***
start ******** end ******** length     0 section .text *** removed ***
start ******** end ******** length     0 section .text *** removed ***
start ******** end ******** length     0 section .text *** removed ***
start ******** end ******** length     0 section .text *** removed ***
start ******** end ******** length     0 section .text *** removed ***
start ******** end ******** length     0 section .text *** removed ***
start ******** end ******** length     0 section .text *** removed ***
start ******** end ******** length     0 section .text *** removed ***
start ******** end ******** length     0 section .text *** removed ***
start ******** end ******** length     0 section .text *** removed ***
start ******** end ******** length     0 section .text *** removed ***
start ******** end ******** length     0 section .text *** removed ***
start ******** end ******** length     0 section .text *** removed ***
start ******** end ******** length     0 section .text *** removed ***
start 000081f0 end 00008275 length   133 section .text
start ******** end ******** length     0 section .text *** removed ***
start ******** end ******** length     0 section .text *** removed ***
start ******** end ******** length     0 section .text *** removed ***
start ******** end ******** length     0 section .text *** removed ***
start ******** end ******** length     0 section .text *** removed ***

Debug\stm8s_exti.o:
start 00001657 end 00001ade length  1159 section .debug
start ******** end ******** length     0 section .text *** removed ***
start ******** end ******** length     0 section .text *** removed ***
start ******** end ******** length     0 section .text *** removed ***
start ******** end ******** length     0 section .text *** removed ***
start ******** end ******** length     0 section .text *** removed ***
start ******** end ******** length     0 section .const *** removed ***

Debug\stm8s_gpio.o:
start 00001ade end 000024e4 length  2566 section .debug
start ******** end ******** length     0 section .text *** removed ***
start 00008275 end 00008351 length   220 section .text
start ******** end ******** length     0 section .text *** removed ***
start 00008351 end 00008358 length     7 section .text
start ******** end ******** length     0 section .text *** removed ***
start 00008358 end 0000835f length     7 section .text
start ******** end ******** length     0 section .text *** removed ***
start ******** end ******** length     0 section .text *** removed ***
start ******** end ******** length     0 section .text *** removed ***
start ******** end ******** length     0 section .text *** removed ***
start 000080c6 end 00008101 length    59 section .const

Debug\stm8s_i2c.o:
start 000024e4 end 00003a41 length  5469 section .debug
start 0000835f end 00008384 length    37 section .text
start 00008101 end 00008147 length    70 section .const
start 00008384 end 00008586 length   514 section .text
start 00008586 end 000085b1 length    43 section .text
start ******** end ******** length     0 section .text *** removed ***
start ******** end ******** length     0 section .text *** removed ***
start ******** end ******** length     0 section .text *** removed ***
start 000085b1 end 000085dc length    43 section .text
start ******** end ******** length     0 section .text *** removed ***
start 000085dc end 0000861b length    63 section .text
start ******** end ******** length     0 section .text *** removed ***
start ******** end ******** length     0 section .text *** removed ***
start ******** end ******** length     0 section .text *** removed ***
start ******** end ******** length     0 section .text *** removed ***
start ******** end ******** length     0 section .text *** removed ***
start ******** end ******** length     0 section .text *** removed ***
start ******** end ******** length     0 section .text *** removed ***
start ******** end ******** length     0 section .text *** removed ***
start ******** end ******** length     0 section .text *** removed ***
start ******** end ******** length     0 section .text *** removed ***
start ******** end ******** length     0 section .text *** removed ***

Debug\stm8s_itc.o:
start 00003a41 end 00004034 length  1523 section .debug
start ******** end ******** length     0 section .text *** removed ***
start ******** end ******** length     0 section .text *** removed ***
start ******** end ******** length     0 section .text *** removed ***
start ******** end ******** length     0 section .const *** removed ***
start ******** end ******** length     0 section .text *** removed ***
start ******** end ******** length     0 section .text *** removed ***

Debug\stm8s_rst.o:
start 00004034 end 00004263 length   559 section .debug
start ******** end ******** length     0 section .text *** removed ***
start ******** end ******** length     0 section .text *** removed ***
start ******** end ******** length     0 section .const *** removed ***

Debug\stm8s_tim1.o:
start 00004263 end 00008119 length 16054 section .debug
start ******** end ******** length     0 section .text *** removed ***
start ******** end ******** length     0 section .text *** removed ***
start ******** end ******** length     0 section .text *** removed ***
start ******** end ******** length     0 section .text *** removed ***
start ******** end ******** length     0 section .text *** removed ***
start ******** end ******** length     0 section .text *** removed ***
start ******** end ******** length     0 section .text *** removed ***
start ******** end ******** length     0 section .text *** removed ***
start ******** end ******** length     0 section .text *** removed ***
start ******** end ******** length     0 section .text *** removed ***
start ******** end ******** length     0 section .text *** removed ***
start ******** end ******** length     0 section .text *** removed ***
start ******** end ******** length     0 section .text *** removed ***
start ******** end ******** length     0 section .text *** removed ***
start ******** end ******** length     0 section .text *** removed ***
start ******** end ******** length     0 section .text *** removed ***
start ******** end ******** length     0 section .text *** removed ***
start ******** end ******** length     0 section .text *** removed ***
start ******** end ******** length     0 section .text *** removed ***
start ******** end ******** length     0 section .text *** removed ***
start ******** end ******** length     0 section .text *** removed ***
start ******** end ******** length     0 section .text *** removed ***
start ******** end ******** length     0 section .text *** removed ***
start ******** end ******** length     0 section .text *** removed ***
start ******** end ******** length     0 section .text *** removed ***
start ******** end ******** length     0 section .text *** removed ***
start ******** end ******** length     0 section .text *** removed ***
start ******** end ******** length     0 section .text *** removed ***
start ******** end ******** length     0 section .text *** removed ***
start ******** end ******** length     0 section .text *** removed ***
start ******** end ******** length     0 section .text *** removed ***
start ******** end ******** length     0 section .text *** removed ***
start ******** end ******** length     0 section .text *** removed ***
start ******** end ******** length     0 section .text *** removed ***
start ******** end ******** length     0 section .text *** removed ***
start ******** end ******** length     0 section .text *** removed ***
start ******** end ******** length     0 section .text *** removed ***
start ******** end ******** length     0 section .text *** removed ***
start ******** end ******** length     0 section .text *** removed ***
start ******** end ******** length     0 section .text *** removed ***
start ******** end ******** length     0 section .text *** removed ***
start ******** end ******** length     0 section .text *** removed ***
start ******** end ******** length     0 section .text *** removed ***
start ******** end ******** length     0 section .text *** removed ***
start ******** end ******** length     0 section .text *** removed ***
start ******** end ******** length     0 section .text *** removed ***
start ******** end ******** length     0 section .text *** removed ***
start ******** end ******** length     0 section .text *** removed ***
start ******** end ******** length     0 section .text *** removed ***
start ******** end ******** length     0 section .text *** removed ***
start ******** end ******** length     0 section .text *** removed ***
start ******** end ******** length     0 section .text *** removed ***
start ******** end ******** length     0 section .text *** removed ***
start ******** end ******** length     0 section .text *** removed ***
start ******** end ******** length     0 section .text *** removed ***
start ******** end ******** length     0 section .text *** removed ***
start ******** end ******** length     0 section .text *** removed ***
start ******** end ******** length     0 section .text *** removed ***
start ******** end ******** length     0 section .text *** removed ***
start ******** end ******** length     0 section .text *** removed ***
start ******** end ******** length     0 section .text *** removed ***
start ******** end ******** length     0 section .text *** removed ***
start ******** end ******** length     0 section .text *** removed ***
start ******** end ******** length     0 section .text *** removed ***
start ******** end ******** length     0 section .text *** removed ***
start ******** end ******** length     0 section .text *** removed ***
start ******** end ******** length     0 section .text *** removed ***
start ******** end ******** length     0 section .text *** removed ***
start ******** end ******** length     0 section .text *** removed ***
start ******** end ******** length     0 section .text *** removed ***
start ******** end ******** length     0 section .text *** removed ***
start ******** end ******** length     0 section .text *** removed ***
start ******** end ******** length     0 section .text *** removed ***
start ******** end ******** length     0 section .text *** removed ***
start ******** end ******** length     0 section .text *** removed ***
start ******** end ******** length     0 section .text *** removed ***
start ******** end ******** length     0 section .text *** removed ***
start ******** end ******** length     0 section .text *** removed ***
start ******** end ******** length     0 section .const *** removed ***

Debug\stm8s_tim2.o:
start 00008119 end 0000a39d length  8836 section .debug
start ******** end ******** length     0 section .text *** removed ***
start ******** end ******** length     0 section .text *** removed ***
start ******** end ******** length     0 section .text *** removed ***
start ******** end ******** length     0 section .text *** removed ***
start ******** end ******** length     0 section .text *** removed ***
start ******** end ******** length     0 section .text *** removed ***
start ******** end ******** length     0 section .text *** removed ***
start ******** end ******** length     0 section .text *** removed ***
start ******** end ******** length     0 section .text *** removed ***
start ******** end ******** length     0 section .text *** removed ***
start ******** end ******** length     0 section .text *** removed ***
start ******** end ******** length     0 section .text *** removed ***
start ******** end ******** length     0 section .text *** removed ***
start ******** end ******** length     0 section .text *** removed ***
start ******** end ******** length     0 section .text *** removed ***
start ******** end ******** length     0 section .text *** removed ***
start ******** end ******** length     0 section .text *** removed ***
start ******** end ******** length     0 section .text *** removed ***
start ******** end ******** length     0 section .text *** removed ***
start ******** end ******** length     0 section .text *** removed ***
start ******** end ******** length     0 section .text *** removed ***
start ******** end ******** length     0 section .text *** removed ***
start ******** end ******** length     0 section .text *** removed ***
start ******** end ******** length     0 section .text *** removed ***
start ******** end ******** length     0 section .text *** removed ***
start ******** end ******** length     0 section .text *** removed ***
start ******** end ******** length     0 section .text *** removed ***
start ******** end ******** length     0 section .text *** removed ***
start ******** end ******** length     0 section .text *** removed ***
start ******** end ******** length     0 section .text *** removed ***
start ******** end ******** length     0 section .text *** removed ***
start ******** end ******** length     0 section .text *** removed ***
start ******** end ******** length     0 section .text *** removed ***
start ******** end ******** length     0 section .text *** removed ***
start ******** end ******** length     0 section .text *** removed ***
start ******** end ******** length     0 section .text *** removed ***
start ******** end ******** length     0 section .text *** removed ***
start ******** end ******** length     0 section .text *** removed ***
start ******** end ******** length     0 section .text *** removed ***
start ******** end ******** length     0 section .text *** removed ***
start ******** end ******** length     0 section .text *** removed ***
start ******** end ******** length     0 section .text *** removed ***
start ******** end ******** length     0 section .text *** removed ***
start ******** end ******** length     0 section .text *** removed ***
start ******** end ******** length     0 section .text *** removed ***
start ******** end ******** length     0 section .text *** removed ***
start ******** end ******** length     0 section .const *** removed ***

Debug\stm8s_tim4.o:
start 0000a39d end 0000af40 length  2979 section .debug
start ******** end ******** length     0 section .text *** removed ***
start ******** end ******** length     0 section .text *** removed ***
start ******** end ******** length     0 section .text *** removed ***
start ******** end ******** length     0 section .text *** removed ***
start ******** end ******** length     0 section .text *** removed ***
start ******** end ******** length     0 section .text *** removed ***
start ******** end ******** length     0 section .text *** removed ***
start ******** end ******** length     0 section .text *** removed ***
start ******** end ******** length     0 section .text *** removed ***
start ******** end ******** length     0 section .text *** removed ***
start ******** end ******** length     0 section .text *** removed ***
start ******** end ******** length     0 section .text *** removed ***
start ******** end ******** length     0 section .text *** removed ***
start ******** end ******** length     0 section .text *** removed ***
start ******** end ******** length     0 section .text *** removed ***
start ******** end ******** length     0 section .text *** removed ***
start ******** end ******** length     0 section .text *** removed ***
start ******** end ******** length     0 section .text *** removed ***
start ******** end ******** length     0 section .const *** removed ***

Debug\stm8s_uart2.o:
start 0000af40 end 0000c4e2 length  5538 section .debug
start 0000861b end 00008644 length    41 section .text
start 00008147 end 0000818b length    68 section .const
start 00008644 end 0000889b length   599 section .text
start 0000889b end 000088a9 length    14 section .text
start 000088a9 end 000089a4 length   251 section .text
start ******** end ******** length     0 section .text *** removed ***
start ******** end ******** length     0 section .text *** removed ***
start ******** end ******** length     0 section .text *** removed ***
start ******** end ******** length     0 section .text *** removed ***
start ******** end ******** length     0 section .text *** removed ***
start ******** end ******** length     0 section .text *** removed ***
start ******** end ******** length     0 section .text *** removed ***
start ******** end ******** length     0 section .text *** removed ***
start ******** end ******** length     0 section .text *** removed ***
start ******** end ******** length     0 section .text *** removed ***
start ******** end ******** length     0 section .text *** removed ***
start ******** end ******** length     0 section .text *** removed ***
start ******** end ******** length     0 section .text *** removed ***
start ******** end ******** length     0 section .text *** removed ***
start ******** end ******** length     0 section .text *** removed ***
start ******** end ******** length     0 section .text *** removed ***
start ******** end ******** length     0 section .text *** removed ***
start ******** end ******** length     0 section .text *** removed ***
start ******** end ******** length     0 section .text *** removed ***
start ******** end ******** length     0 section .text *** removed ***
start ******** end ******** length     0 section .text *** removed ***

Debug\i2c.o:
start 00000106 end 00000155 length    79 section .bss
start 0000c4e2 end 0000cc9c length  1978 section .debug
start 000089a4 end 00008a2b length   135 section .text
start 00008a2b end 00008a67 length    60 section .text
start 00008a67 end 00008bde length   375 section .text
start 00008bde end 00008d89 length   427 section .text
start 00008d89 end 00008e38 length   175 section .text
start 00008e38 end 00008ed1 length   153 section .text
start 00008ed1 end 00008f6a length   153 section .text
start 00008f6a end 00008fb8 length    78 section .text

Debug\i2c_master_poll.o:
start 00000155 end 00000157 length     2 section .bss
start 0000cc9c end 0000d0bd length  1057 section .debug
start 0000818b end 0000818f length     4 section .const
start 00008fb8 end 0000902a length   114 section .text
start 0000902a end 000090f9 length   207 section .text
start ******** end ******** length     0 section .text *** removed ***
start 000090f9 end 000092c4 length   459 section .text
start 000092c4 end 000092d1 length    13 section .text
start 000092d1 end 000092ed length    28 section .text

Debug\main.o:
start ******** end ******** length     0 section .data *** removed ***
start 00000157 end 0000016d length    22 section .bss
start 0000d0bd end 0000d328 length   619 section .debug
start ******** end ******** length     0 section .const *** removed ***
start 000092ed end 000093ea length   253 section .text
start 000093ea end 00009482 length   152 section .text
start 00009482 end 00009484 length     2 section .text

Debug\stm8s_it.o:
start 0000d328 end 0000d920 length  1528 section .debug
start ******** end ******** length     0 section .text *** removed ***
start ******** end ******** length     0 section .text *** removed ***
start ******** end ******** length     0 section .text *** removed ***
start ******** end ******** length     0 section .text *** removed ***
start ******** end ******** length     0 section .text *** removed ***
start ******** end ******** length     0 section .text *** removed ***
start ******** end ******** length     0 section .text *** removed ***
start ******** end ******** length     0 section .text *** removed ***
start ******** end ******** length     0 section .text *** removed ***
start ******** end ******** length     0 section .text *** removed ***
start ******** end ******** length     0 section .text *** removed ***
start ******** end ******** length     0 section .text *** removed ***
start ******** end ******** length     0 section .text *** removed ***
start ******** end ******** length     0 section .text *** removed ***
start ******** end ******** length     0 section .text *** removed ***
start ******** end ******** length     0 section .text *** removed ***
start ******** end ******** length     0 section .text *** removed ***
start ******** end ******** length     0 section .text *** removed ***
start ******** end ******** length     0 section .text *** removed ***
start ******** end ******** length     0 section .text *** removed ***

Debug\timer.o:
start 0000016d end 00000176 length     9 section .bss
start 0000d920 end 0000dc2a length   778 section .debug
start 00009484 end 0000949d length    25 section .text
start 0000949d end 000094e9 length    76 section .text
start 000094e9 end 0000951e length    53 section .text

Debug\uart.o:
start 00000100 end 00000102 length     2 section .data
start 00000176 end 00000550 length   986 section .bss
start 0000dc2a end 0000f2bc length  5778 section .debug
start 0000951e end 00009557 length    57 section .text
start ******** end ******** length     0 section .text *** removed ***
start 00009557 end 00009579 length    34 section .text
start 00009579 end 000095ab length    50 section .text
start 000095ab end 000095c8 length    29 section .text
start 000095c8 end 000095ee length    38 section .text
start 000095ee end 0000960a length    28 section .text
start 0000960a end 0000963b length    49 section .text
start 0000963b end 00009777 length   316 section .text
start 00009777 end 00009794 length    29 section .text
start 00009794 end 00009b23 length   911 section .text
start 00009b23 end 00009b90 length   109 section .text
start 00009b90 end 00009bba length    42 section .text
start 00009bba end 00009ca8 length   238 section .text
start 00009ca8 end 00009d9d length   245 section .text
start 00009d9d end 00009ed5 length   312 section .text
start 00009ed5 end 00009f26 length    81 section .text
start 00009f26 end 00009fa1 length   123 section .text
start 00009fa1 end 0000a01c length   123 section .text
start 0000a01c end 0000a060 length    68 section .text
start 0000a060 end 0000a162 length   258 section .text
start 0000a162 end 0000a1d1 length   111 section .text

(D:\Program Files (x86)\COSMIC\CXSTM8\Lib\libisl0.sm8)rand.o:
start 0000a1d1 end 0000a1fa length    41 section .text
start 00000102 end 00000106 length     4 section .data
start 0000818f end 00008197 length     8 section .const

(D:\Program Files (x86)\COSMIC\CXSTM8\Lib\libm0.sm8)idiv.o:
start 0000a1fa end 0000a218 length    30 section .text

(D:\Program Files (x86)\COSMIC\CXSTM8\Lib\libm0.sm8)itolx.o:
start 0000a218 end 0000a226 length    14 section .text

(D:\Program Files (x86)\COSMIC\CXSTM8\Lib\libm0.sm8)ladd.o:
start 0000a226 end 0000a23e length    24 section .text

(D:\Program Files (x86)\COSMIC\CXSTM8\Lib\libm0.sm8)lcmp.o:
start 0000a23e end 0000a25e length    32 section .text

(D:\Program Files (x86)\COSMIC\CXSTM8\Lib\libm0.sm8)lgsbc.o:
start 0000a25e end 0000a274 length    22 section .text

(D:\Program Files (x86)\COSMIC\CXSTM8\Lib\libm0.sm8)llsh.o:
start 0000a274 end 0000a283 length    15 section .text

(D:\Program Files (x86)\COSMIC\CXSTM8\Lib\libm0.sm8)lmul.o:
start 0000a283 end 0000a30e length   139 section .text

(D:\Program Files (x86)\COSMIC\CXSTM8\Lib\libm0.sm8)lreg.o:
start 00000000 end 00000004 length     4 section .ubsct

(D:\Program Files (x86)\COSMIC\CXSTM8\Lib\libm0.sm8)lrzmp.o:
start 0000a30e end 0000a321 length    19 section .text

(D:\Program Files (x86)\COSMIC\CXSTM8\Lib\libm0.sm8)lsub.o:
start 0000a321 end 0000a339 length    24 section .text

(D:\Program Files (x86)\COSMIC\CXSTM8\Lib\libm0.sm8)ltor.o:
start 0000a339 end 0000a34b length    18 section .text

(D:\Program Files (x86)\COSMIC\CXSTM8\Lib\libm0.sm8)ludiv.o:
start 0000a34b end 0000a35f length    20 section .text

(D:\Program Files (x86)\COSMIC\CXSTM8\Lib\libm0.sm8)ldiv.o:
start 0000a35f end 0000a44a length   235 section .text

(D:\Program Files (x86)\COSMIC\CXSTM8\Lib\libm0.sm8)lgneg.o:
start 0000a44a end 0000a45d length    19 section .text

(D:\Program Files (x86)\COSMIC\CXSTM8\Lib\libm0.sm8)lneg.o:
start 0000a45d end 0000a472 length    21 section .text

(D:\Program Files (x86)\COSMIC\CXSTM8\Lib\libm0.sm8)lursh.o:
start 0000a472 end 0000a481 length    15 section .text

(D:\Program Files (x86)\COSMIC\CXSTM8\Lib\libm0.sm8)lzmp.o:
start 0000a481 end 0000a493 length    18 section .text

(D:\Program Files (x86)\COSMIC\CXSTM8\Lib\libm0.sm8)rtol.o:
start 0000a493 end 0000a4a5 length    18 section .text

(D:\Program Files (x86)\COSMIC\CXSTM8\Lib\libm0.sm8)sdivx.o:
start 0000a4a5 end 0000a4d0 length    43 section .text

(D:\Program Files (x86)\COSMIC\CXSTM8\Lib\libm0.sm8)smul.o:
start 0000a4d0 end 0000a50f length    63 section .text

(D:\Program Files (x86)\COSMIC\CXSTM8\Lib\libm0.sm8)xreg.o:
start 00000004 end 00000007 length     3 section .ubsct

(D:\Program Files (x86)\COSMIC\CXSTM8\Lib\libm0.sm8)yreg.o:
start 00000007 end 0000000a length     3 section .ubsct

Debug\stm8_interrupt_vector.o:
start 0000f2bc end 0000f427 length   363 section .debug
start 0000a50f end 0000a510 length     1 section .text
start 00008000 end 00008080 length   128 section .const


                             -----------
                             Stack usage
                             -----------

Debug\i2c.o:
_i2c_action_plug                   64   (40)
_i2c_device_info                   62   (38)
_i2c_get_energy_consum             61   (37)
_i2c_heartbeat                     62   (38)
_i2c_multiple_action_dimmer       102   (38)
_i2c_send_message                  24   (8)
_i2c_single_action_dimmer          64   (40)
_scan_device                       13   (5)

Debug\i2c_master_poll.o:
_ErrProc                            2   (2)
_I2C_Config                        39   (4)
_I2C_WriteBytes                     8   (8)
_I2C_WriteReadBytes                11   (11)
f_I2C_error_Interrupt_Handler  >   13   (11)

Debug\main.o:
_assert_failed                      6   (6)
_main                          >  167   (4)
_sys_init                           4   (4)

Debug\stm8_interrupt_vector.o:
f_NonHandledInterrupt          >    5   (5)

Debug\stm8s_clk.o:
_CLK_GetClockFreq                  25   (11)

Debug\stm8s_gpio.o:
_GPIO_Init                         12   (6)
_GPIO_WriteHigh                     5   (5)
_GPIO_WriteReverse                  5   (5)

Debug\stm8s_i2c.o:
_I2C_AcknowledgeConfig              9   (3)
_I2C_Cmd                            9   (3)
_I2C_DeInit                         2   (2)
_I2C_Init                          35   (21)
_I2C_SoftwareResetCmd               9   (3)

Debug\stm8s_uart2.o:
_UART2_Cmd                          2   (2)
_UART2_DeInit                       2   (2)
_UART2_ITConfig                    13   (7)
_UART2_Init                        50   (25)

Debug\timer.o:
_Init_Time4                         2   (2)
_Sys_Time_Manage                    2   (2)
f_TIM4InterruptHandle          >   13   (11)

Debug\uart.o:
_Check_Sum                          7   (7)
_Init_uart2                        52   (2)
_UART2_RX_ISR                  >   22   (11)
_UART2_TX_ISR                  >    5   (5)
_Uart2_Send                         6   (6)
_check_send_repeatedly             82   (3)
_clear_uart_buf                     3   (3)
_mymemcpy                          16   (14)
_random                            13   (5)
_report_energy_consum             119   (58)
_rev_anaylze                      163   (61)
_rev_cmd_data                      80   (59)
_rev_deal                          11   (4)
_send_device_info                  82   (3)
_send_malfunction                  79   (58)
_send_sc_device_info               78   (57)
_send_slc_device_info              79   (58)
_send_spc_device_info              79   (58)
_sicp_receipt_Done                 85   (64)
_sicp_receipt_OK                   82   (61)
_sicp_send_message                 21   (5)

D:\Program Files (x86:
_rand                               8   (2)
_srand                         >    5   (2)

Stack size: 189


                              ---------
                              Call tree
                              ---------
   1 > _UART2_RX_ISR: (11)
   2      + _rev_deal: (4)
   3      |    + _Check_Sum: (7)
          | 
       
   4 > _UART2_TX_ISR: (5)

   5 > __stext: (0)

   6 > _main: (4)
   7      + _GPIO_Init: (6)
   8      |    + _assert_failed: (6)
          | 
   9      + _GPIO_WriteHigh: (5)
  10      + _GPIO_WriteReverse: (5)
  11      + _I2C_Config: (4)
  12      |    + _CLK_GetClockFreq: (11)
  13      |    + _I2C_Cmd: (3)
  14      |    |    + _assert_failed --> 8
          |    | 
  15      |    + _I2C_DeInit: (2)
  16      |    + _I2C_Init: (21)
  17      |    |    + _I2C_AcknowledgeConfig: (3)
  18      |    |    |    + _assert_failed --> 8
          |    |    | 
  19      |    |    + _assert_failed --> 8
          |    | 
  20      |    + _I2C_SoftwareResetCmd: (3)
  21      |    |    + _assert_failed --> 8
          |    | 
          | 
  22      + _Init_Time4: (2)
  23      + _Init_uart2: (2)
  24      |    + _UART2_Cmd: (2)
  25      |    + _UART2_DeInit: (2)
  26      |    + _UART2_ITConfig: (7)
  27      |    |    + _assert_failed --> 8
          |    | 
  28      |    + _UART2_Init: (25)
  29      |    |    + _CLK_GetClockFreq --> 12
  30      |    |    + _assert_failed --> 8
          |    | 
          | 
  31      + _check_send_repeatedly: (3)
  32      |    + _send_sc_device_info: (57)
  33      |    |    + _sicp_send_message: (5)
  34      |    |    |    + _Check_Sum --> 3
  35      |    |    |    + _Uart2_Send: (6)
  36      |    |    |    + _mymemcpy: (14)
          |    |    | 
          |    | 
  37      |    + _send_slc_device_info: (58)
  38      |    |    + _sicp_send_message --> 33
          |    | 
  39      |    + _send_spc_device_info: (58)
  40      |    |    + _sicp_send_message --> 33
          |    | 
          | 
  41      + _i2c_device_info: (38)
  42      |    + _Check_Sum --> 3
  43      |    + _i2c_send_message: (8)
  44      |    |    + _Check_Sum --> 3
  45      |    |    + _I2C_WriteBytes: (8)
  46      |    |    + _I2C_WriteReadBytes: (11)
  47      |    |    + _mymemcpy --> 36
          |    | 
          | 
  48      + _i2c_heartbeat: (38)
  49      |    + _Check_Sum --> 3
  50      |    + _i2c_send_message --> 43
          | 
  51      + _report_energy_consum: (58)
  52      |    + _i2c_get_energy_consum: (37)
  53      |    |    + _Check_Sum --> 3
  54      |    |    + _i2c_send_message --> 43
          |    | 
  55      |    + _random: (5)
  56      |    |    + _rand: (2)
          |    | 
  57      |    + _sicp_send_message --> 33
          | 
  58      + _rev_anaylze: (61)
  59      |    + _clear_uart_buf: (3)
  60      |    + _i2c_action_plug: (40)
  61      |    |    + _Check_Sum --> 3
  62      |    |    + _i2c_send_message --> 43
          |    | 
  63      |    + _i2c_multiple_action_dimmer: (38)
  64      |    |    + _i2c_single_action_dimmer: (40)
  65      |    |    |    + _Check_Sum --> 3
  66      |    |    |    + _i2c_send_message --> 43
          |    |    | 
          |    | 
  67      |    + _i2c_single_action_dimmer --> 64
  68      |    + _rev_cmd_data: (59)
  69      |    |    + _sicp_send_message --> 33
          |    | 
  70      |    + _sicp_receipt_Done: (64)
  71      |    |    + _sicp_send_message --> 33
          |    | 
  72      |    + _sicp_receipt_OK: (61)
  73      |    |    + _sicp_send_message --> 33
          |    | 
  74      |    + _sicp_send_message --> 33
  75      |    + _sys_init: (4)
          | 
  76      + _scan_device: (5)
  77      |    + _I2C_WriteBytes --> 45
          | 
  78      + _send_device_info: (3)
  79      |    + _send_sc_device_info --> 32
  80      |    + _send_slc_device_info --> 37
  81      |    + _send_spc_device_info --> 39
          | 
  82      + _send_malfunction: (58)
  83      |    + _sicp_send_message --> 33
          | 
       
  84 > _srand: (2)

  85 > f_I2C_error_Interrupt_Handler: (11)
  86      + _ErrProc: (2)
       
  87 > f_NonHandledInterrupt: (5)

  88 > f_TIM4InterruptHandle: (11)
  89      + _Sys_Time_Manage: (2)
       
  90   _CLK_GetClockFreq --> 12

  91   _Check_Sum --> 3

  92   _ErrProc --> 86

  93   _GPIO_Init --> 7

  94   _GPIO_WriteHigh --> 9

  95   _GPIO_WriteReverse --> 10

  96   _I2C_AcknowledgeConfig --> 17

  97   _I2C_Cmd --> 13

  98   _I2C_Config --> 11

  99   _I2C_DeInit --> 15

 100   _I2C_Init --> 16

 101   _I2C_SoftwareResetCmd --> 20

 102   _I2C_WriteBytes --> 45

 103   _I2C_WriteReadBytes --> 46

 104   _Init_Time4 --> 22

 105   _Init_uart2 --> 23

 106   _Sys_Time_Manage --> 89

 107   _UART2_Cmd --> 24

 108   _UART2_DeInit --> 25

 109   _UART2_ITConfig --> 26

 110   _UART2_Init --> 28

 111   _Uart2_Send --> 35

 112   _assert_failed --> 8

 113   _check_send_repeatedly --> 31

 114   _clear_uart_buf --> 59

 115   _i2c_action_plug --> 60

 116   _i2c_device_info --> 41

 117   _i2c_get_energy_consum --> 52

 118   _i2c_heartbeat --> 48

 119   _i2c_multiple_action_dimmer --> 63

 120   _i2c_send_message --> 43

 121   _i2c_single_action_dimmer --> 64

 122   _mymemcpy --> 36

 123   _rand --> 56

 124   _random --> 55

 125   _report_energy_consum --> 51

 126   _rev_anaylze --> 58

 127   _rev_cmd_data --> 68

 128   _rev_deal --> 2

 129   _scan_device --> 76

 130   _send_device_info --> 78

 131   _send_malfunction --> 82

 132   _send_sc_device_info --> 32

 133   _send_slc_device_info --> 37

 134   _send_spc_device_info --> 39

 135   _sicp_receipt_Done --> 70

 136   _sicp_receipt_OK --> 72

 137   _sicp_send_message --> 33

 138   _sys_init --> 75



                               -------
                               Symbols
                               -------

_CLKPrescTable                      00008084   defined in Debug\stm8s_clk.o section .const
_CLK_AdjustHSICalibrationValue      ********   *** removed from Debug\stm8s_clk.o ***
_CLK_CCOCmd                         ********   *** removed from Debug\stm8s_clk.o ***
_CLK_CCOConfig                      ********   *** removed from Debug\stm8s_clk.o ***
_CLK_ClearITPendingBit              ********   *** removed from Debug\stm8s_clk.o ***
_CLK_ClockSecuritySystemEnable      ********   *** removed from Debug\stm8s_clk.o ***
_CLK_ClockSwitchCmd                 ********   *** removed from Debug\stm8s_clk.o ***
_CLK_ClockSwitchConfig              ********   *** removed from Debug\stm8s_clk.o ***
_CLK_DeInit                         ********   *** removed from Debug\stm8s_clk.o ***
_CLK_FastHaltWakeUpCmd              ********   *** removed from Debug\stm8s_clk.o ***
_CLK_GetClockFreq                   000081f0   defined in Debug\stm8s_clk.o section .text
                                               used in Debug\stm8s_uart2.o
                                                       Debug\i2c_master_poll.o
_CLK_GetFlagStatus                  ********   *** removed from Debug\stm8s_clk.o ***
_CLK_GetITStatus                    ********   *** removed from Debug\stm8s_clk.o ***
_CLK_GetSYSCLKSource                ********   *** removed from Debug\stm8s_clk.o ***
_CLK_HSECmd                         ********   *** removed from Debug\stm8s_clk.o ***
_CLK_HSICmd                         ********   *** removed from Debug\stm8s_clk.o ***
_CLK_HSIPrescalerConfig             ********   *** removed from Debug\stm8s_clk.o ***
_CLK_ITConfig                       ********   *** removed from Debug\stm8s_clk.o ***
_CLK_LSICmd                         ********   *** removed from Debug\stm8s_clk.o ***
_CLK_PeripheralClockConfig          ********   *** removed from Debug\stm8s_clk.o ***
_CLK_SWIMConfig                     ********   *** removed from Debug\stm8s_clk.o ***
_CLK_SYSCLKConfig                   ********   *** removed from Debug\stm8s_clk.o ***
_CLK_SYSCLKEmergencyClear           ********   *** removed from Debug\stm8s_clk.o ***
_CLK_SlowActiveHaltWakeUpCmd        ********   *** removed from Debug\stm8s_clk.o ***
_Check_Sum                          0000960a   defined in Debug\uart.o section .text
                                               used in Debug\i2c.o
_DUMMY_INIT                         ********   *** removed from Debug\main.o ***
_EXTI_DeInit                        ********   *** removed from Debug\stm8s_exti.o ***
_EXTI_GetExtIntSensitivity          ********   *** removed from Debug\stm8s_exti.o ***
_EXTI_GetTLISensitivity             ********   *** removed from Debug\stm8s_exti.o ***
_EXTI_SetExtIntSensitivity          ********   *** removed from Debug\stm8s_exti.o ***
_EXTI_SetTLISensitivity             ********   *** removed from Debug\stm8s_exti.o ***
_ErrProc                            000092c4   defined in Debug\i2c_master_poll.o section .text
_Flag1_                             00000175   defined in Debug\timer.o section .bss
                                               used in Debug\main.o
_GPIO_DeInit                        ********   *** removed from Debug\stm8s_gpio.o ***
_GPIO_ExternalPullUpConfig          ********   *** removed from Debug\stm8s_gpio.o ***
_GPIO_Init                          00008275   defined in Debug\stm8s_gpio.o section .text
                                               used in Debug\main.o
_GPIO_ReadInputData                 ********   *** removed from Debug\stm8s_gpio.o ***
_GPIO_ReadInputPin                  ********   *** removed from Debug\stm8s_gpio.o ***
_GPIO_ReadOutputData                ********   *** removed from Debug\stm8s_gpio.o ***
_GPIO_Write                         ********   *** removed from Debug\stm8s_gpio.o ***
_GPIO_WriteHigh                     00008351   defined in Debug\stm8s_gpio.o section .text
                                               used in Debug\main.o
_GPIO_WriteLow                      ********   *** removed from Debug\stm8s_gpio.o ***
_GPIO_WriteReverse                  00008358   defined in Debug\stm8s_gpio.o section .text
                                               used in Debug\main.o
_HSIDivFactor                       00008080   defined in Debug\stm8s_clk.o section .const
_I2C_AcknowledgeConfig              000085dc   defined in Debug\stm8s_i2c.o section .text
_I2C_CheckEvent                     ********   *** removed from Debug\stm8s_i2c.o ***
_I2C_ClearFlag                      ********   *** removed from Debug\stm8s_i2c.o ***
_I2C_ClearITPendingBit              ********   *** removed from Debug\stm8s_i2c.o ***
_I2C_Cmd                            00008586   defined in Debug\stm8s_i2c.o section .text
                                               used in Debug\i2c_master_poll.o
_I2C_Config                         00008fb8   defined in Debug\i2c_master_poll.o section .text
                                               used in Debug\main.o
_I2C_DeInit                         0000835f   defined in Debug\stm8s_i2c.o section .text
                                               used in Debug\i2c_master_poll.o
_I2C_FastModeDutyCycleConfig        ********   *** removed from Debug\stm8s_i2c.o ***
_I2C_GeneralCallCmd                 ********   *** removed from Debug\stm8s_i2c.o ***
_I2C_GenerateSTART                  ********   *** removed from Debug\stm8s_i2c.o ***
_I2C_GenerateSTOP                   ********   *** removed from Debug\stm8s_i2c.o ***
_I2C_GetFlagStatus                  ********   *** removed from Debug\stm8s_i2c.o ***
_I2C_GetITStatus                    ********   *** removed from Debug\stm8s_i2c.o ***
_I2C_GetLastEvent                   ********   *** removed from Debug\stm8s_i2c.o ***
_I2C_ITConfig                       ********   *** removed from Debug\stm8s_i2c.o ***
_I2C_Init                           00008384   defined in Debug\stm8s_i2c.o section .text
                                               used in Debug\i2c_master_poll.o
_I2C_ReadBytes                      ********   *** removed from Debug\i2c_master_poll.o ***
_I2C_ReceiveData                    ********   *** removed from Debug\stm8s_i2c.o ***
_I2C_Send7bitAddress                ********   *** removed from Debug\stm8s_i2c.o ***
_I2C_SendData                       ********   *** removed from Debug\stm8s_i2c.o ***
_I2C_SoftwareResetCmd               000085b1   defined in Debug\stm8s_i2c.o section .text
                                               used in Debug\i2c_master_poll.o
_I2C_StretchClockCmd                ********   *** removed from Debug\stm8s_i2c.o ***
_I2C_WriteBytes                     0000902a   defined in Debug\i2c_master_poll.o section .text
                                               used in Debug\i2c.o
_I2C_WriteReadBytes                 000090f9   defined in Debug\i2c_master_poll.o section .text
                                               used in Debug\i2c.o
_IIC_ErrorStr                       ********   *** removed from Debug\main.o ***
_ITC_DeInit                         ********   *** removed from Debug\stm8s_itc.o ***
_ITC_GetCPUCC                       ********   *** removed from Debug\stm8s_itc.o ***
_ITC_GetSoftIntStatus               ********   *** removed from Debug\stm8s_itc.o ***
_ITC_GetSoftwarePriority            ********   *** removed from Debug\stm8s_itc.o ***
_ITC_SetSoftwarePriority            ********   *** removed from Debug\stm8s_itc.o ***
_Init_Time4                         00009484   defined in Debug\timer.o section .text
                                               used in Debug\main.o
_Init_uart2                         00009579   defined in Debug\uart.o section .text
                                               used in Debug\main.o
_RST_ClearFlag                      ********   *** removed from Debug\stm8s_rst.o ***
_RST_GetFlagStatus                  ********   *** removed from Debug\stm8s_rst.o ***
_Sys_Time_Manage                    0000949d   defined in Debug\timer.o section .text
_TIM1_ARRPreloadConfig              ********   *** removed from Debug\stm8s_tim1.o ***
_TIM1_BDTRConfig                    ********   *** removed from Debug\stm8s_tim1.o ***
_TIM1_CCPreloadControl              ********   *** removed from Debug\stm8s_tim1.o ***
_TIM1_CCxCmd                        ********   *** removed from Debug\stm8s_tim1.o ***
_TIM1_CCxNCmd                       ********   *** removed from Debug\stm8s_tim1.o ***
_TIM1_ClearFlag                     ********   *** removed from Debug\stm8s_tim1.o ***
_TIM1_ClearITPendingBit             ********   *** removed from Debug\stm8s_tim1.o ***
_TIM1_Cmd                           ********   *** removed from Debug\stm8s_tim1.o ***
_TIM1_CounterModeConfig             ********   *** removed from Debug\stm8s_tim1.o ***
_TIM1_CtrlPWMOutputs                ********   *** removed from Debug\stm8s_tim1.o ***
_TIM1_DeInit                        ********   *** removed from Debug\stm8s_tim1.o ***
_TIM1_ETRClockMode1Config           ********   *** removed from Debug\stm8s_tim1.o ***
_TIM1_ETRClockMode2Config           ********   *** removed from Debug\stm8s_tim1.o ***
_TIM1_ETRConfig                     ********   *** removed from Debug\stm8s_tim1.o ***
_TIM1_EncoderInterfaceConfig        ********   *** removed from Debug\stm8s_tim1.o ***
_TIM1_ForcedOC1Config               ********   *** removed from Debug\stm8s_tim1.o ***
_TIM1_ForcedOC2Config               ********   *** removed from Debug\stm8s_tim1.o ***
_TIM1_ForcedOC3Config               ********   *** removed from Debug\stm8s_tim1.o ***
_TIM1_ForcedOC4Config               ********   *** removed from Debug\stm8s_tim1.o ***
_TIM1_GenerateEvent                 ********   *** removed from Debug\stm8s_tim1.o ***
_TIM1_GetCapture1                   ********   *** removed from Debug\stm8s_tim1.o ***
_TIM1_GetCapture2                   ********   *** removed from Debug\stm8s_tim1.o ***
_TIM1_GetCapture3                   ********   *** removed from Debug\stm8s_tim1.o ***
_TIM1_GetCapture4                   ********   *** removed from Debug\stm8s_tim1.o ***
_TIM1_GetCounter                    ********   *** removed from Debug\stm8s_tim1.o ***
_TIM1_GetFlagStatus                 ********   *** removed from Debug\stm8s_tim1.o ***
_TIM1_GetITStatus                   ********   *** removed from Debug\stm8s_tim1.o ***
_TIM1_GetPrescaler                  ********   *** removed from Debug\stm8s_tim1.o ***
_TIM1_ICInit                        ********   *** removed from Debug\stm8s_tim1.o ***
_TIM1_ITConfig                      ********   *** removed from Debug\stm8s_tim1.o ***
_TIM1_InternalClockConfig           ********   *** removed from Debug\stm8s_tim1.o ***
_TIM1_OC1FastConfig                 ********   *** removed from Debug\stm8s_tim1.o ***
_TIM1_OC1Init                       ********   *** removed from Debug\stm8s_tim1.o ***
_TIM1_OC1NPolarityConfig            ********   *** removed from Debug\stm8s_tim1.o ***
_TIM1_OC1PolarityConfig             ********   *** removed from Debug\stm8s_tim1.o ***
_TIM1_OC1PreloadConfig              ********   *** removed from Debug\stm8s_tim1.o ***
_TIM1_OC2FastConfig                 ********   *** removed from Debug\stm8s_tim1.o ***
_TIM1_OC2Init                       ********   *** removed from Debug\stm8s_tim1.o ***
_TIM1_OC2NPolarityConfig            ********   *** removed from Debug\stm8s_tim1.o ***
_TIM1_OC2PolarityConfig             ********   *** removed from Debug\stm8s_tim1.o ***
_TIM1_OC2PreloadConfig              ********   *** removed from Debug\stm8s_tim1.o ***
_TIM1_OC3FastConfig                 ********   *** removed from Debug\stm8s_tim1.o ***
_TIM1_OC3Init                       ********   *** removed from Debug\stm8s_tim1.o ***
_TIM1_OC3NPolarityConfig            ********   *** removed from Debug\stm8s_tim1.o ***
_TIM1_OC3PolarityConfig             ********   *** removed from Debug\stm8s_tim1.o ***
_TIM1_OC3PreloadConfig              ********   *** removed from Debug\stm8s_tim1.o ***
_TIM1_OC4FastConfig                 ********   *** removed from Debug\stm8s_tim1.o ***
_TIM1_OC4Init                       ********   *** removed from Debug\stm8s_tim1.o ***
_TIM1_OC4PolarityConfig             ********   *** removed from Debug\stm8s_tim1.o ***
_TIM1_OC4PreloadConfig              ********   *** removed from Debug\stm8s_tim1.o ***
_TIM1_PWMIConfig                    ********   *** removed from Debug\stm8s_tim1.o ***
_TIM1_PrescalerConfig               ********   *** removed from Debug\stm8s_tim1.o ***
_TIM1_SelectCOM                     ********   *** removed from Debug\stm8s_tim1.o ***
_TIM1_SelectHallSensor              ********   *** removed from Debug\stm8s_tim1.o ***
_TIM1_SelectInputTrigger            ********   *** removed from Debug\stm8s_tim1.o ***
_TIM1_SelectMasterSlaveMode         ********   *** removed from Debug\stm8s_tim1.o ***
_TIM1_SelectOCxM                    ********   *** removed from Debug\stm8s_tim1.o ***
_TIM1_SelectOnePulseMode            ********   *** removed from Debug\stm8s_tim1.o ***
_TIM1_SelectOutputTrigger           ********   *** removed from Debug\stm8s_tim1.o ***
_TIM1_SelectSlaveMode               ********   *** removed from Debug\stm8s_tim1.o ***
_TIM1_SetAutoreload                 ********   *** removed from Debug\stm8s_tim1.o ***
_TIM1_SetCompare1                   ********   *** removed from Debug\stm8s_tim1.o ***
_TIM1_SetCompare2                   ********   *** removed from Debug\stm8s_tim1.o ***
_TIM1_SetCompare3                   ********   *** removed from Debug\stm8s_tim1.o ***
_TIM1_SetCompare4                   ********   *** removed from Debug\stm8s_tim1.o ***
_TIM1_SetCounter                    ********   *** removed from Debug\stm8s_tim1.o ***
_TIM1_SetIC1Prescaler               ********   *** removed from Debug\stm8s_tim1.o ***
_TIM1_SetIC2Prescaler               ********   *** removed from Debug\stm8s_tim1.o ***
_TIM1_SetIC3Prescaler               ********   *** removed from Debug\stm8s_tim1.o ***
_TIM1_SetIC4Prescaler               ********   *** removed from Debug\stm8s_tim1.o ***
_TIM1_TIxExternalClockConfig        ********   *** removed from Debug\stm8s_tim1.o ***
_TIM1_TimeBaseInit                  ********   *** removed from Debug\stm8s_tim1.o ***
_TIM1_UpdateDisableConfig           ********   *** removed from Debug\stm8s_tim1.o ***
_TIM1_UpdateRequestConfig           ********   *** removed from Debug\stm8s_tim1.o ***
_TIM2_ARRPreloadConfig              ********   *** removed from Debug\stm8s_tim2.o ***
_TIM2_CCxCmd                        ********   *** removed from Debug\stm8s_tim2.o ***
_TIM2_ClearFlag                     ********   *** removed from Debug\stm8s_tim2.o ***
_TIM2_ClearITPendingBit             ********   *** removed from Debug\stm8s_tim2.o ***
_TIM2_Cmd                           ********   *** removed from Debug\stm8s_tim2.o ***
_TIM2_DeInit                        ********   *** removed from Debug\stm8s_tim2.o ***
_TIM2_ForcedOC1Config               ********   *** removed from Debug\stm8s_tim2.o ***
_TIM2_ForcedOC2Config               ********   *** removed from Debug\stm8s_tim2.o ***
_TIM2_ForcedOC3Config               ********   *** removed from Debug\stm8s_tim2.o ***
_TIM2_GenerateEvent                 ********   *** removed from Debug\stm8s_tim2.o ***
_TIM2_GetCapture1                   ********   *** removed from Debug\stm8s_tim2.o ***
_TIM2_GetCapture2                   ********   *** removed from Debug\stm8s_tim2.o ***
_TIM2_GetCapture3                   ********   *** removed from Debug\stm8s_tim2.o ***
_TIM2_GetCounter                    ********   *** removed from Debug\stm8s_tim2.o ***
_TIM2_GetFlagStatus                 ********   *** removed from Debug\stm8s_tim2.o ***
_TIM2_GetITStatus                   ********   *** removed from Debug\stm8s_tim2.o ***
_TIM2_GetPrescaler                  ********   *** removed from Debug\stm8s_tim2.o ***
_TIM2_ICInit                        ********   *** removed from Debug\stm8s_tim2.o ***
_TIM2_ITConfig                      ********   *** removed from Debug\stm8s_tim2.o ***
_TIM2_OC1Init                       ********   *** removed from Debug\stm8s_tim2.o ***
_TIM2_OC1PolarityConfig             ********   *** removed from Debug\stm8s_tim2.o ***
_TIM2_OC1PreloadConfig              ********   *** removed from Debug\stm8s_tim2.o ***
_TIM2_OC2Init                       ********   *** removed from Debug\stm8s_tim2.o ***
_TIM2_OC2PolarityConfig             ********   *** removed from Debug\stm8s_tim2.o ***
_TIM2_OC2PreloadConfig              ********   *** removed from Debug\stm8s_tim2.o ***
_TIM2_OC3Init                       ********   *** removed from Debug\stm8s_tim2.o ***
_TIM2_OC3PolarityConfig             ********   *** removed from Debug\stm8s_tim2.o ***
_TIM2_OC3PreloadConfig              ********   *** removed from Debug\stm8s_tim2.o ***
_TIM2_PWMIConfig                    ********   *** removed from Debug\stm8s_tim2.o ***
_TIM2_PrescalerConfig               ********   *** removed from Debug\stm8s_tim2.o ***
_TIM2_SelectOCxM                    ********   *** removed from Debug\stm8s_tim2.o ***
_TIM2_SelectOnePulseMode            ********   *** removed from Debug\stm8s_tim2.o ***
_TIM2_SetAutoreload                 ********   *** removed from Debug\stm8s_tim2.o ***
_TIM2_SetCompare1                   ********   *** removed from Debug\stm8s_tim2.o ***
_TIM2_SetCompare2                   ********   *** removed from Debug\stm8s_tim2.o ***
_TIM2_SetCompare3                   ********   *** removed from Debug\stm8s_tim2.o ***
_TIM2_SetCounter                    ********   *** removed from Debug\stm8s_tim2.o ***
_TIM2_SetIC1Prescaler               ********   *** removed from Debug\stm8s_tim2.o ***
_TIM2_SetIC2Prescaler               ********   *** removed from Debug\stm8s_tim2.o ***
_TIM2_SetIC3Prescaler               ********   *** removed from Debug\stm8s_tim2.o ***
_TIM2_TimeBaseInit                  ********   *** removed from Debug\stm8s_tim2.o ***
_TIM2_UpdateDisableConfig           ********   *** removed from Debug\stm8s_tim2.o ***
_TIM2_UpdateRequestConfig           ********   *** removed from Debug\stm8s_tim2.o ***
_TIM4_ARRPreloadConfig              ********   *** removed from Debug\stm8s_tim4.o ***
_TIM4_ClearFlag                     ********   *** removed from Debug\stm8s_tim4.o ***
_TIM4_ClearITPendingBit             ********   *** removed from Debug\stm8s_tim4.o ***
_TIM4_Cmd                           ********   *** removed from Debug\stm8s_tim4.o ***
_TIM4_DeInit                        ********   *** removed from Debug\stm8s_tim4.o ***
_TIM4_GenerateEvent                 ********   *** removed from Debug\stm8s_tim4.o ***
_TIM4_GetCounter                    ********   *** removed from Debug\stm8s_tim4.o ***
_TIM4_GetFlagStatus                 ********   *** removed from Debug\stm8s_tim4.o ***
_TIM4_GetITStatus                   ********   *** removed from Debug\stm8s_tim4.o ***
_TIM4_GetPrescaler                  ********   *** removed from Debug\stm8s_tim4.o ***
_TIM4_ITConfig                      ********   *** removed from Debug\stm8s_tim4.o ***
_TIM4_PrescalerConfig               ********   *** removed from Debug\stm8s_tim4.o ***
_TIM4_SelectOnePulseMode            ********   *** removed from Debug\stm8s_tim4.o ***
_TIM4_SetAutoreload                 ********   *** removed from Debug\stm8s_tim4.o ***
_TIM4_SetCounter                    ********   *** removed from Debug\stm8s_tim4.o ***
_TIM4_TimeBaseInit                  ********   *** removed from Debug\stm8s_tim4.o ***
_TIM4_UpdateDisableConfig           ********   *** removed from Debug\stm8s_tim4.o ***
_TIM4_UpdateRequestConfig           ********   *** removed from Debug\stm8s_tim4.o ***
_TIM4_tout                          00000155   defined in Debug\i2c_master_poll.o section .bss
                                               used in Debug\timer.o
_UART1Flag1_                        0000054f   defined in Debug\uart.o section .bss
_UART1Flag2_                        0000054e   defined in Debug\uart.o section .bss
_UART1Flag3_                        0000054d   defined in Debug\uart.o section .bss
_UART1Flag4_                        0000054c   defined in Debug\uart.o section .bss
_UART1Flag5_                        0000054b   defined in Debug\uart.o section .bss
_UART1Flag6_                        0000054a   defined in Debug\uart.o section .bss
_UART2_ClearFlag                    ********   *** removed from Debug\stm8s_uart2.o ***
_UART2_ClearITPendingBit            ********   *** removed from Debug\stm8s_uart2.o ***
_UART2_Cmd                          0000889b   defined in Debug\stm8s_uart2.o section .text
                                               used in Debug\uart.o
_UART2_DeInit                       0000861b   defined in Debug\stm8s_uart2.o section .text
                                               used in Debug\uart.o
_UART2_GetFlagStatus                ********   *** removed from Debug\stm8s_uart2.o ***
_UART2_GetITStatus                  ********   *** removed from Debug\stm8s_uart2.o ***
_UART2_ITConfig                     000088a9   defined in Debug\stm8s_uart2.o section .text
                                               used in Debug\uart.o
_UART2_Init                         00008644   defined in Debug\stm8s_uart2.o section .text
                                               used in Debug\uart.o
_UART2_IrDACmd                      ********   *** removed from Debug\stm8s_uart2.o ***
_UART2_IrDAConfig                   ********   *** removed from Debug\stm8s_uart2.o ***
_UART2_LINBreakDetectionConfig      ********   *** removed from Debug\stm8s_uart2.o ***
_UART2_LINCmd                       ********   *** removed from Debug\stm8s_uart2.o ***
_UART2_LINConfig                    ********   *** removed from Debug\stm8s_uart2.o ***
_UART2_RX_ISR                       000095ee   defined in Debug\uart.o section .text
                                               used in Debug\stm8_interrupt_vector.o
_UART2_ReceiveData8                 ********   *** removed from Debug\stm8s_uart2.o ***
_UART2_ReceiveData9                 ********   *** removed from Debug\stm8s_uart2.o ***
_UART2_ReceiverWakeUpCmd            ********   *** removed from Debug\stm8s_uart2.o ***
_UART2_SendBreak                    ********   *** removed from Debug\stm8s_uart2.o ***
_UART2_SendData8                    ********   *** removed from Debug\stm8s_uart2.o ***
_UART2_SendData9                    ********   *** removed from Debug\stm8s_uart2.o ***
_UART2_Send_Buf                     000001d0   defined in Debug\uart.o section .bss
_UART2_SetAddress                   ********   *** removed from Debug\stm8s_uart2.o ***
_UART2_SetGuardTime                 ********   *** removed from Debug\stm8s_uart2.o ***
_UART2_SetPrescaler                 ********   *** removed from Debug\stm8s_uart2.o ***
_UART2_SmartCardCmd                 ********   *** removed from Debug\stm8s_uart2.o ***
_UART2_SmartCardNACKCmd             ********   *** removed from Debug\stm8s_uart2.o ***
_UART2_TX_ISR                       000095c8   defined in Debug\uart.o section .text
                                               used in Debug\stm8_interrupt_vector.o
_UART2_WakeUpConfig                 ********   *** removed from Debug\stm8s_uart2.o ***
_Uart2_Rec_Cnt                      000001a4   defined in Debug\uart.o section .bss
_Uart2_Rece_Buf                     000001a5   defined in Debug\uart.o section .bss
_Uart2_Send                         000095ab   defined in Debug\uart.o section .text
_Uart2_Send_Cnt                     000001ce   defined in Debug\uart.o section .bss
_Uart2_Send_Done                    000001cd   defined in Debug\uart.o section .bss
_Uart2_Send_Length                  000001cf   defined in Debug\uart.o section .bss
__endmem                            000005ff   defined in command file
                                               *** not used ***
__endzp                             0000000a   defined in command file section .ubsct
                                               used in D:\Program Files (x86)\COSMIC\CXSTM8\Lib\crtsi0.sm8
__idesc__                           00008197   defined in linker section .init
                                               used in D:\Program Files (x86)\COSMIC\CXSTM8\Lib\crtsi0.sm8
__memory                            00000550   defined in command file section .bss
                                               used in D:\Program Files (x86)\COSMIC\CXSTM8\Lib\crtsi0.sm8
__stack                             000007ff   defined in command file
                                               used in D:\Program Files (x86)\COSMIC\CXSTM8\Lib\crtsi0.sm8
__startmem                          00000550   defined in command file section .bss
                                               *** not used ***
__stext                             000081a5   defined in D:\Program Files (x86)\COSMIC\CXSTM8\Lib\crtsi0.sm8 section .text
                                               used in Debug\stm8_interrupt_vector.o
__vectab                            00008000   defined in Debug\stm8_interrupt_vector.o section .const
_assert_failed                      00009482   defined in Debug\main.o section .text
                                               used in Debug\stm8s_clk.o
                                                       Debug\stm8s_exti.o
                                                       Debug\stm8s_gpio.o
                                                       Debug\stm8s_i2c.o
                                                       Debug\stm8s_itc.o
                                                       Debug\stm8s_rst.o
                                                       Debug\stm8s_tim1.o
                                                       Debug\stm8s_tim2.o
                                                       Debug\stm8s_tim4.o
                                                       Debug\stm8s_uart2.o
_check_send_repeatedly              0000a162   defined in Debug\uart.o section .text
                                               used in Debug\main.o
_clear_uart_buf                     00009777   defined in Debug\uart.o section .text
_delay                              ********   *** removed from Debug\uart.o ***
_device_flag                        00000115   defined in Debug\i2c.o section .bss
_di_timeout                         00000177   defined in Debug\uart.o section .bss
_exit                               000081ee   defined in D:\Program Files (x86)\COSMIC\CXSTM8\Lib\crtsi0.sm8 section .text
_hb_fail_mdid_cnt                   00000106   defined in Debug\i2c.o section .bss
_i2c_action_plug                    00008ed1   defined in Debug\i2c.o section .text
                                               used in Debug\uart.o
_i2c_device_info                    00008a67   defined in Debug\i2c.o section .text
                                               used in Debug\main.o
_i2c_get_energy_consum              00008d89   defined in Debug\i2c.o section .text
                                               used in Debug\uart.o
_i2c_heartbeat                      00008bde   defined in Debug\i2c.o section .text
                                               used in Debug\main.o
_i2c_multiple_action_dimmer         00008f6a   defined in Debug\i2c.o section .text
                                               used in Debug\uart.o
_i2c_rx_buf                         00000118   defined in Debug\i2c.o section .bss
_i2c_rx_len                         00000117   defined in Debug\i2c.o section .bss
_i2c_send_message                   000089a4   defined in Debug\i2c.o section .text
_i2c_single_action_dimmer           00008e38   defined in Debug\i2c.o section .text
                                               used in Debug\uart.o
_i2c_tx_buf                         00000137   defined in Debug\i2c.o section .bss
_i2c_tx_len                         00000136   defined in Debug\i2c.o section .bss
_init_slc_spc_done                  0000016c   defined in Debug\main.o section .bss
                                               used in Debug\uart.o
_main                               000093ea   defined in Debug\main.o section .text
                                               used in D:\Program Files (x86)\COSMIC\CXSTM8\Lib\crtsi0.sm8
_mal_timeout                        00000176   defined in Debug\uart.o section .bss
_mymemcpy                           0000951e   defined in Debug\uart.o section .text
                                               used in Debug\i2c.o
_ns_host_meshid_H                   00000200   defined in Debug\uart.o section .bss
_ns_host_meshid_L                   000001ff   defined in Debug\uart.o section .bss
_ns_own_meshid_H                    00000202   defined in Debug\uart.o section .bss
_ns_own_meshid_L                    00000201   defined in Debug\uart.o section .bss
_ns_phonenum                        00000203   defined in Debug\uart.o section .bss
_ns_signal                          00000205   defined in Debug\uart.o section .bss
_ns_status                          00000204   defined in Debug\uart.o section .bss
_rand                               0000a1d1   defined in (D:\Program Files (x86)\COSMIC\CXSTM8\Lib\libisl0.sm8)rand.o section .text
                                               used in Debug\uart.o
_random                             00009557   defined in Debug\uart.o section .text
_read_buffer                        00000158   defined in Debug\main.o section .bss
_report_energy_consum               00009d9d   defined in Debug\uart.o section .text
                                               used in Debug\main.o
_rev_anaylze                        00009794   defined in Debug\uart.o section .text
                                               used in Debug\main.o
_rev_channel                        000001fa   defined in Debug\uart.o section .bss
_rev_channel2                       000001f8   defined in Debug\uart.o section .bss
_rev_cmd_data                       00009ca8   defined in Debug\uart.o section .text
_rev_deal                           0000963b   defined in Debug\uart.o section .text
_rev_mdid                           000001fb   defined in Debug\uart.o section .bss
_rev_mdid2                          000001f9   defined in Debug\uart.o section .bss
_rev_mesh_id_H                      000001fd   defined in Debug\uart.o section .bss
_rev_mesh_id_L                      000001fc   defined in Debug\uart.o section .bss
_rev_message_id                     000001fe   defined in Debug\uart.o section .bss
_sc                                 00000206   defined in Debug\uart.o section .bss
                                               used in Debug\i2c.o Debug\main.o
_scan_device                        00008a2b   defined in Debug\i2c.o section .text
                                               used in Debug\main.o
_send_device_info                   0000a01c   defined in Debug\uart.o section .text
                                               used in Debug\main.o
_send_failed_count                  00000178   defined in Debug\uart.o section .bss
_send_fault_count                   0000017a   defined in Debug\uart.o section .bss
_send_malfunction                   0000a060   defined in Debug\uart.o section .text
                                               used in Debug\main.o
_send_sc_device_info                00009ed5   defined in Debug\uart.o section .text
_send_slc_device_info               00009f26   defined in Debug\uart.o section .text
_send_spc_device_info               00009fa1   defined in Debug\uart.o section .text
_sicp_buf                           0000017c   defined in Debug\uart.o section .bss
                                               used in Debug\i2c.o
_sicp_receipt_Done                  00009bba   defined in Debug\uart.o section .text
_sicp_receipt_OK                    00009b90   defined in Debug\uart.o section .text
_sicp_send_message                  00009b23   defined in Debug\uart.o section .text
_srand                              0000a1f1   defined in (D:\Program Files (x86)\COSMIC\CXSTM8\Lib\libisl0.sm8)rand.o section .text
_sys_init                           000092ed   defined in Debug\main.o section .text
                                               used in Debug\uart.o
_systime_count                      0000016d   defined in Debug\timer.o section .bss
                                               used in Debug\uart.o
_tick_5s                            00000157   defined in Debug\main.o section .bss
_write_buffer                       00000162   defined in Debug\main.o section .bss
c_divsl                             0000a35f   defined in (D:\Program Files (x86)\COSMIC\CXSTM8\Lib\libm0.sm8)ldiv.o section .text
                                               *** not used ***
c_divul                             0000a376   defined in (D:\Program Files (x86)\COSMIC\CXSTM8\Lib\libm0.sm8)ldiv.o section .text
                                               used in (D:\Program Files (x86)\COSMIC\CXSTM8\Lib\libm0.sm8)ludiv.o
c_idiv                              0000a1fa   defined in (D:\Program Files (x86)\COSMIC\CXSTM8\Lib\libm0.sm8)idiv.o section .text
                                               used in Debug\uart.o
c_itolx                             0000a218   defined in (D:\Program Files (x86)\COSMIC\CXSTM8\Lib\libm0.sm8)itolx.o section .text
                                               used in (D:\Program Files (x86)\COSMIC\CXSTM8\Lib\libisl0.sm8)rand.o
c_ladd                              0000a226   defined in (D:\Program Files (x86)\COSMIC\CXSTM8\Lib\libm0.sm8)ladd.o section .text
                                               used in (D:\Program Files (x86)\COSMIC\CXSTM8\Lib\libisl0.sm8)rand.o
c_lcmp                              0000a23e   defined in (D:\Program Files (x86)\COSMIC\CXSTM8\Lib\libm0.sm8)lcmp.o section .text
                                               used in Debug\stm8s_i2c.o
                                                       Debug\stm8s_uart2.o
c_lgneg                             0000a44a   defined in (D:\Program Files (x86)\COSMIC\CXSTM8\Lib\libm0.sm8)lgneg.o section .text
                                               used in (D:\Program Files (x86)\COSMIC\CXSTM8\Lib\libm0.sm8)ldiv.o
c_lgsbc                             0000a25e   defined in (D:\Program Files (x86)\COSMIC\CXSTM8\Lib\libm0.sm8)lgsbc.o section .text
                                               used in Debug\uart.o
c_llsh                              0000a274   defined in (D:\Program Files (x86)\COSMIC\CXSTM8\Lib\libm0.sm8)llsh.o section .text
                                               used in Debug\stm8s_uart2.o
c_lmul                              0000a283   defined in (D:\Program Files (x86)\COSMIC\CXSTM8\Lib\libm0.sm8)lmul.o section .text
                                               used in Debug\stm8s_i2c.o
                                                       (D:\Program Files (x86)\COSMIC\CXSTM8\Lib\libisl0.sm8)rand.o
c_lmulc                             0000a28b   defined in (D:\Program Files (x86)\COSMIC\CXSTM8\Lib\libm0.sm8)lmul.o section .text
                                               *** not used ***
c_lneg                              0000a45d   defined in (D:\Program Files (x86)\COSMIC\CXSTM8\Lib\libm0.sm8)lneg.o section .text
                                               used in (D:\Program Files (x86)\COSMIC\CXSTM8\Lib\libm0.sm8)ldiv.o
c_lreg                              00000000   defined in (D:\Program Files (x86)\COSMIC\CXSTM8\Lib\libm0.sm8)lreg.o section .ubsct
                                               used in Debug\stm8s_clk.o
                                                       Debug\stm8s_i2c.o
                                                       Debug\stm8s_uart2.o
                                                       Debug\i2c.o
                                                       Debug\i2c_master_poll.o
                                                       Debug\uart.o
                                                       (D:\Program Files (x86)\COSMIC\CXSTM8\Lib\libm0.sm8)itolx.o
                                                       (D:\Program Files (x86)\COSMIC\CXSTM8\Lib\libm0.sm8)ladd.o
                                                       (D:\Program Files (x86)\COSMIC\CXSTM8\Lib\libm0.sm8)lcmp.o
                                                       (D:\Program Files (x86)\COSMIC\CXSTM8\Lib\libm0.sm8)llsh.o
                                                       (D:\Program Files (x86)\COSMIC\CXSTM8\Lib\libm0.sm8)lmul.o
                                                       (D:\Program Files (x86)\COSMIC\CXSTM8\Lib\libm0.sm8)lrzmp.o
                                                       (D:\Program Files (x86)\COSMIC\CXSTM8\Lib\libm0.sm8)lsub.o
                                                       (D:\Program Files (x86)\COSMIC\CXSTM8\Lib\libm0.sm8)ltor.o
                                                       (D:\Program Files (x86)\COSMIC\CXSTM8\Lib\libm0.sm8)ldiv.o
                                                       (D:\Program Files (x86)\COSMIC\CXSTM8\Lib\libm0.sm8)lneg.o
                                                       (D:\Program Files (x86)\COSMIC\CXSTM8\Lib\libm0.sm8)lursh.o
                                                       (D:\Program Files (x86)\COSMIC\CXSTM8\Lib\libm0.sm8)rtol.o
                                                       (D:\Program Files (x86)\COSMIC\CXSTM8\Lib\libm0.sm8)smul.o
c_lrzmp                             0000a30e   defined in (D:\Program Files (x86)\COSMIC\CXSTM8\Lib\libm0.sm8)lrzmp.o section .text
                                               used in Debug\uart.o
c_lsub                              0000a321   defined in (D:\Program Files (x86)\COSMIC\CXSTM8\Lib\libm0.sm8)lsub.o section .text
                                               used in Debug\stm8s_uart2.o
c_ltor                              0000a339   defined in (D:\Program Files (x86)\COSMIC\CXSTM8\Lib\libm0.sm8)ltor.o section .text
                                               used in Debug\stm8s_clk.o
                                                       Debug\stm8s_i2c.o
                                                       Debug\stm8s_uart2.o
                                                       Debug\uart.o
                                                       (D:\Program Files (x86)\COSMIC\CXSTM8\Lib\libisl0.sm8)rand.o
c_ludv                              0000a34b   defined in (D:\Program Files (x86)\COSMIC\CXSTM8\Lib\libm0.sm8)ludiv.o section .text
                                               used in Debug\stm8s_clk.o
                                                       Debug\stm8s_i2c.o
                                                       Debug\stm8s_uart2.o
                                                       Debug\i2c_master_poll.o
c_lursh                             0000a472   defined in (D:\Program Files (x86)\COSMIC\CXSTM8\Lib\libm0.sm8)lursh.o section .text
                                               used in Debug\stm8s_uart2.o
c_lzmp                              0000a481   defined in (D:\Program Files (x86)\COSMIC\CXSTM8\Lib\libm0.sm8)lzmp.o section .text
                                               used in Debug\stm8s_i2c.o
c_rtol                              0000a493   defined in (D:\Program Files (x86)\COSMIC\CXSTM8\Lib\libm0.sm8)rtol.o section .text
                                               used in Debug\stm8s_clk.o
                                                       Debug\stm8s_i2c.o
                                                       Debug\stm8s_uart2.o
                                                       (D:\Program Files (x86)\COSMIC\CXSTM8\Lib\libisl0.sm8)rand.o
c_sdivx                             0000a4ab   defined in (D:\Program Files (x86)\COSMIC\CXSTM8\Lib\libm0.sm8)sdivx.o section .text
                                               used in Debug\stm8s_i2c.o
c_smodx                             0000a4a5   defined in (D:\Program Files (x86)\COSMIC\CXSTM8\Lib\libm0.sm8)sdivx.o section .text
                                               *** not used ***
c_smul                              0000a4d0   defined in (D:\Program Files (x86)\COSMIC\CXSTM8\Lib\libm0.sm8)smul.o section .text
                                               used in Debug\stm8s_i2c.o
                                                       Debug\stm8s_uart2.o
c_x                                 00000004   defined in (D:\Program Files (x86)\COSMIC\CXSTM8\Lib\libm0.sm8)xreg.o section .ubsct
                                               used in D:\Program Files (x86)\COSMIC\CXSTM8\Lib\crtsi0.sm8
                                                       Debug\i2c_master_poll.o
                                                       Debug\timer.o Debug\uart.o
                                                       (D:\Program Files (x86)\COSMIC\CXSTM8\Lib\libm0.sm8)lmul.o
                                                       (D:\Program Files (x86)\COSMIC\CXSTM8\Lib\libm0.sm8)ldiv.o
                                                       (D:\Program Files (x86)\COSMIC\CXSTM8\Lib\libm0.sm8)sdivx.o
c_y                                 00000007   defined in (D:\Program Files (x86)\COSMIC\CXSTM8\Lib\libm0.sm8)yreg.o section .ubsct
                                               used in D:\Program Files (x86)\COSMIC\CXSTM8\Lib\crtsi0.sm8
                                                       Debug\i2c.o
                                                       Debug\i2c_master_poll.o
                                                       Debug\timer.o Debug\uart.o
f_ADC1_IRQHandler                   ********   *** removed from Debug\stm8s_it.o ***
f_AWU_IRQHandler                    ********   *** removed from Debug\stm8s_it.o ***
f_CLK_IRQHandler                    ********   *** removed from Debug\stm8s_it.o ***
f_EEPROM_EEC_IRQHandler             ********   *** removed from Debug\stm8s_it.o ***
f_EXTI_PORTA_IRQHandler             ********   *** removed from Debug\stm8s_it.o ***
f_EXTI_PORTB_IRQHandler             ********   *** removed from Debug\stm8s_it.o ***
f_EXTI_PORTC_IRQHandler             ********   *** removed from Debug\stm8s_it.o ***
f_EXTI_PORTD_IRQHandler             ********   *** removed from Debug\stm8s_it.o ***
f_EXTI_PORTE_IRQHandler             ********   *** removed from Debug\stm8s_it.o ***
f_I2C_error_Interrupt_Handler       000092d1   defined in Debug\i2c_master_poll.o section .text
                                               used in Debug\stm8_interrupt_vector.o
f_NonHandledInterrupt               0000a50f   defined in Debug\stm8_interrupt_vector.o section .text
f_SPI_IRQHandler                    ********   *** removed from Debug\stm8s_it.o ***
f_TIM1_CAP_COM_IRQHandler           ********   *** removed from Debug\stm8s_it.o ***
f_TIM1_UPD_OVF_TRG_BRK_IRQHandler   ********   *** removed from Debug\stm8s_it.o ***
f_TIM2_CAP_COM_IRQHandler           ********   *** removed from Debug\stm8s_it.o ***
f_TIM2_UPD_OVF_BRK_IRQHandler       ********   *** removed from Debug\stm8s_it.o ***
f_TIM3_CAP_COM_IRQHandler           ********   *** removed from Debug\stm8s_it.o ***
f_TIM3_UPD_OVF_BRK_IRQHandler       ********   *** removed from Debug\stm8s_it.o ***
f_TIM4InterruptHandle               000094e9   defined in Debug\timer.o section .text
                                               used in Debug\stm8_interrupt_vector.o
f_TLI_IRQHandler                    ********   *** removed from Debug\stm8s_it.o ***
f_TRAP_IRQHandler                   ********   *** removed from Debug\stm8s_it.o ***
f_UART2_RX_IRQHandler               ********   *** removed from Debug\stm8s_it.o ***
f_UART2_TX_IRQHandler               ********   *** removed from Debug\stm8s_it.o ***
