
Map of Debug\i2c_master_poll.sm8 from link file Debug\i2c_master_poll.lkf - Sat Jul 22 23:46:07 2017


                               --------
                               Segments
                               --------

start 00008080 end 0000818f length   271 segment .const
start 00008199 end 0000a788 length  9711 segment .text
start 00004000 end 00004000 length     0 segment .eeprom
start 00000000 end 00000000 length     0 segment .bsct
start 00000000 end 0000000a length    10 segment .ubsct
start 0000000a end 0000000a length     0 segment .bit
start 0000000a end 0000000a length     0 segment .share
start 00000100 end 00000102 length     2 segment .data, initialized
start 00008197 end 00008199 length     2 segment .data, from
start 00000102 end 00000552 length  1104 segment .bss
start 00000000 end 0000f5ef length 62959 segment .debug
start 00008000 end 00008080 length   128 segment .const
start 0000818f end 00008197 length     8 segment .init


                               -------
                               Modules
                               -------

D:\Program Files (x86)\COSMIC\CXSTM8\Lib\crtsi0.sm8:
start 00008199 end 000081e4 length    75 section .text
start 00000102 end 00000102 length     0 section .bss
start 00000000 end 00000000 length     0 section .ubsct

Debug\stm8s_clk.o:
start 00000000 end 00001657 length  5719 section .debug
start 00008080 end 000080c6 length    70 section .const
start ******** end ******** length     0 section .text *** removed ***
start ******** end ******** length     0 section .text *** removed ***
start ******** end ******** length     0 section .text *** removed ***
start ******** end ******** length     0 section .text *** removed ***
start ******** end ******** length     0 section .text *** removed ***
start ******** end ******** length     0 section .text *** removed ***
start ******** end ******** length     0 section .text *** removed ***
start ******** end ******** length     0 section .text *** removed ***
start ******** end ******** length     0 section .text *** removed ***
start ******** end ******** length     0 section .text *** removed ***
start ******** end ******** length     0 section .text *** removed ***
start ******** end ******** length     0 section .text *** removed ***
start ******** end ******** length     0 section .text *** removed ***
start ******** end ******** length     0 section .text *** removed ***
start ******** end ******** length     0 section .text *** removed ***
start ******** end ******** length     0 section .text *** removed ***
start ******** end ******** length     0 section .text *** removed ***
start 000081e4 end 00008269 length   133 section .text
start ******** end ******** length     0 section .text *** removed ***
start ******** end ******** length     0 section .text *** removed ***
start ******** end ******** length     0 section .text *** removed ***
start ******** end ******** length     0 section .text *** removed ***
start ******** end ******** length     0 section .text *** removed ***

Debug\stm8s_exti.o:
start 00001657 end 00001ade length  1159 section .debug
start ******** end ******** length     0 section .text *** removed ***
start ******** end ******** length     0 section .text *** removed ***
start ******** end ******** length     0 section .text *** removed ***
start ******** end ******** length     0 section .text *** removed ***
start ******** end ******** length     0 section .text *** removed ***
start ******** end ******** length     0 section .const *** removed ***

Debug\stm8s_gpio.o:
start 00001ade end 000024e4 length  2566 section .debug
start ******** end ******** length     0 section .text *** removed ***
start 00008269 end 00008345 length   220 section .text
start ******** end ******** length     0 section .text *** removed ***
start 00008345 end 0000834c length     7 section .text
start ******** end ******** length     0 section .text *** removed ***
start 0000834c end 00008353 length     7 section .text
start ******** end ******** length     0 section .text *** removed ***
start ******** end ******** length     0 section .text *** removed ***
start ******** end ******** length     0 section .text *** removed ***
start ******** end ******** length     0 section .text *** removed ***
start 000080c6 end 00008101 length    59 section .const

Debug\stm8s_i2c.o:
start 000024e4 end 00003a41 length  5469 section .debug
start 00008353 end 00008378 length    37 section .text
start 00008101 end 00008147 length    70 section .const
start 00008378 end 0000857a length   514 section .text
start 0000857a end 000085a5 length    43 section .text
start ******** end ******** length     0 section .text *** removed ***
start ******** end ******** length     0 section .text *** removed ***
start ******** end ******** length     0 section .text *** removed ***
start 000085a5 end 000085d0 length    43 section .text
start ******** end ******** length     0 section .text *** removed ***
start 000085d0 end 0000860f length    63 section .text
start ******** end ******** length     0 section .text *** removed ***
start ******** end ******** length     0 section .text *** removed ***
start ******** end ******** length     0 section .text *** removed ***
start ******** end ******** length     0 section .text *** removed ***
start ******** end ******** length     0 section .text *** removed ***
start ******** end ******** length     0 section .text *** removed ***
start ******** end ******** length     0 section .text *** removed ***
start ******** end ******** length     0 section .text *** removed ***
start ******** end ******** length     0 section .text *** removed ***
start ******** end ******** length     0 section .text *** removed ***
start ******** end ******** length     0 section .text *** removed ***

Debug\stm8s_itc.o:
start 00003a41 end 00004034 length  1523 section .debug
start ******** end ******** length     0 section .text *** removed ***
start ******** end ******** length     0 section .text *** removed ***
start ******** end ******** length     0 section .text *** removed ***
start ******** end ******** length     0 section .const *** removed ***
start ******** end ******** length     0 section .text *** removed ***
start ******** end ******** length     0 section .text *** removed ***

Debug\stm8s_rst.o:
start 00004034 end 00004263 length   559 section .debug
start ******** end ******** length     0 section .text *** removed ***
start ******** end ******** length     0 section .text *** removed ***
start ******** end ******** length     0 section .const *** removed ***

Debug\stm8s_tim1.o:
start 00004263 end 00008119 length 16054 section .debug
start ******** end ******** length     0 section .text *** removed ***
start ******** end ******** length     0 section .text *** removed ***
start ******** end ******** length     0 section .text *** removed ***
start ******** end ******** length     0 section .text *** removed ***
start ******** end ******** length     0 section .text *** removed ***
start ******** end ******** length     0 section .text *** removed ***
start ******** end ******** length     0 section .text *** removed ***
start ******** end ******** length     0 section .text *** removed ***
start ******** end ******** length     0 section .text *** removed ***
start ******** end ******** length     0 section .text *** removed ***
start ******** end ******** length     0 section .text *** removed ***
start ******** end ******** length     0 section .text *** removed ***
start ******** end ******** length     0 section .text *** removed ***
start ******** end ******** length     0 section .text *** removed ***
start ******** end ******** length     0 section .text *** removed ***
start ******** end ******** length     0 section .text *** removed ***
start ******** end ******** length     0 section .text *** removed ***
start ******** end ******** length     0 section .text *** removed ***
start ******** end ******** length     0 section .text *** removed ***
start ******** end ******** length     0 section .text *** removed ***
start ******** end ******** length     0 section .text *** removed ***
start ******** end ******** length     0 section .text *** removed ***
start ******** end ******** length     0 section .text *** removed ***
start ******** end ******** length     0 section .text *** removed ***
start ******** end ******** length     0 section .text *** removed ***
start ******** end ******** length     0 section .text *** removed ***
start ******** end ******** length     0 section .text *** removed ***
start ******** end ******** length     0 section .text *** removed ***
start ******** end ******** length     0 section .text *** removed ***
start ******** end ******** length     0 section .text *** removed ***
start ******** end ******** length     0 section .text *** removed ***
start ******** end ******** length     0 section .text *** removed ***
start ******** end ******** length     0 section .text *** removed ***
start ******** end ******** length     0 section .text *** removed ***
start ******** end ******** length     0 section .text *** removed ***
start ******** end ******** length     0 section .text *** removed ***
start ******** end ******** length     0 section .text *** removed ***
start ******** end ******** length     0 section .text *** removed ***
start ******** end ******** length     0 section .text *** removed ***
start ******** end ******** length     0 section .text *** removed ***
start ******** end ******** length     0 section .text *** removed ***
start ******** end ******** length     0 section .text *** removed ***
start ******** end ******** length     0 section .text *** removed ***
start ******** end ******** length     0 section .text *** removed ***
start ******** end ******** length     0 section .text *** removed ***
start ******** end ******** length     0 section .text *** removed ***
start ******** end ******** length     0 section .text *** removed ***
start ******** end ******** length     0 section .text *** removed ***
start ******** end ******** length     0 section .text *** removed ***
start ******** end ******** length     0 section .text *** removed ***
start ******** end ******** length     0 section .text *** removed ***
start ******** end ******** length     0 section .text *** removed ***
start ******** end ******** length     0 section .text *** removed ***
start ******** end ******** length     0 section .text *** removed ***
start ******** end ******** length     0 section .text *** removed ***
start ******** end ******** length     0 section .text *** removed ***
start ******** end ******** length     0 section .text *** removed ***
start ******** end ******** length     0 section .text *** removed ***
start ******** end ******** length     0 section .text *** removed ***
start ******** end ******** length     0 section .text *** removed ***
start ******** end ******** length     0 section .text *** removed ***
start ******** end ******** length     0 section .text *** removed ***
start ******** end ******** length     0 section .text *** removed ***
start ******** end ******** length     0 section .text *** removed ***
start ******** end ******** length     0 section .text *** removed ***
start ******** end ******** length     0 section .text *** removed ***
start ******** end ******** length     0 section .text *** removed ***
start ******** end ******** length     0 section .text *** removed ***
start ******** end ******** length     0 section .text *** removed ***
start ******** end ******** length     0 section .text *** removed ***
start ******** end ******** length     0 section .text *** removed ***
start ******** end ******** length     0 section .text *** removed ***
start ******** end ******** length     0 section .text *** removed ***
start ******** end ******** length     0 section .text *** removed ***
start ******** end ******** length     0 section .text *** removed ***
start ******** end ******** length     0 section .text *** removed ***
start ******** end ******** length     0 section .text *** removed ***
start ******** end ******** length     0 section .text *** removed ***
start ******** end ******** length     0 section .const *** removed ***

Debug\stm8s_tim2.o:
start 00008119 end 0000a39d length  8836 section .debug
start ******** end ******** length     0 section .text *** removed ***
start ******** end ******** length     0 section .text *** removed ***
start ******** end ******** length     0 section .text *** removed ***
start ******** end ******** length     0 section .text *** removed ***
start ******** end ******** length     0 section .text *** removed ***
start ******** end ******** length     0 section .text *** removed ***
start ******** end ******** length     0 section .text *** removed ***
start ******** end ******** length     0 section .text *** removed ***
start ******** end ******** length     0 section .text *** removed ***
start ******** end ******** length     0 section .text *** removed ***
start ******** end ******** length     0 section .text *** removed ***
start ******** end ******** length     0 section .text *** removed ***
start ******** end ******** length     0 section .text *** removed ***
start ******** end ******** length     0 section .text *** removed ***
start ******** end ******** length     0 section .text *** removed ***
start ******** end ******** length     0 section .text *** removed ***
start ******** end ******** length     0 section .text *** removed ***
start ******** end ******** length     0 section .text *** removed ***
start ******** end ******** length     0 section .text *** removed ***
start ******** end ******** length     0 section .text *** removed ***
start ******** end ******** length     0 section .text *** removed ***
start ******** end ******** length     0 section .text *** removed ***
start ******** end ******** length     0 section .text *** removed ***
start ******** end ******** length     0 section .text *** removed ***
start ******** end ******** length     0 section .text *** removed ***
start ******** end ******** length     0 section .text *** removed ***
start ******** end ******** length     0 section .text *** removed ***
start ******** end ******** length     0 section .text *** removed ***
start ******** end ******** length     0 section .text *** removed ***
start ******** end ******** length     0 section .text *** removed ***
start ******** end ******** length     0 section .text *** removed ***
start ******** end ******** length     0 section .text *** removed ***
start ******** end ******** length     0 section .text *** removed ***
start ******** end ******** length     0 section .text *** removed ***
start ******** end ******** length     0 section .text *** removed ***
start ******** end ******** length     0 section .text *** removed ***
start ******** end ******** length     0 section .text *** removed ***
start ******** end ******** length     0 section .text *** removed ***
start ******** end ******** length     0 section .text *** removed ***
start ******** end ******** length     0 section .text *** removed ***
start ******** end ******** length     0 section .text *** removed ***
start ******** end ******** length     0 section .text *** removed ***
start ******** end ******** length     0 section .text *** removed ***
start ******** end ******** length     0 section .text *** removed ***
start ******** end ******** length     0 section .text *** removed ***
start ******** end ******** length     0 section .text *** removed ***
start ******** end ******** length     0 section .const *** removed ***

Debug\stm8s_tim4.o:
start 0000a39d end 0000af40 length  2979 section .debug
start ******** end ******** length     0 section .text *** removed ***
start ******** end ******** length     0 section .text *** removed ***
start ******** end ******** length     0 section .text *** removed ***
start ******** end ******** length     0 section .text *** removed ***
start ******** end ******** length     0 section .text *** removed ***
start ******** end ******** length     0 section .text *** removed ***
start ******** end ******** length     0 section .text *** removed ***
start ******** end ******** length     0 section .text *** removed ***
start ******** end ******** length     0 section .text *** removed ***
start ******** end ******** length     0 section .text *** removed ***
start ******** end ******** length     0 section .text *** removed ***
start ******** end ******** length     0 section .text *** removed ***
start ******** end ******** length     0 section .text *** removed ***
start ******** end ******** length     0 section .text *** removed ***
start ******** end ******** length     0 section .text *** removed ***
start ******** end ******** length     0 section .text *** removed ***
start ******** end ******** length     0 section .text *** removed ***
start ******** end ******** length     0 section .text *** removed ***
start ******** end ******** length     0 section .const *** removed ***

Debug\stm8s_uart2.o:
start 0000af40 end 0000c4e2 length  5538 section .debug
start 0000860f end 00008638 length    41 section .text
start 00008147 end 0000818b length    68 section .const
start 00008638 end 0000888f length   599 section .text
start 0000888f end 0000889d length    14 section .text
start 0000889d end 00008998 length   251 section .text
start ******** end ******** length     0 section .text *** removed ***
start ******** end ******** length     0 section .text *** removed ***
start ******** end ******** length     0 section .text *** removed ***
start ******** end ******** length     0 section .text *** removed ***
start ******** end ******** length     0 section .text *** removed ***
start ******** end ******** length     0 section .text *** removed ***
start ******** end ******** length     0 section .text *** removed ***
start ******** end ******** length     0 section .text *** removed ***
start ******** end ******** length     0 section .text *** removed ***
start ******** end ******** length     0 section .text *** removed ***
start ******** end ******** length     0 section .text *** removed ***
start ******** end ******** length     0 section .text *** removed ***
start ******** end ******** length     0 section .text *** removed ***
start ******** end ******** length     0 section .text *** removed ***
start ******** end ******** length     0 section .text *** removed ***
start ******** end ******** length     0 section .text *** removed ***
start ******** end ******** length     0 section .text *** removed ***
start ******** end ******** length     0 section .text *** removed ***
start ******** end ******** length     0 section .text *** removed ***
start ******** end ******** length     0 section .text *** removed ***
start ******** end ******** length     0 section .text *** removed ***

Debug\i2c.o:
start 00000102 end 00000154 length    82 section .bss
start 0000c4e2 end 0000ce7a length  2456 section .debug
start 00008998 end 00008a1f length   135 section .text
start 00008a1f end 00008a69 length    74 section .text
start 00008a69 end 00008be8 length   383 section .text
start 00008be8 end 00008d93 length   427 section .text
start 00008d93 end 00008e42 length   175 section .text
start 00008e42 end 00008ea8 length   102 section .text
start 00008ea8 end 00008f41 length   153 section .text
start 00008f41 end 00008fec length   171 section .text
start 00008fec end 00009041 length    85 section .text
start 00009041 end 00009096 length    85 section .text

Debug\i2c_master_poll.o:
start 00000154 end 00000156 length     2 section .bss
start 0000ce7a end 0000d29b length  1057 section .debug
start 0000818b end 0000818f length     4 section .const
start 00009096 end 00009108 length   114 section .text
start 00009108 end 000091d7 length   207 section .text
start ******** end ******** length     0 section .text *** removed ***
start 000091d7 end 000093a8 length   465 section .text
start 000093a8 end 000093b5 length    13 section .text
start 000093b5 end 000093d1 length    28 section .text

Debug\main.o:
start ******** end ******** length     0 section .data *** removed ***
start 00000156 end 0000016c length    22 section .bss
start 0000d29b end 0000d51b length   640 section .debug
start ******** end ******** length     0 section .const *** removed ***
start 000093d1 end 000094e2 length   273 section .text
start 000094e2 end 000095d0 length   238 section .text
start 000095d0 end 000095d2 length     2 section .text

Debug\stm8s_it.o:
start 0000d51b end 0000db13 length  1528 section .debug
start ******** end ******** length     0 section .text *** removed ***
start ******** end ******** length     0 section .text *** removed ***
start ******** end ******** length     0 section .text *** removed ***
start ******** end ******** length     0 section .text *** removed ***
start ******** end ******** length     0 section .text *** removed ***
start ******** end ******** length     0 section .text *** removed ***
start ******** end ******** length     0 section .text *** removed ***
start ******** end ******** length     0 section .text *** removed ***
start ******** end ******** length     0 section .text *** removed ***
start ******** end ******** length     0 section .text *** removed ***
start ******** end ******** length     0 section .text *** removed ***
start ******** end ******** length     0 section .text *** removed ***
start ******** end ******** length     0 section .text *** removed ***
start ******** end ******** length     0 section .text *** removed ***
start ******** end ******** length     0 section .text *** removed ***
start ******** end ******** length     0 section .text *** removed ***
start ******** end ******** length     0 section .text *** removed ***
start ******** end ******** length     0 section .text *** removed ***
start ******** end ******** length     0 section .text *** removed ***
start ******** end ******** length     0 section .text *** removed ***

Debug\timer.o:
start 0000016c end 00000177 length    11 section .bss
start 0000db13 end 0000de1d length   778 section .debug
start 000095d2 end 000095eb length    25 section .text
start 000095eb end 0000961e length    51 section .text
start 0000961e end 00009653 length    53 section .text

Debug\uart.o:
start 00000100 end 00000102 length     2 section .data
start 00000177 end 00000552 length   987 section .bss
start 0000de1d end 0000f484 length  5735 section .debug
start 00009653 end 0000968c length    57 section .text
start 0000968c end 000096b6 length    42 section .text
start ******** end ******** length     0 section .text *** removed ***
start 000096b6 end 000096e8 length    50 section .text
start 000096e8 end 00009705 length    29 section .text
start 00009705 end 0000972b length    38 section .text
start 0000972b end 00009747 length    28 section .text
start 00009747 end 00009778 length    49 section .text
start 00009778 end 000098b3 length   315 section .text
start 000098b3 end 000098d0 length    29 section .text
start 000098d0 end 00009dc7 length  1271 section .text
start 00009dc7 end 00009e34 length   109 section .text
start 00009e34 end 00009e5f length    43 section .text
start 00009e5f end 00009f51 length   242 section .text
start 00009f51 end 0000a046 length   245 section .text
start 0000a046 end 0000a17b length   309 section .text
start 0000a17b end 0000a1cc length    81 section .text
start 0000a1cc end 0000a250 length   132 section .text
start 0000a250 end 0000a2d4 length   132 section .text
start 0000a2d4 end 0000a32a length    86 section .text
start 0000a32a end 0000a447 length   285 section .text
start 0000a447 end 0000a4b6 length   111 section .text

(D:\Program Files (x86)\COSMIC\CXSTM8\Lib\libm0.sm8)lcmp.o:
start 0000a4b6 end 0000a4d6 length    32 section .text

(D:\Program Files (x86)\COSMIC\CXSTM8\Lib\libm0.sm8)lgsbc.o:
start 0000a4d6 end 0000a4ec length    22 section .text

(D:\Program Files (x86)\COSMIC\CXSTM8\Lib\libm0.sm8)llsh.o:
start 0000a4ec end 0000a4fb length    15 section .text

(D:\Program Files (x86)\COSMIC\CXSTM8\Lib\libm0.sm8)lmul.o:
start 0000a4fb end 0000a586 length   139 section .text

(D:\Program Files (x86)\COSMIC\CXSTM8\Lib\libm0.sm8)lreg.o:
start 00000000 end 00000004 length     4 section .ubsct

(D:\Program Files (x86)\COSMIC\CXSTM8\Lib\libm0.sm8)lrzmp.o:
start 0000a586 end 0000a599 length    19 section .text

(D:\Program Files (x86)\COSMIC\CXSTM8\Lib\libm0.sm8)lsub.o:
start 0000a599 end 0000a5b1 length    24 section .text

(D:\Program Files (x86)\COSMIC\CXSTM8\Lib\libm0.sm8)ltor.o:
start 0000a5b1 end 0000a5c3 length    18 section .text

(D:\Program Files (x86)\COSMIC\CXSTM8\Lib\libm0.sm8)ludiv.o:
start 0000a5c3 end 0000a5d7 length    20 section .text

(D:\Program Files (x86)\COSMIC\CXSTM8\Lib\libm0.sm8)ldiv.o:
start 0000a5d7 end 0000a6c2 length   235 section .text

(D:\Program Files (x86)\COSMIC\CXSTM8\Lib\libm0.sm8)lgneg.o:
start 0000a6c2 end 0000a6d5 length    19 section .text

(D:\Program Files (x86)\COSMIC\CXSTM8\Lib\libm0.sm8)lneg.o:
start 0000a6d5 end 0000a6ea length    21 section .text

(D:\Program Files (x86)\COSMIC\CXSTM8\Lib\libm0.sm8)lursh.o:
start 0000a6ea end 0000a6f9 length    15 section .text

(D:\Program Files (x86)\COSMIC\CXSTM8\Lib\libm0.sm8)lzmp.o:
start 0000a6f9 end 0000a70b length    18 section .text

(D:\Program Files (x86)\COSMIC\CXSTM8\Lib\libm0.sm8)rtol.o:
start 0000a70b end 0000a71d length    18 section .text

(D:\Program Files (x86)\COSMIC\CXSTM8\Lib\libm0.sm8)sdivx.o:
start 0000a71d end 0000a748 length    43 section .text

(D:\Program Files (x86)\COSMIC\CXSTM8\Lib\libm0.sm8)smul.o:
start 0000a748 end 0000a787 length    63 section .text

(D:\Program Files (x86)\COSMIC\CXSTM8\Lib\libm0.sm8)xreg.o:
start 00000004 end 00000007 length     3 section .ubsct

(D:\Program Files (x86)\COSMIC\CXSTM8\Lib\libm0.sm8)yreg.o:
start 00000007 end 0000000a length     3 section .ubsct

Debug\stm8_interrupt_vector.o:
start 0000f484 end 0000f5ef length   363 section .debug
start 0000a787 end 0000a788 length     1 section .text
start 00008000 end 00008080 length   128 section .const


                             -----------
                             Stack usage
                             -----------

Debug\i2c.o:
_i2c_action_plug                      65   (40)
_i2c_device_info                      65   (40)
_i2c_get_energy_consum                62   (37)
_i2c_heartbeat                        63   (38)
_i2c_multiple_action_dimmer          104   (39)
_i2c_multiple_action_plug            104   (39)
_i2c_send_message                     25   (8)
_i2c_single_action_dimmer             65   (40)
_i2c_single_action_dimmer_result      62   (37)
_scan_device                          13   (5)

Debug\i2c_master_poll.o:
_ErrProc                               2   (2)
_I2C_Config                           39   (4)
_I2C_WriteBytes                        8   (8)
_I2C_WriteReadBytes                   17   (11)
f_I2C_error_Interrupt_Handler     >   13   (11)

Debug\main.o:
_assert_failed                         6   (6)
_main                             >  171   (6)
_sys_init                              4   (4)

Debug\stm8_interrupt_vector.o:
f_NonHandledInterrupt             >    5   (5)

Debug\stm8s_clk.o:
_CLK_GetClockFreq                     25   (11)

Debug\stm8s_gpio.o:
_GPIO_Init                            12   (6)
_GPIO_WriteHigh                        5   (5)
_GPIO_WriteReverse                     5   (5)

Debug\stm8s_i2c.o:
_I2C_AcknowledgeConfig                 9   (3)
_I2C_Cmd                               9   (3)
_I2C_DeInit                            2   (2)
_I2C_Init                             35   (21)
_I2C_SoftwareResetCmd                  9   (3)

Debug\stm8s_uart2.o:
_UART2_Cmd                             2   (2)
_UART2_DeInit                          2   (2)
_UART2_ITConfig                       13   (7)
_UART2_Init                           50   (25)

Debug\timer.o:
_Init_Time4                            2   (2)
_Sys_Time_Manage                       2   (2)
f_TIM4InterruptHandle             >   13   (11)

Debug\uart.o:
_Check_Sum                             7   (7)
_Init_uart2                           52   (2)
_UART2_RX_ISR                     >   22   (11)
_UART2_TX_ISR                     >    5   (5)
_Uart2_Send                            6   (6)
_check_send_repeatedly                82   (3)
_clear_uart_buf                        3   (3)
_delay                                 6   (6)
_mymemcpy                             16   (14)
_report_energy_consum                120   (58)
_rev_anaylze                         165   (61)
_rev_cmd_data                         80   (59)
_rev_deal                             11   (4)
_send_device_info                     82   (3)
_send_malfunction                     79   (58)
_send_sc_device_info                  78   (57)
_send_slc_device_info                 79   (58)
_send_spc_device_info                 79   (58)
_sicp_receipt_Done                    85   (64)
_sicp_receipt_OK                      80   (59)
_sicp_send_message                    21   (5)

Stack size: 193


                              ---------
                              Call tree
                              ---------
   1 > _UART2_RX_ISR: (11)
   2      + _rev_deal: (4)
   3      |    + _Check_Sum: (7)
          | 
       
   4 > _UART2_TX_ISR: (5)

   5 > __stext: (0)

   6 > _main: (6)
   7      + _GPIO_Init: (6)
   8      |    + _assert_failed: (6)
          | 
   9      + _GPIO_WriteHigh: (5)
  10      + _GPIO_WriteReverse: (5)
  11      + _I2C_Config: (4)
  12      |    + _CLK_GetClockFreq: (11)
  13      |    + _I2C_Cmd: (3)
  14      |    |    + _assert_failed --> 8
          |    | 
  15      |    + _I2C_DeInit: (2)
  16      |    + _I2C_Init: (21)
  17      |    |    + _I2C_AcknowledgeConfig: (3)
  18      |    |    |    + _assert_failed --> 8
          |    |    | 
  19      |    |    + _assert_failed --> 8
          |    | 
  20      |    + _I2C_SoftwareResetCmd: (3)
  21      |    |    + _assert_failed --> 8
          |    | 
          | 
  22      + _Init_Time4: (2)
  23      + _Init_uart2: (2)
  24      |    + _UART2_Cmd: (2)
  25      |    + _UART2_DeInit: (2)
  26      |    + _UART2_ITConfig: (7)
  27      |    |    + _assert_failed --> 8
          |    | 
  28      |    + _UART2_Init: (25)
  29      |    |    + _CLK_GetClockFreq --> 12
  30      |    |    + _assert_failed --> 8
          |    | 
          | 
  31      + _check_send_repeatedly: (3)
  32      |    + _send_sc_device_info: (57)
  33      |    |    + _sicp_send_message: (5)
  34      |    |    |    + _Check_Sum --> 3
  35      |    |    |    + _Uart2_Send: (6)
  36      |    |    |    + _mymemcpy: (14)
          |    |    | 
          |    | 
  37      |    + _send_slc_device_info: (58)
  38      |    |    + _sicp_send_message --> 33
          |    | 
  39      |    + _send_spc_device_info: (58)
  40      |    |    + _sicp_send_message --> 33
          |    | 
          | 
  41      + _delay: (6)
  42      + _i2c_device_info: (40)
  43      |    + _Check_Sum --> 3
  44      |    + _i2c_send_message: (8)
  45      |    |    + _Check_Sum --> 3
  46      |    |    + _I2C_WriteBytes: (8)
  47      |    |    + _I2C_WriteReadBytes: (11)
  48      |    |    |    + _delay --> 41
          |    |    | 
  49      |    |    + _mymemcpy --> 36
          |    | 
          | 
  50      + _i2c_heartbeat: (38)
  51      |    + _Check_Sum --> 3
  52      |    + _i2c_send_message --> 44
          | 
  53      + _i2c_single_action_dimmer_result: (37)
  54      |    + _Check_Sum --> 3
  55      |    + _delay --> 41
  56      |    + _i2c_send_message --> 44
          | 
  57      + _report_energy_consum: (58)
  58      |    + _i2c_get_energy_consum: (37)
  59      |    |    + _Check_Sum --> 3
  60      |    |    + _i2c_send_message --> 44
          |    | 
  61      |    + _sicp_send_message --> 33
          | 
  62      + _rev_anaylze: (61)
  63      |    + _clear_uart_buf: (3)
  64      |    + _delay --> 41
  65      |    + _i2c_action_plug: (40)
  66      |    |    + _Check_Sum --> 3
  67      |    |    + _delay --> 41
  68      |    |    + _i2c_send_message --> 44
          |    | 
  69      |    + _i2c_multiple_action_dimmer: (39)
  70      |    |    + _delay --> 41
  71      |    |    + _i2c_single_action_dimmer: (40)
  72      |    |    |    + _Check_Sum --> 3
  73      |    |    |    + _i2c_send_message --> 44
          |    |    | 
          |    | 
  74      |    + _i2c_multiple_action_plug: (39)
  75      |    |    + _delay --> 41
  76      |    |    + _i2c_action_plug --> 65
          |    | 
  77      |    + _i2c_single_action_dimmer --> 71
  78      |    + _rev_cmd_data: (59)
  79      |    |    + _sicp_send_message --> 33
          |    | 
  80      |    + _sicp_receipt_Done: (64)
  81      |    |    + _sicp_send_message --> 33
          |    | 
  82      |    + _sicp_receipt_OK: (59)
  83      |    |    + _sicp_send_message --> 33
          |    | 
  84      |    + _sicp_send_message --> 33
  85      |    + _sys_init: (4)
          | 
  86      + _scan_device: (5)
  87      |    + _I2C_WriteBytes --> 46
          | 
  88      + _send_device_info: (3)
  89      |    + _delay --> 41
  90      |    + _send_sc_device_info --> 32
  91      |    + _send_slc_device_info --> 37
  92      |    + _send_spc_device_info --> 39
          | 
  93      + _send_malfunction: (58)
  94      |    + _delay --> 41
  95      |    + _sicp_send_message --> 33
          | 
  96      + _sicp_receipt_Done --> 80
  97      + _sys_init --> 85
       
  98 > f_I2C_error_Interrupt_Handler: (11)
  99      + _ErrProc: (2)
       
 100 > f_NonHandledInterrupt: (5)

 101 > f_TIM4InterruptHandle: (11)
 102      + _Sys_Time_Manage: (2)
       
 103   _CLK_GetClockFreq --> 12

 104   _Check_Sum --> 3

 105   _ErrProc --> 99

 106   _GPIO_Init --> 7

 107   _GPIO_WriteHigh --> 9

 108   _GPIO_WriteReverse --> 10

 109   _I2C_AcknowledgeConfig --> 17

 110   _I2C_Cmd --> 13

 111   _I2C_Config --> 11

 112   _I2C_DeInit --> 15

 113   _I2C_Init --> 16

 114   _I2C_SoftwareResetCmd --> 20

 115   _I2C_WriteBytes --> 46

 116   _I2C_WriteReadBytes --> 47

 117   _Init_Time4 --> 22

 118   _Init_uart2 --> 23

 119   _Sys_Time_Manage --> 102

 120   _UART2_Cmd --> 24

 121   _UART2_DeInit --> 25

 122   _UART2_ITConfig --> 26

 123   _UART2_Init --> 28

 124   _Uart2_Send --> 35

 125   _assert_failed --> 8

 126   _check_send_repeatedly --> 31

 127   _clear_uart_buf --> 63

 128   _delay --> 41

 129   _i2c_action_plug --> 65

 130   _i2c_device_info --> 42

 131   _i2c_get_energy_consum --> 58

 132   _i2c_heartbeat --> 50

 133   _i2c_multiple_action_dimmer --> 69

 134   _i2c_multiple_action_plug --> 74

 135   _i2c_send_message --> 44

 136   _i2c_single_action_dimmer --> 71

 137   _i2c_single_action_dimmer_result --> 53

 138   _mymemcpy --> 36

 139   _report_energy_consum --> 57

 140   _rev_anaylze --> 62

 141   _rev_cmd_data --> 78

 142   _rev_deal --> 2

 143   _scan_device --> 86

 144   _send_device_info --> 88

 145   _send_malfunction --> 93

 146   _send_sc_device_info --> 32

 147   _send_slc_device_info --> 37

 148   _send_spc_device_info --> 39

 149   _sicp_receipt_Done --> 80

 150   _sicp_receipt_OK --> 82

 151   _sicp_send_message --> 33

 152   _sys_init --> 85



                               -------
                               Symbols
                               -------

_CLKPrescTable                      00008084   defined in Debug\stm8s_clk.o section .const
_CLK_AdjustHSICalibrationValue      ********   *** removed from Debug\stm8s_clk.o ***
_CLK_CCOCmd                         ********   *** removed from Debug\stm8s_clk.o ***
_CLK_CCOConfig                      ********   *** removed from Debug\stm8s_clk.o ***
_CLK_ClearITPendingBit              ********   *** removed from Debug\stm8s_clk.o ***
_CLK_ClockSecuritySystemEnable      ********   *** removed from Debug\stm8s_clk.o ***
_CLK_ClockSwitchCmd                 ********   *** removed from Debug\stm8s_clk.o ***
_CLK_ClockSwitchConfig              ********   *** removed from Debug\stm8s_clk.o ***
_CLK_DeInit                         ********   *** removed from Debug\stm8s_clk.o ***
_CLK_FastHaltWakeUpCmd              ********   *** removed from Debug\stm8s_clk.o ***
_CLK_GetClockFreq                   000081e4   defined in Debug\stm8s_clk.o section .text
                                               used in Debug\stm8s_uart2.o
                                                       Debug\i2c_master_poll.o
_CLK_GetFlagStatus                  ********   *** removed from Debug\stm8s_clk.o ***
_CLK_GetITStatus                    ********   *** removed from Debug\stm8s_clk.o ***
_CLK_GetSYSCLKSource                ********   *** removed from Debug\stm8s_clk.o ***
_CLK_HSECmd                         ********   *** removed from Debug\stm8s_clk.o ***
_CLK_HSICmd                         ********   *** removed from Debug\stm8s_clk.o ***
_CLK_HSIPrescalerConfig             ********   *** removed from Debug\stm8s_clk.o ***
_CLK_ITConfig                       ********   *** removed from Debug\stm8s_clk.o ***
_CLK_LSICmd                         ********   *** removed from Debug\stm8s_clk.o ***
_CLK_PeripheralClockConfig          ********   *** removed from Debug\stm8s_clk.o ***
_CLK_SWIMConfig                     ********   *** removed from Debug\stm8s_clk.o ***
_CLK_SYSCLKConfig                   ********   *** removed from Debug\stm8s_clk.o ***
_CLK_SYSCLKEmergencyClear           ********   *** removed from Debug\stm8s_clk.o ***
_CLK_SlowActiveHaltWakeUpCmd        ********   *** removed from Debug\stm8s_clk.o ***
_Check_Sum                          00009747   defined in Debug\uart.o section .text
                                               used in Debug\i2c.o
_DUMMY_INIT                         ********   *** removed from Debug\main.o ***
_EXTI_DeInit                        ********   *** removed from Debug\stm8s_exti.o ***
_EXTI_GetExtIntSensitivity          ********   *** removed from Debug\stm8s_exti.o ***
_EXTI_GetTLISensitivity             ********   *** removed from Debug\stm8s_exti.o ***
_EXTI_SetExtIntSensitivity          ********   *** removed from Debug\stm8s_exti.o ***
_EXTI_SetTLISensitivity             ********   *** removed from Debug\stm8s_exti.o ***
_ErrProc                            000093a8   defined in Debug\i2c_master_poll.o section .text
_Flag1_                             00000176   defined in Debug\timer.o section .bss
                                               used in Debug\main.o
_GPIO_DeInit                        ********   *** removed from Debug\stm8s_gpio.o ***
_GPIO_ExternalPullUpConfig          ********   *** removed from Debug\stm8s_gpio.o ***
_GPIO_Init                          00008269   defined in Debug\stm8s_gpio.o section .text
                                               used in Debug\main.o
_GPIO_ReadInputData                 ********   *** removed from Debug\stm8s_gpio.o ***
_GPIO_ReadInputPin                  ********   *** removed from Debug\stm8s_gpio.o ***
_GPIO_ReadOutputData                ********   *** removed from Debug\stm8s_gpio.o ***
_GPIO_Write                         ********   *** removed from Debug\stm8s_gpio.o ***
_GPIO_WriteHigh                     00008345   defined in Debug\stm8s_gpio.o section .text
                                               used in Debug\main.o
_GPIO_WriteLow                      ********   *** removed from Debug\stm8s_gpio.o ***
_GPIO_WriteReverse                  0000834c   defined in Debug\stm8s_gpio.o section .text
                                               used in Debug\main.o
_HSIDivFactor                       00008080   defined in Debug\stm8s_clk.o section .const
_I2C_AcknowledgeConfig              000085d0   defined in Debug\stm8s_i2c.o section .text
_I2C_CheckEvent                     ********   *** removed from Debug\stm8s_i2c.o ***
_I2C_ClearFlag                      ********   *** removed from Debug\stm8s_i2c.o ***
_I2C_ClearITPendingBit              ********   *** removed from Debug\stm8s_i2c.o ***
_I2C_Cmd                            0000857a   defined in Debug\stm8s_i2c.o section .text
                                               used in Debug\i2c_master_poll.o
_I2C_Config                         00009096   defined in Debug\i2c_master_poll.o section .text
                                               used in Debug\main.o
_I2C_DeInit                         00008353   defined in Debug\stm8s_i2c.o section .text
                                               used in Debug\i2c_master_poll.o
_I2C_FastModeDutyCycleConfig        ********   *** removed from Debug\stm8s_i2c.o ***
_I2C_GeneralCallCmd                 ********   *** removed from Debug\stm8s_i2c.o ***
_I2C_GenerateSTART                  ********   *** removed from Debug\stm8s_i2c.o ***
_I2C_GenerateSTOP                   ********   *** removed from Debug\stm8s_i2c.o ***
_I2C_GetFlagStatus                  ********   *** removed from Debug\stm8s_i2c.o ***
_I2C_GetITStatus                    ********   *** removed from Debug\stm8s_i2c.o ***
_I2C_GetLastEvent                   ********   *** removed from Debug\stm8s_i2c.o ***
_I2C_ITConfig                       ********   *** removed from Debug\stm8s_i2c.o ***
_I2C_Init                           00008378   defined in Debug\stm8s_i2c.o section .text
                                               used in Debug\i2c_master_poll.o
_I2C_ReadBytes                      ********   *** removed from Debug\i2c_master_poll.o ***
_I2C_ReceiveData                    ********   *** removed from Debug\stm8s_i2c.o ***
_I2C_Send7bitAddress                ********   *** removed from Debug\stm8s_i2c.o ***
_I2C_SendData                       ********   *** removed from Debug\stm8s_i2c.o ***
_I2C_SoftwareResetCmd               000085a5   defined in Debug\stm8s_i2c.o section .text
                                               used in Debug\i2c_master_poll.o
_I2C_StretchClockCmd                ********   *** removed from Debug\stm8s_i2c.o ***
_I2C_WriteBytes                     00009108   defined in Debug\i2c_master_poll.o section .text
                                               used in Debug\i2c.o
_I2C_WriteReadBytes                 000091d7   defined in Debug\i2c_master_poll.o section .text
                                               used in Debug\i2c.o
_IIC_ErrorStr                       ********   *** removed from Debug\main.o ***
_ITC_DeInit                         ********   *** removed from Debug\stm8s_itc.o ***
_ITC_GetCPUCC                       ********   *** removed from Debug\stm8s_itc.o ***
_ITC_GetSoftIntStatus               ********   *** removed from Debug\stm8s_itc.o ***
_ITC_GetSoftwarePriority            ********   *** removed from Debug\stm8s_itc.o ***
_ITC_SetSoftwarePriority            ********   *** removed from Debug\stm8s_itc.o ***
_Init_Time4                         000095d2   defined in Debug\timer.o section .text
                                               used in Debug\main.o
_Init_uart2                         000096b6   defined in Debug\uart.o section .text
                                               used in Debug\main.o
_RST_ClearFlag                      ********   *** removed from Debug\stm8s_rst.o ***
_RST_GetFlagStatus                  ********   *** removed from Debug\stm8s_rst.o ***
_Sys_Time_Manage                    000095eb   defined in Debug\timer.o section .text
_TIM1_ARRPreloadConfig              ********   *** removed from Debug\stm8s_tim1.o ***
_TIM1_BDTRConfig                    ********   *** removed from Debug\stm8s_tim1.o ***
_TIM1_CCPreloadControl              ********   *** removed from Debug\stm8s_tim1.o ***
_TIM1_CCxCmd                        ********   *** removed from Debug\stm8s_tim1.o ***
_TIM1_CCxNCmd                       ********   *** removed from Debug\stm8s_tim1.o ***
_TIM1_ClearFlag                     ********   *** removed from Debug\stm8s_tim1.o ***
_TIM1_ClearITPendingBit             ********   *** removed from Debug\stm8s_tim1.o ***
_TIM1_Cmd                           ********   *** removed from Debug\stm8s_tim1.o ***
_TIM1_CounterModeConfig             ********   *** removed from Debug\stm8s_tim1.o ***
_TIM1_CtrlPWMOutputs                ********   *** removed from Debug\stm8s_tim1.o ***
_TIM1_DeInit                        ********   *** removed from Debug\stm8s_tim1.o ***
_TIM1_ETRClockMode1Config           ********   *** removed from Debug\stm8s_tim1.o ***
_TIM1_ETRClockMode2Config           ********   *** removed from Debug\stm8s_tim1.o ***
_TIM1_ETRConfig                     ********   *** removed from Debug\stm8s_tim1.o ***
_TIM1_EncoderInterfaceConfig        ********   *** removed from Debug\stm8s_tim1.o ***
_TIM1_ForcedOC1Config               ********   *** removed from Debug\stm8s_tim1.o ***
_TIM1_ForcedOC2Config               ********   *** removed from Debug\stm8s_tim1.o ***
_TIM1_ForcedOC3Config               ********   *** removed from Debug\stm8s_tim1.o ***
_TIM1_ForcedOC4Config               ********   *** removed from Debug\stm8s_tim1.o ***
_TIM1_GenerateEvent                 ********   *** removed from Debug\stm8s_tim1.o ***
_TIM1_GetCapture1                   ********   *** removed from Debug\stm8s_tim1.o ***
_TIM1_GetCapture2                   ********   *** removed from Debug\stm8s_tim1.o ***
_TIM1_GetCapture3                   ********   *** removed from Debug\stm8s_tim1.o ***
_TIM1_GetCapture4                   ********   *** removed from Debug\stm8s_tim1.o ***
_TIM1_GetCounter                    ********   *** removed from Debug\stm8s_tim1.o ***
_TIM1_GetFlagStatus                 ********   *** removed from Debug\stm8s_tim1.o ***
_TIM1_GetITStatus                   ********   *** removed from Debug\stm8s_tim1.o ***
_TIM1_GetPrescaler                  ********   *** removed from Debug\stm8s_tim1.o ***
_TIM1_ICInit                        ********   *** removed from Debug\stm8s_tim1.o ***
_TIM1_ITConfig                      ********   *** removed from Debug\stm8s_tim1.o ***
_TIM1_InternalClockConfig           ********   *** removed from Debug\stm8s_tim1.o ***
_TIM1_OC1FastConfig                 ********   *** removed from Debug\stm8s_tim1.o ***
_TIM1_OC1Init                       ********   *** removed from Debug\stm8s_tim1.o ***
_TIM1_OC1NPolarityConfig            ********   *** removed from Debug\stm8s_tim1.o ***
_TIM1_OC1PolarityConfig             ********   *** removed from Debug\stm8s_tim1.o ***
_TIM1_OC1PreloadConfig              ********   *** removed from Debug\stm8s_tim1.o ***
_TIM1_OC2FastConfig                 ********   *** removed from Debug\stm8s_tim1.o ***
_TIM1_OC2Init                       ********   *** removed from Debug\stm8s_tim1.o ***
_TIM1_OC2NPolarityConfig            ********   *** removed from Debug\stm8s_tim1.o ***
_TIM1_OC2PolarityConfig             ********   *** removed from Debug\stm8s_tim1.o ***
_TIM1_OC2PreloadConfig              ********   *** removed from Debug\stm8s_tim1.o ***
_TIM1_OC3FastConfig                 ********   *** removed from Debug\stm8s_tim1.o ***
_TIM1_OC3Init                       ********   *** removed from Debug\stm8s_tim1.o ***
_TIM1_OC3NPolarityConfig            ********   *** removed from Debug\stm8s_tim1.o ***
_TIM1_OC3PolarityConfig             ********   *** removed from Debug\stm8s_tim1.o ***
_TIM1_OC3PreloadConfig              ********   *** removed from Debug\stm8s_tim1.o ***
_TIM1_OC4FastConfig                 ********   *** removed from Debug\stm8s_tim1.o ***
_TIM1_OC4Init                       ********   *** removed from Debug\stm8s_tim1.o ***
_TIM1_OC4PolarityConfig             ********   *** removed from Debug\stm8s_tim1.o ***
_TIM1_OC4PreloadConfig              ********   *** removed from Debug\stm8s_tim1.o ***
_TIM1_PWMIConfig                    ********   *** removed from Debug\stm8s_tim1.o ***
_TIM1_PrescalerConfig               ********   *** removed from Debug\stm8s_tim1.o ***
_TIM1_SelectCOM                     ********   *** removed from Debug\stm8s_tim1.o ***
_TIM1_SelectHallSensor              ********   *** removed from Debug\stm8s_tim1.o ***
_TIM1_SelectInputTrigger            ********   *** removed from Debug\stm8s_tim1.o ***
_TIM1_SelectMasterSlaveMode         ********   *** removed from Debug\stm8s_tim1.o ***
_TIM1_SelectOCxM                    ********   *** removed from Debug\stm8s_tim1.o ***
_TIM1_SelectOnePulseMode            ********   *** removed from Debug\stm8s_tim1.o ***
_TIM1_SelectOutputTrigger           ********   *** removed from Debug\stm8s_tim1.o ***
_TIM1_SelectSlaveMode               ********   *** removed from Debug\stm8s_tim1.o ***
_TIM1_SetAutoreload                 ********   *** removed from Debug\stm8s_tim1.o ***
_TIM1_SetCompare1                   ********   *** removed from Debug\stm8s_tim1.o ***
_TIM1_SetCompare2                   ********   *** removed from Debug\stm8s_tim1.o ***
_TIM1_SetCompare3                   ********   *** removed from Debug\stm8s_tim1.o ***
_TIM1_SetCompare4                   ********   *** removed from Debug\stm8s_tim1.o ***
_TIM1_SetCounter                    ********   *** removed from Debug\stm8s_tim1.o ***
_TIM1_SetIC1Prescaler               ********   *** removed from Debug\stm8s_tim1.o ***
_TIM1_SetIC2Prescaler               ********   *** removed from Debug\stm8s_tim1.o ***
_TIM1_SetIC3Prescaler               ********   *** removed from Debug\stm8s_tim1.o ***
_TIM1_SetIC4Prescaler               ********   *** removed from Debug\stm8s_tim1.o ***
_TIM1_TIxExternalClockConfig        ********   *** removed from Debug\stm8s_tim1.o ***
_TIM1_TimeBaseInit                  ********   *** removed from Debug\stm8s_tim1.o ***
_TIM1_UpdateDisableConfig           ********   *** removed from Debug\stm8s_tim1.o ***
_TIM1_UpdateRequestConfig           ********   *** removed from Debug\stm8s_tim1.o ***
_TIM2_ARRPreloadConfig              ********   *** removed from Debug\stm8s_tim2.o ***
_TIM2_CCxCmd                        ********   *** removed from Debug\stm8s_tim2.o ***
_TIM2_ClearFlag                     ********   *** removed from Debug\stm8s_tim2.o ***
_TIM2_ClearITPendingBit             ********   *** removed from Debug\stm8s_tim2.o ***
_TIM2_Cmd                           ********   *** removed from Debug\stm8s_tim2.o ***
_TIM2_DeInit                        ********   *** removed from Debug\stm8s_tim2.o ***
_TIM2_ForcedOC1Config               ********   *** removed from Debug\stm8s_tim2.o ***
_TIM2_ForcedOC2Config               ********   *** removed from Debug\stm8s_tim2.o ***
_TIM2_ForcedOC3Config               ********   *** removed from Debug\stm8s_tim2.o ***
_TIM2_GenerateEvent                 ********   *** removed from Debug\stm8s_tim2.o ***
_TIM2_GetCapture1                   ********   *** removed from Debug\stm8s_tim2.o ***
_TIM2_GetCapture2                   ********   *** removed from Debug\stm8s_tim2.o ***
_TIM2_GetCapture3                   ********   *** removed from Debug\stm8s_tim2.o ***
_TIM2_GetCounter                    ********   *** removed from Debug\stm8s_tim2.o ***
_TIM2_GetFlagStatus                 ********   *** removed from Debug\stm8s_tim2.o ***
_TIM2_GetITStatus                   ********   *** removed from Debug\stm8s_tim2.o ***
_TIM2_GetPrescaler                  ********   *** removed from Debug\stm8s_tim2.o ***
_TIM2_ICInit                        ********   *** removed from Debug\stm8s_tim2.o ***
_TIM2_ITConfig                      ********   *** removed from Debug\stm8s_tim2.o ***
_TIM2_OC1Init                       ********   *** removed from Debug\stm8s_tim2.o ***
_TIM2_OC1PolarityConfig             ********   *** removed from Debug\stm8s_tim2.o ***
_TIM2_OC1PreloadConfig              ********   *** removed from Debug\stm8s_tim2.o ***
_TIM2_OC2Init                       ********   *** removed from Debug\stm8s_tim2.o ***
_TIM2_OC2PolarityConfig             ********   *** removed from Debug\stm8s_tim2.o ***
_TIM2_OC2PreloadConfig              ********   *** removed from Debug\stm8s_tim2.o ***
_TIM2_OC3Init                       ********   *** removed from Debug\stm8s_tim2.o ***
_TIM2_OC3PolarityConfig             ********   *** removed from Debug\stm8s_tim2.o ***
_TIM2_OC3PreloadConfig              ********   *** removed from Debug\stm8s_tim2.o ***
_TIM2_PWMIConfig                    ********   *** removed from Debug\stm8s_tim2.o ***
_TIM2_PrescalerConfig               ********   *** removed from Debug\stm8s_tim2.o ***
_TIM2_SelectOCxM                    ********   *** removed from Debug\stm8s_tim2.o ***
_TIM2_SelectOnePulseMode            ********   *** removed from Debug\stm8s_tim2.o ***
_TIM2_SetAutoreload                 ********   *** removed from Debug\stm8s_tim2.o ***
_TIM2_SetCompare1                   ********   *** removed from Debug\stm8s_tim2.o ***
_TIM2_SetCompare2                   ********   *** removed from Debug\stm8s_tim2.o ***
_TIM2_SetCompare3                   ********   *** removed from Debug\stm8s_tim2.o ***
_TIM2_SetCounter                    ********   *** removed from Debug\stm8s_tim2.o ***
_TIM2_SetIC1Prescaler               ********   *** removed from Debug\stm8s_tim2.o ***
_TIM2_SetIC2Prescaler               ********   *** removed from Debug\stm8s_tim2.o ***
_TIM2_SetIC3Prescaler               ********   *** removed from Debug\stm8s_tim2.o ***
_TIM2_TimeBaseInit                  ********   *** removed from Debug\stm8s_tim2.o ***
_TIM2_UpdateDisableConfig           ********   *** removed from Debug\stm8s_tim2.o ***
_TIM2_UpdateRequestConfig           ********   *** removed from Debug\stm8s_tim2.o ***
_TIM4_ARRPreloadConfig              ********   *** removed from Debug\stm8s_tim4.o ***
_TIM4_ClearFlag                     ********   *** removed from Debug\stm8s_tim4.o ***
_TIM4_ClearITPendingBit             ********   *** removed from Debug\stm8s_tim4.o ***
_TIM4_Cmd                           ********   *** removed from Debug\stm8s_tim4.o ***
_TIM4_DeInit                        ********   *** removed from Debug\stm8s_tim4.o ***
_TIM4_GenerateEvent                 ********   *** removed from Debug\stm8s_tim4.o ***
_TIM4_GetCounter                    ********   *** removed from Debug\stm8s_tim4.o ***
_TIM4_GetFlagStatus                 ********   *** removed from Debug\stm8s_tim4.o ***
_TIM4_GetITStatus                   ********   *** removed from Debug\stm8s_tim4.o ***
_TIM4_GetPrescaler                  ********   *** removed from Debug\stm8s_tim4.o ***
_TIM4_ITConfig                      ********   *** removed from Debug\stm8s_tim4.o ***
_TIM4_PrescalerConfig               ********   *** removed from Debug\stm8s_tim4.o ***
_TIM4_SelectOnePulseMode            ********   *** removed from Debug\stm8s_tim4.o ***
_TIM4_SetAutoreload                 ********   *** removed from Debug\stm8s_tim4.o ***
_TIM4_SetCounter                    ********   *** removed from Debug\stm8s_tim4.o ***
_TIM4_TimeBaseInit                  ********   *** removed from Debug\stm8s_tim4.o ***
_TIM4_UpdateDisableConfig           ********   *** removed from Debug\stm8s_tim4.o ***
_TIM4_UpdateRequestConfig           ********   *** removed from Debug\stm8s_tim4.o ***
_TIM4_tout                          00000154   defined in Debug\i2c_master_poll.o section .bss
                                               used in Debug\timer.o
_UART1Flag1_                        00000551   defined in Debug\uart.o section .bss
_UART1Flag2_                        00000550   defined in Debug\uart.o section .bss
                                               used in Debug\main.o
_UART1Flag3_                        0000054f   defined in Debug\uart.o section .bss
_UART1Flag4_                        0000054e   defined in Debug\uart.o section .bss
_UART1Flag5_                        0000054d   defined in Debug\uart.o section .bss
_UART1Flag6_                        0000054c   defined in Debug\uart.o section .bss
_UART2_ClearFlag                    ********   *** removed from Debug\stm8s_uart2.o ***
_UART2_ClearITPendingBit            ********   *** removed from Debug\stm8s_uart2.o ***
_UART2_Cmd                          0000888f   defined in Debug\stm8s_uart2.o section .text
                                               used in Debug\uart.o
_UART2_DeInit                       0000860f   defined in Debug\stm8s_uart2.o section .text
                                               used in Debug\uart.o
_UART2_GetFlagStatus                ********   *** removed from Debug\stm8s_uart2.o ***
_UART2_GetITStatus                  ********   *** removed from Debug\stm8s_uart2.o ***
_UART2_ITConfig                     0000889d   defined in Debug\stm8s_uart2.o section .text
                                               used in Debug\uart.o
_UART2_Init                         00008638   defined in Debug\stm8s_uart2.o section .text
                                               used in Debug\uart.o
_UART2_IrDACmd                      ********   *** removed from Debug\stm8s_uart2.o ***
_UART2_IrDAConfig                   ********   *** removed from Debug\stm8s_uart2.o ***
_UART2_LINBreakDetectionConfig      ********   *** removed from Debug\stm8s_uart2.o ***
_UART2_LINCmd                       ********   *** removed from Debug\stm8s_uart2.o ***
_UART2_LINConfig                    ********   *** removed from Debug\stm8s_uart2.o ***
_UART2_RX_ISR                       0000972b   defined in Debug\uart.o section .text
                                               used in Debug\stm8_interrupt_vector.o
_UART2_ReceiveData8                 ********   *** removed from Debug\stm8s_uart2.o ***
_UART2_ReceiveData9                 ********   *** removed from Debug\stm8s_uart2.o ***
_UART2_ReceiverWakeUpCmd            ********   *** removed from Debug\stm8s_uart2.o ***
_UART2_SendBreak                    ********   *** removed from Debug\stm8s_uart2.o ***
_UART2_SendData8                    ********   *** removed from Debug\stm8s_uart2.o ***
_UART2_SendData9                    ********   *** removed from Debug\stm8s_uart2.o ***
_UART2_Send_Buf                     000001d1   defined in Debug\uart.o section .bss
_UART2_SetAddress                   ********   *** removed from Debug\stm8s_uart2.o ***
_UART2_SetGuardTime                 ********   *** removed from Debug\stm8s_uart2.o ***
_UART2_SetPrescaler                 ********   *** removed from Debug\stm8s_uart2.o ***
_UART2_SmartCardCmd                 ********   *** removed from Debug\stm8s_uart2.o ***
_UART2_SmartCardNACKCmd             ********   *** removed from Debug\stm8s_uart2.o ***
_UART2_TX_ISR                       00009705   defined in Debug\uart.o section .text
                                               used in Debug\stm8_interrupt_vector.o
_UART2_WakeUpConfig                 ********   *** removed from Debug\stm8s_uart2.o ***
_Uart2_Rec_Cnt                      000001a5   defined in Debug\uart.o section .bss
_Uart2_Rece_Buf                     000001a6   defined in Debug\uart.o section .bss
_Uart2_Send                         000096e8   defined in Debug\uart.o section .text
_Uart2_Send_Cnt                     000001cf   defined in Debug\uart.o section .bss
_Uart2_Send_Done                    000001ce   defined in Debug\uart.o section .bss
_Uart2_Send_Length                  000001d0   defined in Debug\uart.o section .bss
__endmem                            000005ff   defined in command file
                                               *** not used ***
__endzp                             0000000a   defined in command file section .ubsct
                                               used in D:\Program Files (x86)\COSMIC\CXSTM8\Lib\crtsi0.sm8
__idesc__                           0000818f   defined in linker section .init
                                               used in D:\Program Files (x86)\COSMIC\CXSTM8\Lib\crtsi0.sm8
__memory                            00000552   defined in command file section .bss
                                               used in D:\Program Files (x86)\COSMIC\CXSTM8\Lib\crtsi0.sm8
__stack                             000007ff   defined in command file
                                               used in D:\Program Files (x86)\COSMIC\CXSTM8\Lib\crtsi0.sm8
__startmem                          00000552   defined in command file section .bss
                                               *** not used ***
__stext                             00008199   defined in D:\Program Files (x86)\COSMIC\CXSTM8\Lib\crtsi0.sm8 section .text
                                               used in Debug\stm8_interrupt_vector.o
__vectab                            00008000   defined in Debug\stm8_interrupt_vector.o section .const
_action_dimmer_MDID                 00000104   defined in Debug\i2c.o section .bss
                                               used in Debug\main.o
_action_dimmer_ext                  00000103   defined in Debug\i2c.o section .bss
                                               used in Debug\main.o Debug\uart.o
_assert_failed                      000095d0   defined in Debug\main.o section .text
                                               used in Debug\stm8s_clk.o
                                                       Debug\stm8s_exti.o
                                                       Debug\stm8s_gpio.o
                                                       Debug\stm8s_i2c.o
                                                       Debug\stm8s_itc.o
                                                       Debug\stm8s_rst.o
                                                       Debug\stm8s_tim1.o
                                                       Debug\stm8s_tim2.o
                                                       Debug\stm8s_tim4.o
                                                       Debug\stm8s_uart2.o
_check_send_repeatedly              0000a447   defined in Debug\uart.o section .text
                                               used in Debug\main.o
_clear_uart_buf                     000098b3   defined in Debug\uart.o section .text
_delay                              0000968c   defined in Debug\uart.o section .text
                                               used in Debug\i2c.o
                                                       Debug\i2c_master_poll.o
                                                       Debug\main.o
_device_flag                        00000114   defined in Debug\i2c.o section .bss
_di_timeout                         00000178   defined in Debug\uart.o section .bss
_exit                               000081e2   defined in D:\Program Files (x86)\COSMIC\CXSTM8\Lib\crtsi0.sm8 section .text
_hb_fail_mdid_cnt                   00000105   defined in Debug\i2c.o section .bss
_i2c_action_plug                    00008f41   defined in Debug\i2c.o section .text
                                               used in Debug\uart.o
_i2c_device_info                    00008a69   defined in Debug\i2c.o section .text
                                               used in Debug\main.o
_i2c_get_energy_consum              00008d93   defined in Debug\i2c.o section .text
                                               used in Debug\uart.o
_i2c_heartbeat                      00008be8   defined in Debug\i2c.o section .text
                                               used in Debug\main.o
_i2c_multiple_action_dimmer         00008fec   defined in Debug\i2c.o section .text
                                               used in Debug\uart.o
_i2c_multiple_action_plug           00009041   defined in Debug\i2c.o section .text
                                               used in Debug\uart.o
_i2c_rx_buf                         00000117   defined in Debug\i2c.o section .bss
_i2c_rx_len                         00000116   defined in Debug\i2c.o section .bss
_i2c_send_message                   00008998   defined in Debug\i2c.o section .text
_i2c_single_action_dimmer           00008e42   defined in Debug\i2c.o section .text
                                               used in Debug\uart.o
_i2c_single_action_dimmer_result    00008ea8   defined in Debug\i2c.o section .text
                                               used in Debug\main.o
_i2c_tx_buf                         00000136   defined in Debug\i2c.o section .bss
_i2c_tx_len                         00000135   defined in Debug\i2c.o section .bss
_init_slc_spc_done                  0000016b   defined in Debug\main.o section .bss
                                               used in Debug\uart.o
_main                               000094e2   defined in Debug\main.o section .text
                                               used in D:\Program Files (x86)\COSMIC\CXSTM8\Lib\crtsi0.sm8
_mal_timeout                        00000177   defined in Debug\uart.o section .bss
_mymemcpy                           00009653   defined in Debug\uart.o section .text
                                               used in Debug\i2c.o
_ns_host_meshid_H                   00000202   defined in Debug\uart.o section .bss
                                               used in Debug\main.o
_ns_host_meshid_L                   00000201   defined in Debug\uart.o section .bss
                                               used in Debug\main.o
_ns_own_meshid_H                    00000204   defined in Debug\uart.o section .bss
_ns_own_meshid_L                    00000203   defined in Debug\uart.o section .bss
_ns_phonenum                        00000205   defined in Debug\uart.o section .bss
_ns_signal                          00000207   defined in Debug\uart.o section .bss
_ns_status                          00000206   defined in Debug\uart.o section .bss
_random                             ********   *** removed from Debug\uart.o ***
_read_buffer                        00000157   defined in Debug\main.o section .bss
_report_energy_consum               0000a046   defined in Debug\uart.o section .text
                                               used in Debug\main.o
_rev_ad_channel                     000001fb   defined in Debug\uart.o section .bss
_rev_ad_mdid                        000001fc   defined in Debug\uart.o section .bss
                                               used in Debug\main.o
_rev_ad_mesh_id_H                   000001fa   defined in Debug\uart.o section .bss
_rev_ad_mesh_id_L                   000001f9   defined in Debug\uart.o section .bss
_rev_ad_message_id                  000001fd   defined in Debug\uart.o section .bss
                                               used in Debug\main.o
_rev_anaylze                        000098d0   defined in Debug\uart.o section .text
                                               used in Debug\main.o
_rev_cmd_data                       00009f51   defined in Debug\uart.o section .text
_rev_deal                           00009778   defined in Debug\uart.o section .text
_rev_mesh_id_H                      000001ff   defined in Debug\uart.o section .bss
_rev_mesh_id_L                      000001fe   defined in Debug\uart.o section .bss
_rev_message_id                     00000200   defined in Debug\uart.o section .bss
_sc                                 00000208   defined in Debug\uart.o section .bss
                                               used in Debug\i2c.o Debug\main.o
_scan_device                        00008a1f   defined in Debug\i2c.o section .text
                                               used in Debug\main.o
_send_device_info                   0000a2d4   defined in Debug\uart.o section .text
                                               used in Debug\main.o
_send_failed_count                  00000179   defined in Debug\uart.o section .bss
_send_fault_count                   0000017b   defined in Debug\uart.o section .bss
_send_malfunction                   0000a32a   defined in Debug\uart.o section .text
                                               used in Debug\main.o
_send_sc_device_info                0000a17b   defined in Debug\uart.o section .text
_send_slc_device_info               0000a1cc   defined in Debug\uart.o section .text
_send_spc_device_info               0000a250   defined in Debug\uart.o section .text
_sicp_buf                           0000017d   defined in Debug\uart.o section .bss
                                               used in Debug\i2c.o
_sicp_receipt_Done                  00009e5f   defined in Debug\uart.o section .text
                                               used in Debug\main.o
_sicp_receipt_OK                    00009e34   defined in Debug\uart.o section .text
_sicp_send_message                  00009dc7   defined in Debug\uart.o section .text
_sys_init                           000093d1   defined in Debug\main.o section .text
                                               used in Debug\uart.o
_systime_count                      0000016c   defined in Debug\timer.o section .bss
                                               used in Debug\uart.o
_test                               00000102   defined in Debug\i2c.o section .bss
_tick_5s                            00000156   defined in Debug\main.o section .bss
_write_buffer                       00000161   defined in Debug\main.o section .bss
c_divsl                             0000a5d7   defined in (D:\Program Files (x86)\COSMIC\CXSTM8\Lib\libm0.sm8)ldiv.o section .text
                                               *** not used ***
c_divul                             0000a5ee   defined in (D:\Program Files (x86)\COSMIC\CXSTM8\Lib\libm0.sm8)ldiv.o section .text
                                               used in (D:\Program Files (x86)\COSMIC\CXSTM8\Lib\libm0.sm8)ludiv.o
c_lcmp                              0000a4b6   defined in (D:\Program Files (x86)\COSMIC\CXSTM8\Lib\libm0.sm8)lcmp.o section .text
                                               used in Debug\stm8s_i2c.o
                                                       Debug\stm8s_uart2.o
c_lgneg                             0000a6c2   defined in (D:\Program Files (x86)\COSMIC\CXSTM8\Lib\libm0.sm8)lgneg.o section .text
                                               used in (D:\Program Files (x86)\COSMIC\CXSTM8\Lib\libm0.sm8)ldiv.o
c_lgsbc                             0000a4d6   defined in (D:\Program Files (x86)\COSMIC\CXSTM8\Lib\libm0.sm8)lgsbc.o section .text
                                               used in Debug\uart.o
c_llsh                              0000a4ec   defined in (D:\Program Files (x86)\COSMIC\CXSTM8\Lib\libm0.sm8)llsh.o section .text
                                               used in Debug\stm8s_uart2.o
c_lmul                              0000a4fb   defined in (D:\Program Files (x86)\COSMIC\CXSTM8\Lib\libm0.sm8)lmul.o section .text
                                               used in Debug\stm8s_i2c.o
                                                       (D:\Program Files (x86)\COSMIC\CXSTM8\Lib\libisl0.sm8)rand.o
c_lmulc                             0000a503   defined in (D:\Program Files (x86)\COSMIC\CXSTM8\Lib\libm0.sm8)lmul.o section .text
                                               *** not used ***
c_lneg                              0000a6d5   defined in (D:\Program Files (x86)\COSMIC\CXSTM8\Lib\libm0.sm8)lneg.o section .text
                                               used in (D:\Program Files (x86)\COSMIC\CXSTM8\Lib\libm0.sm8)ldiv.o
c_lreg                              00000000   defined in (D:\Program Files (x86)\COSMIC\CXSTM8\Lib\libm0.sm8)lreg.o section .ubsct
                                               used in Debug\stm8s_clk.o
                                                       Debug\stm8s_i2c.o
                                                       Debug\stm8s_uart2.o
                                                       Debug\i2c.o
                                                       Debug\i2c_master_poll.o
                                                       Debug\uart.o
                                                       (D:\Program Files (x86)\COSMIC\CXSTM8\Lib\libm0.sm8)itolx.o
                                                       (D:\Program Files (x86)\COSMIC\CXSTM8\Lib\libm0.sm8)ladd.o
                                                       (D:\Program Files (x86)\COSMIC\CXSTM8\Lib\libm0.sm8)lcmp.o
                                                       (D:\Program Files (x86)\COSMIC\CXSTM8\Lib\libm0.sm8)llsh.o
                                                       (D:\Program Files (x86)\COSMIC\CXSTM8\Lib\libm0.sm8)lmul.o
                                                       (D:\Program Files (x86)\COSMIC\CXSTM8\Lib\libm0.sm8)lrzmp.o
                                                       (D:\Program Files (x86)\COSMIC\CXSTM8\Lib\libm0.sm8)lsub.o
                                                       (D:\Program Files (x86)\COSMIC\CXSTM8\Lib\libm0.sm8)ltor.o
                                                       (D:\Program Files (x86)\COSMIC\CXSTM8\Lib\libm0.sm8)ldiv.o
                                                       (D:\Program Files (x86)\COSMIC\CXSTM8\Lib\libm0.sm8)lneg.o
                                                       (D:\Program Files (x86)\COSMIC\CXSTM8\Lib\libm0.sm8)lursh.o
                                                       (D:\Program Files (x86)\COSMIC\CXSTM8\Lib\libm0.sm8)rtol.o
                                                       (D:\Program Files (x86)\COSMIC\CXSTM8\Lib\libm0.sm8)smul.o
c_lrzmp                             0000a586   defined in (D:\Program Files (x86)\COSMIC\CXSTM8\Lib\libm0.sm8)lrzmp.o section .text
                                               used in Debug\uart.o
c_lsub                              0000a599   defined in (D:\Program Files (x86)\COSMIC\CXSTM8\Lib\libm0.sm8)lsub.o section .text
                                               used in Debug\stm8s_uart2.o
c_ltor                              0000a5b1   defined in (D:\Program Files (x86)\COSMIC\CXSTM8\Lib\libm0.sm8)ltor.o section .text
                                               used in Debug\stm8s_clk.o
                                                       Debug\stm8s_i2c.o
                                                       Debug\stm8s_uart2.o
                                                       Debug\uart.o
                                                       (D:\Program Files (x86)\COSMIC\CXSTM8\Lib\libisl0.sm8)rand.o
c_ludv                              0000a5c3   defined in (D:\Program Files (x86)\COSMIC\CXSTM8\Lib\libm0.sm8)ludiv.o section .text
                                               used in Debug\stm8s_clk.o
                                                       Debug\stm8s_i2c.o
                                                       Debug\stm8s_uart2.o
                                                       Debug\i2c_master_poll.o
c_lursh                             0000a6ea   defined in (D:\Program Files (x86)\COSMIC\CXSTM8\Lib\libm0.sm8)lursh.o section .text
                                               used in Debug\stm8s_uart2.o
c_lzmp                              0000a6f9   defined in (D:\Program Files (x86)\COSMIC\CXSTM8\Lib\libm0.sm8)lzmp.o section .text
                                               used in Debug\stm8s_i2c.o
c_rtol                              0000a70b   defined in (D:\Program Files (x86)\COSMIC\CXSTM8\Lib\libm0.sm8)rtol.o section .text
                                               used in Debug\stm8s_clk.o
                                                       Debug\stm8s_i2c.o
                                                       Debug\stm8s_uart2.o
                                                       (D:\Program Files (x86)\COSMIC\CXSTM8\Lib\libisl0.sm8)rand.o
c_sdivx                             0000a723   defined in (D:\Program Files (x86)\COSMIC\CXSTM8\Lib\libm0.sm8)sdivx.o section .text
                                               used in Debug\stm8s_i2c.o
c_smodx                             0000a71d   defined in (D:\Program Files (x86)\COSMIC\CXSTM8\Lib\libm0.sm8)sdivx.o section .text
                                               *** not used ***
c_smul                              0000a748   defined in (D:\Program Files (x86)\COSMIC\CXSTM8\Lib\libm0.sm8)smul.o section .text
                                               used in Debug\stm8s_i2c.o
                                                       Debug\stm8s_uart2.o
c_x                                 00000004   defined in (D:\Program Files (x86)\COSMIC\CXSTM8\Lib\libm0.sm8)xreg.o section .ubsct
                                               used in D:\Program Files (x86)\COSMIC\CXSTM8\Lib\crtsi0.sm8
                                                       Debug\i2c_master_poll.o
                                                       Debug\timer.o Debug\uart.o
                                                       (D:\Program Files (x86)\COSMIC\CXSTM8\Lib\libm0.sm8)lmul.o
                                                       (D:\Program Files (x86)\COSMIC\CXSTM8\Lib\libm0.sm8)ldiv.o
                                                       (D:\Program Files (x86)\COSMIC\CXSTM8\Lib\libm0.sm8)sdivx.o
c_y                                 00000007   defined in (D:\Program Files (x86)\COSMIC\CXSTM8\Lib\libm0.sm8)yreg.o section .ubsct
                                               used in D:\Program Files (x86)\COSMIC\CXSTM8\Lib\crtsi0.sm8
                                                       Debug\i2c.o
                                                       Debug\i2c_master_poll.o
                                                       Debug\timer.o Debug\uart.o
f_ADC1_IRQHandler                   ********   *** removed from Debug\stm8s_it.o ***
f_AWU_IRQHandler                    ********   *** removed from Debug\stm8s_it.o ***
f_CLK_IRQHandler                    ********   *** removed from Debug\stm8s_it.o ***
f_EEPROM_EEC_IRQHandler             ********   *** removed from Debug\stm8s_it.o ***
f_EXTI_PORTA_IRQHandler             ********   *** removed from Debug\stm8s_it.o ***
f_EXTI_PORTB_IRQHandler             ********   *** removed from Debug\stm8s_it.o ***
f_EXTI_PORTC_IRQHandler             ********   *** removed from Debug\stm8s_it.o ***
f_EXTI_PORTD_IRQHandler             ********   *** removed from Debug\stm8s_it.o ***
f_EXTI_PORTE_IRQHandler             ********   *** removed from Debug\stm8s_it.o ***
f_I2C_error_Interrupt_Handler       000093b5   defined in Debug\i2c_master_poll.o section .text
                                               used in Debug\stm8_interrupt_vector.o
f_NonHandledInterrupt               0000a787   defined in Debug\stm8_interrupt_vector.o section .text
f_SPI_IRQHandler                    ********   *** removed from Debug\stm8s_it.o ***
f_TIM1_CAP_COM_IRQHandler           ********   *** removed from Debug\stm8s_it.o ***
f_TIM1_UPD_OVF_TRG_BRK_IRQHandler   ********   *** removed from Debug\stm8s_it.o ***
f_TIM2_CAP_COM_IRQHandler           ********   *** removed from Debug\stm8s_it.o ***
f_TIM2_UPD_OVF_BRK_IRQHandler       ********   *** removed from Debug\stm8s_it.o ***
f_TIM3_CAP_COM_IRQHandler           ********   *** removed from Debug\stm8s_it.o ***
f_TIM3_UPD_OVF_BRK_IRQHandler       ********   *** removed from Debug\stm8s_it.o ***
f_TIM4InterruptHandle               0000961e   defined in Debug\timer.o section .text
                                               used in Debug\stm8_interrupt_vector.o
f_TLI_IRQHandler                    ********   *** removed from Debug\stm8s_it.o ***
f_TRAP_IRQHandler                   ********   *** removed from Debug\stm8s_it.o ***
f_UART2_RX_IRQHandler               ********   *** removed from Debug\stm8s_it.o ***
f_UART2_TX_IRQHandler               ********   *** removed from Debug\stm8s_it.o ***
